<!doctype html public "-//w3c//dtd html 4.0 transitional//en">
<html><head>
<title>Static Call Graph - [SensorProj\SensorProj.axf]</title></head>
<body><HR>
<H1>Static Call Graph for image SensorProj\SensorProj.axf</H1><HR>
<BR><P>#&#060CALLGRAPH&#062# ARM Linker, 6160001: Last Updated: Fri Apr 24 19:40:31 2026
<BR><P>
<H3>Maximum Stack Usage =       1648 bytes + Unknown(Cycles, Untraceable Function Pointers)</H3><H3>
Call chain for Maximum Stack Depth:</H3>
main &rArr; FatFs_SD_RunPhaseBSmokeTest &rArr; f_open &rArr; dir_register &rArr; dir_next &rArr; create_chain &rArr; put_fat &rArr; disk_write &rArr; SD_disk_write &rArr; HAL_SD_WriteBlocks &rArr; SDMMC_ConfigData
<P>
<H3>
Mutually Recursive functions
</H3> <LI><a href="#[6]">SecureFault_Handler</a>&nbsp;&nbsp;&nbsp;&rArr;&nbsp;&nbsp;&nbsp;<a href="#[6]">SecureFault_Handler</a><BR>
 <LI><a href="#[2f]">ADC1_IRQHandler</a>&nbsp;&nbsp;&nbsp;&rArr;&nbsp;&nbsp;&nbsp;<a href="#[2f]">ADC1_IRQHandler</a><BR>
 <LI><a href="#[4]">BusFault_Handler</a>&nbsp;&nbsp;&nbsp;&rArr;&nbsp;&nbsp;&nbsp;<a href="#[4]">BusFault_Handler</a><BR>
 <LI><a href="#[2]">HardFault_Handler</a>&nbsp;&nbsp;&nbsp;&rArr;&nbsp;&nbsp;&nbsp;<a href="#[2]">HardFault_Handler</a><BR>
 <LI><a href="#[3]">MemManage_Handler</a>&nbsp;&nbsp;&nbsp;&rArr;&nbsp;&nbsp;&nbsp;<a href="#[3]">MemManage_Handler</a><BR>
 <LI><a href="#[1]">NMI_Handler</a>&nbsp;&nbsp;&nbsp;&rArr;&nbsp;&nbsp;&nbsp;<a href="#[1]">NMI_Handler</a><BR>
 <LI><a href="#[5]">UsageFault_Handler</a>&nbsp;&nbsp;&nbsp;&rArr;&nbsp;&nbsp;&nbsp;<a href="#[5]">UsageFault_Handler</a><BR>
</UL>
<P>
<H3>
Function Pointers
</H3><UL>
 <LI><a href="#[2f]">ADC1_IRQHandler</a> from startup_stm32u575xx.o(.text) referenced from startup_stm32u575xx.o(RESET)
 <LI><a href="#[77]">ADC4_IRQHandler</a> from startup_stm32u575xx.o(.text) referenced from startup_stm32u575xx.o(RESET)
 <LI><a href="#[76]">ADF1_IRQHandler</a> from startup_stm32u575xx.o(.text) referenced from startup_stm32u575xx.o(RESET)
 <LI><a href="#[4]">BusFault_Handler</a> from stm32u5xx_it.o(.text.BusFault_Handler) referenced from startup_stm32u575xx.o(RESET)
 <LI><a href="#[52]">COMP_IRQHandler</a> from startup_stm32u575xx.o(.text) referenced from startup_stm32u575xx.o(RESET)
 <LI><a href="#[81]">CORDIC_IRQHandler</a> from startup_stm32u575xx.o(.text) referenced from startup_stm32u575xx.o(RESET)
 <LI><a href="#[54]">CRS_IRQHandler</a> from startup_stm32u575xx.o(.text) referenced from startup_stm32u575xx.o(RESET)
 <LI><a href="#[30]">DAC1_IRQHandler</a> from startup_stm32u575xx.o(.text) referenced from startup_stm32u575xx.o(RESET)
 <LI><a href="#[75]">DCACHE1_IRQHandler</a> from startup_stm32u575xx.o(.text) referenced from startup_stm32u575xx.o(RESET)
 <LI><a href="#[7d]">DCMI_PSSI_IRQHandler</a> from startup_stm32u575xx.o(.text) referenced from startup_stm32u575xx.o(RESET)
 <LI><a href="#[7c]">DMA2D_IRQHandler</a> from startup_stm32u575xx.o(.text) referenced from startup_stm32u575xx.o(RESET)
 <LI><a href="#[8]">DebugMon_Handler</a> from stm32u5xx_it.o(.text.DebugMon_Handler) referenced from startup_stm32u575xx.o(RESET)
 <LI><a href="#[16]">EXTI0_IRQHandler</a> from startup_stm32u575xx.o(.text) referenced from startup_stm32u575xx.o(RESET)
 <LI><a href="#[20]">EXTI10_IRQHandler</a> from startup_stm32u575xx.o(.text) referenced from startup_stm32u575xx.o(RESET)
 <LI><a href="#[21]">EXTI11_IRQHandler</a> from startup_stm32u575xx.o(.text) referenced from startup_stm32u575xx.o(RESET)
 <LI><a href="#[22]">EXTI12_IRQHandler</a> from startup_stm32u575xx.o(.text) referenced from startup_stm32u575xx.o(RESET)
 <LI><a href="#[23]">EXTI13_IRQHandler</a> from startup_stm32u575xx.o(.text) referenced from startup_stm32u575xx.o(RESET)
 <LI><a href="#[24]">EXTI14_IRQHandler</a> from startup_stm32u575xx.o(.text) referenced from startup_stm32u575xx.o(RESET)
 <LI><a href="#[25]">EXTI15_IRQHandler</a> from startup_stm32u575xx.o(.text) referenced from startup_stm32u575xx.o(RESET)
 <LI><a href="#[17]">EXTI1_IRQHandler</a> from startup_stm32u575xx.o(.text) referenced from startup_stm32u575xx.o(RESET)
 <LI><a href="#[18]">EXTI2_IRQHandler</a> from startup_stm32u575xx.o(.text) referenced from startup_stm32u575xx.o(RESET)
 <LI><a href="#[19]">EXTI3_IRQHandler</a> from startup_stm32u575xx.o(.text) referenced from startup_stm32u575xx.o(RESET)
 <LI><a href="#[1a]">EXTI4_IRQHandler</a> from startup_stm32u575xx.o(.text) referenced from startup_stm32u575xx.o(RESET)
 <LI><a href="#[1b]">EXTI5_IRQHandler</a> from startup_stm32u575xx.o(.text) referenced from startup_stm32u575xx.o(RESET)
 <LI><a href="#[1c]">EXTI6_IRQHandler</a> from startup_stm32u575xx.o(.text) referenced from startup_stm32u575xx.o(RESET)
 <LI><a href="#[1d]">EXTI7_IRQHandler</a> from startup_stm32u575xx.o(.text) referenced from startup_stm32u575xx.o(RESET)
 <LI><a href="#[1e]">EXTI8_IRQHandler</a> from startup_stm32u575xx.o(.text) referenced from startup_stm32u575xx.o(RESET)
 <LI><a href="#[1f]">EXTI9_IRQHandler</a> from startup_stm32u575xx.o(.text) referenced from startup_stm32u575xx.o(RESET)
 <LI><a href="#[31]">FDCAN1_IT0_IRQHandler</a> from startup_stm32u575xx.o(.text) referenced from startup_stm32u575xx.o(RESET)
 <LI><a href="#[32]">FDCAN1_IT1_IRQHandler</a> from startup_stm32u575xx.o(.text) referenced from startup_stm32u575xx.o(RESET)
 <LI><a href="#[11]">FLASH_IRQHandler</a> from startup_stm32u575xx.o(.text) referenced from startup_stm32u575xx.o(RESET)
 <LI><a href="#[12]">FLASH_S_IRQHandler</a> from startup_stm32u575xx.o(.text) referenced from startup_stm32u575xx.o(RESET)
 <LI><a href="#[82]">FMAC_IRQHandler</a> from startup_stm32u575xx.o(.text) referenced from startup_stm32u575xx.o(RESET)
 <LI><a href="#[55]">FMC_IRQHandler</a> from startup_stm32u575xx.o(.text) referenced from startup_stm32u575xx.o(RESET)
 <LI><a href="#[68]">FPU_IRQHandler</a> from startup_stm32u575xx.o(.text) referenced from startup_stm32u575xx.o(RESET)
 <LI><a href="#[27]">GPDMA1_Channel0_IRQHandler</a> from startup_stm32u575xx.o(.text) referenced from startup_stm32u575xx.o(RESET)
 <LI><a href="#[5c]">GPDMA1_Channel10_IRQHandler</a> from startup_stm32u575xx.o(.text) referenced from startup_stm32u575xx.o(RESET)
 <LI><a href="#[5d]">GPDMA1_Channel11_IRQHandler</a> from startup_stm32u575xx.o(.text) referenced from startup_stm32u575xx.o(RESET)
 <LI><a href="#[5e]">GPDMA1_Channel12_IRQHandler</a> from startup_stm32u575xx.o(.text) referenced from startup_stm32u575xx.o(RESET)
 <LI><a href="#[5f]">GPDMA1_Channel13_IRQHandler</a> from startup_stm32u575xx.o(.text) referenced from startup_stm32u575xx.o(RESET)
 <LI><a href="#[60]">GPDMA1_Channel14_IRQHandler</a> from startup_stm32u575xx.o(.text) referenced from startup_stm32u575xx.o(RESET)
 <LI><a href="#[61]">GPDMA1_Channel15_IRQHandler</a> from startup_stm32u575xx.o(.text) referenced from startup_stm32u575xx.o(RESET)
 <LI><a href="#[28]">GPDMA1_Channel1_IRQHandler</a> from startup_stm32u575xx.o(.text) referenced from startup_stm32u575xx.o(RESET)
 <LI><a href="#[29]">GPDMA1_Channel2_IRQHandler</a> from startup_stm32u575xx.o(.text) referenced from startup_stm32u575xx.o(RESET)
 <LI><a href="#[2a]">GPDMA1_Channel3_IRQHandler</a> from startup_stm32u575xx.o(.text) referenced from startup_stm32u575xx.o(RESET)
 <LI><a href="#[2b]">GPDMA1_Channel4_IRQHandler</a> from startup_stm32u575xx.o(.text) referenced from startup_stm32u575xx.o(RESET)
 <LI><a href="#[2c]">GPDMA1_Channel5_IRQHandler</a> from startup_stm32u575xx.o(.text) referenced from startup_stm32u575xx.o(RESET)
 <LI><a href="#[2d]">GPDMA1_Channel6_IRQHandler</a> from startup_stm32u575xx.o(.text) referenced from startup_stm32u575xx.o(RESET)
 <LI><a href="#[2e]">GPDMA1_Channel7_IRQHandler</a> from startup_stm32u575xx.o(.text) referenced from startup_stm32u575xx.o(RESET)
 <LI><a href="#[5a]">GPDMA1_Channel8_IRQHandler</a> from startup_stm32u575xx.o(.text) referenced from startup_stm32u575xx.o(RESET)
 <LI><a href="#[5b]">GPDMA1_Channel9_IRQHandler</a> from startup_stm32u575xx.o(.text) referenced from startup_stm32u575xx.o(RESET)
 <LI><a href="#[13]">GTZC_IRQHandler</a> from startup_stm32u575xx.o(.text) referenced from startup_stm32u575xx.o(RESET)
 <LI><a href="#[69]">HASH_IRQHandler</a> from startup_stm32u575xx.o(.text) referenced from startup_stm32u575xx.o(RESET)
 <LI><a href="#[2]">HardFault_Handler</a> from stm32u5xx_it.o(.text.HardFault_Handler) referenced from startup_stm32u575xx.o(RESET)
 <LI><a href="#[42]">I2C1_ER_IRQHandler</a> from startup_stm32u575xx.o(.text) referenced from startup_stm32u575xx.o(RESET)
 <LI><a href="#[41]">I2C1_EV_IRQHandler</a> from startup_stm32u575xx.o(.text) referenced from startup_stm32u575xx.o(RESET)
 <LI><a href="#[44]">I2C2_ER_IRQHandler</a> from startup_stm32u575xx.o(.text) referenced from startup_stm32u575xx.o(RESET)
 <LI><a href="#[43]">I2C2_EV_IRQHandler</a> from startup_stm32u575xx.o(.text) referenced from startup_stm32u575xx.o(RESET)
 <LI><a href="#[63]">I2C3_ER_IRQHandler</a> from startup_stm32u575xx.o(.text) referenced from startup_stm32u575xx.o(RESET)
 <LI><a href="#[62]">I2C3_EV_IRQHandler</a> from startup_stm32u575xx.o(.text) referenced from startup_stm32u575xx.o(RESET)
 <LI><a href="#[6c]">I2C4_ER_IRQHandler</a> from startup_stm32u575xx.o(.text) referenced from startup_stm32u575xx.o(RESET)
 <LI><a href="#[6d]">I2C4_EV_IRQHandler</a> from startup_stm32u575xx.o(.text) referenced from startup_stm32u575xx.o(RESET)
 <LI><a href="#[73]">ICACHE_IRQHandler</a> from startup_stm32u575xx.o(.text) referenced from startup_stm32u575xx.o(RESET)
 <LI><a href="#[26]">IWDG_IRQHandler</a> from startup_stm32u575xx.o(.text) referenced from startup_stm32u575xx.o(RESET)
 <LI><a href="#[78]">LPDMA1_Channel0_IRQHandler</a> from startup_stm32u575xx.o(.text) referenced from startup_stm32u575xx.o(RESET)
 <LI><a href="#[79]">LPDMA1_Channel1_IRQHandler</a> from startup_stm32u575xx.o(.text) referenced from startup_stm32u575xx.o(RESET)
 <LI><a href="#[7a]">LPDMA1_Channel2_IRQHandler</a> from startup_stm32u575xx.o(.text) referenced from startup_stm32u575xx.o(RESET)
 <LI><a href="#[7b]">LPDMA1_Channel3_IRQHandler</a> from startup_stm32u575xx.o(.text) referenced from startup_stm32u575xx.o(RESET)
 <LI><a href="#[4d]">LPTIM1_IRQHandler</a> from startup_stm32u575xx.o(.text) referenced from startup_stm32u575xx.o(RESET)
 <LI><a href="#[4e]">LPTIM2_IRQHandler</a> from startup_stm32u575xx.o(.text) referenced from startup_stm32u575xx.o(RESET)
 <LI><a href="#[6a]">LPTIM3_IRQHandler</a> from startup_stm32u575xx.o(.text) referenced from startup_stm32u575xx.o(RESET)
 <LI><a href="#[74]">LPTIM4_IRQHandler</a> from startup_stm32u575xx.o(.text) referenced from startup_stm32u575xx.o(RESET)
 <LI><a href="#[4c]">LPUART1_IRQHandler</a> from startup_stm32u575xx.o(.text) referenced from startup_stm32u575xx.o(RESET)
 <LI><a href="#[83]">LSECSSD_IRQHandler</a> from startup_stm32u575xx.o(.text) referenced from startup_stm32u575xx.o(RESET)
 <LI><a href="#[6e]">MDF1_FLT0_IRQHandler</a> from startup_stm32u575xx.o(.text) referenced from startup_stm32u575xx.o(RESET)
 <LI><a href="#[6f]">MDF1_FLT1_IRQHandler</a> from startup_stm32u575xx.o(.text) referenced from startup_stm32u575xx.o(RESET)
 <LI><a href="#[70]">MDF1_FLT2_IRQHandler</a> from startup_stm32u575xx.o(.text) referenced from startup_stm32u575xx.o(RESET)
 <LI><a href="#[71]">MDF1_FLT3_IRQHandler</a> from startup_stm32u575xx.o(.text) referenced from startup_stm32u575xx.o(RESET)
 <LI><a href="#[7f]">MDF1_FLT4_IRQHandler</a> from startup_stm32u575xx.o(.text) referenced from startup_stm32u575xx.o(RESET)
 <LI><a href="#[80]">MDF1_FLT5_IRQHandler</a> from startup_stm32u575xx.o(.text) referenced from startup_stm32u575xx.o(RESET)
 <LI><a href="#[3]">MemManage_Handler</a> from stm32u5xx_it.o(.text.MemManage_Handler) referenced from startup_stm32u575xx.o(RESET)
 <LI><a href="#[1]">NMI_Handler</a> from stm32u5xx_it.o(.text.NMI_Handler) referenced from startup_stm32u575xx.o(RESET)
 <LI><a href="#[56]">OCTOSPI1_IRQHandler</a> from startup_stm32u575xx.o(.text) referenced from startup_stm32u575xx.o(RESET)
 <LI><a href="#[7e]">OCTOSPI2_IRQHandler</a> from startup_stm32u575xx.o(.text) referenced from startup_stm32u575xx.o(RESET)
 <LI><a href="#[53]">OTG_FS_IRQHandler</a> from stm32u5xx_it.o(.text.OTG_FS_IRQHandler) referenced from startup_stm32u575xx.o(RESET)
 <LI><a href="#[c]">PVD_PVM_IRQHandler</a> from startup_stm32u575xx.o(.text) referenced from startup_stm32u575xx.o(RESET)
 <LI><a href="#[57]">PWR_S3WU_IRQHandler</a> from startup_stm32u575xx.o(.text) referenced from startup_stm32u575xx.o(RESET)
 <LI><a href="#[9]">PendSV_Handler</a> from portasm.o(.text.PendSV_Handler) referenced from startup_stm32u575xx.o(RESET)
 <LI><a href="#[10]">RAMCFG_IRQHandler</a> from startup_stm32u575xx.o(.text) referenced from startup_stm32u575xx.o(RESET)
 <LI><a href="#[14]">RCC_IRQHandler</a> from startup_stm32u575xx.o(.text) referenced from startup_stm32u575xx.o(RESET)
 <LI><a href="#[15]">RCC_S_IRQHandler</a> from startup_stm32u575xx.o(.text) referenced from startup_stm32u575xx.o(RESET)
 <LI><a href="#[67]">RNG_IRQHandler</a> from startup_stm32u575xx.o(.text) referenced from startup_stm32u575xx.o(RESET)
 <LI><a href="#[d]">RTC_IRQHandler</a> from startup_stm32u575xx.o(.text) referenced from startup_stm32u575xx.o(RESET)
 <LI><a href="#[e]">RTC_S_IRQHandler</a> from startup_stm32u575xx.o(.text) referenced from startup_stm32u575xx.o(RESET)
 <LI><a href="#[0]">Reset_Handler</a> from startup_stm32u575xx.o(.text) referenced from startup_stm32u575xx.o(RESET)
 <LI><a href="#[64]">SAI1_IRQHandler</a> from startup_stm32u575xx.o(.text) referenced from startup_stm32u575xx.o(RESET)
 <LI><a href="#[65]">SAI2_IRQHandler</a> from startup_stm32u575xx.o(.text) referenced from startup_stm32u575xx.o(RESET)
 <LI><a href="#[58]">SDMMC1_IRQHandler</a> from stm32u5xx_it.o(.text.SDMMC1_IRQHandler) referenced from startup_stm32u575xx.o(RESET)
 <LI><a href="#[59]">SDMMC2_IRQHandler</a> from startup_stm32u575xx.o(.text) referenced from startup_stm32u575xx.o(RESET)
 <LI><a href="#[45]">SPI1_IRQHandler</a> from startup_stm32u575xx.o(.text) referenced from startup_stm32u575xx.o(RESET)
 <LI><a href="#[46]">SPI2_IRQHandler</a> from startup_stm32u575xx.o(.text) referenced from startup_stm32u575xx.o(RESET)
 <LI><a href="#[6b]">SPI3_IRQHandler</a> from startup_stm32u575xx.o(.text) referenced from startup_stm32u575xx.o(RESET)
 <LI><a href="#[7]">SVC_Handler</a> from portasm.o(.text.SVC_Handler) referenced from startup_stm32u575xx.o(RESET)
 <LI><a href="#[6]">SecureFault_Handler</a> from startup_stm32u575xx.o(.text) referenced from startup_stm32u575xx.o(RESET)
 <LI><a href="#[88]">StartH3lis100dlTask</a> from app_freertos.o(.text.StartH3lis100dlTask) referenced 2 times from app_freertos.o(.text.MX_FREERTOS_Init)
 <LI><a href="#[8a]">StartLoggerTask</a> from app_freertos.o(.text.StartLoggerTask) referenced 2 times from app_freertos.o(.text.MX_FREERTOS_Init)
 <LI><a href="#[87]">StartLsm6dsoxTask</a> from app_freertos.o(.text.StartLsm6dsoxTask) referenced 2 times from app_freertos.o(.text.MX_FREERTOS_Init)
 <LI><a href="#[89]">StartQma6100pTask</a> from app_freertos.o(.text.StartQma6100pTask) referenced 2 times from app_freertos.o(.text.MX_FREERTOS_Init)
 <LI><a href="#[a]">SysTick_Handler</a> from cmsis_os2.o(.text.SysTick_Handler) referenced from startup_stm32u575xx.o(RESET)
 <LI><a href="#[85]">SystemInit</a> from system_stm32u5xx.o(.text.SystemInit) referenced from startup_stm32u575xx.o(.text)
 <LI><a href="#[f]">TAMP_IRQHandler</a> from startup_stm32u575xx.o(.text) referenced from startup_stm32u575xx.o(RESET)
 <LI><a href="#[4f]">TIM15_IRQHandler</a> from startup_stm32u575xx.o(.text) referenced from startup_stm32u575xx.o(RESET)
 <LI><a href="#[50]">TIM16_IRQHandler</a> from startup_stm32u575xx.o(.text) referenced from startup_stm32u575xx.o(RESET)
 <LI><a href="#[51]">TIM17_IRQHandler</a> from startup_stm32u575xx.o(.text) referenced from startup_stm32u575xx.o(RESET)
 <LI><a href="#[33]">TIM1_BRK_IRQHandler</a> from startup_stm32u575xx.o(.text) referenced from startup_stm32u575xx.o(RESET)
 <LI><a href="#[36]">TIM1_CC_IRQHandler</a> from startup_stm32u575xx.o(.text) referenced from startup_stm32u575xx.o(RESET)
 <LI><a href="#[35]">TIM1_TRG_COM_IRQHandler</a> from startup_stm32u575xx.o(.text) referenced from startup_stm32u575xx.o(RESET)
 <LI><a href="#[34]">TIM1_UP_IRQHandler</a> from startup_stm32u575xx.o(.text) referenced from startup_stm32u575xx.o(RESET)
 <LI><a href="#[37]">TIM2_IRQHandler</a> from startup_stm32u575xx.o(.text) referenced from startup_stm32u575xx.o(RESET)
 <LI><a href="#[38]">TIM3_IRQHandler</a> from startup_stm32u575xx.o(.text) referenced from startup_stm32u575xx.o(RESET)
 <LI><a href="#[39]">TIM4_IRQHandler</a> from startup_stm32u575xx.o(.text) referenced from startup_stm32u575xx.o(RESET)
 <LI><a href="#[3a]">TIM5_IRQHandler</a> from startup_stm32u575xx.o(.text) referenced from startup_stm32u575xx.o(RESET)
 <LI><a href="#[3b]">TIM6_IRQHandler</a> from stm32u5xx_it.o(.text.TIM6_IRQHandler) referenced from startup_stm32u575xx.o(RESET)
 <LI><a href="#[3c]">TIM7_IRQHandler</a> from startup_stm32u575xx.o(.text) referenced from startup_stm32u575xx.o(RESET)
 <LI><a href="#[3d]">TIM8_BRK_IRQHandler</a> from startup_stm32u575xx.o(.text) referenced from startup_stm32u575xx.o(RESET)
 <LI><a href="#[40]">TIM8_CC_IRQHandler</a> from startup_stm32u575xx.o(.text) referenced from startup_stm32u575xx.o(RESET)
 <LI><a href="#[3f]">TIM8_TRG_COM_IRQHandler</a> from startup_stm32u575xx.o(.text) referenced from startup_stm32u575xx.o(RESET)
 <LI><a href="#[3e]">TIM8_UP_IRQHandler</a> from startup_stm32u575xx.o(.text) referenced from startup_stm32u575xx.o(RESET)
 <LI><a href="#[66]">TSC_IRQHandler</a> from startup_stm32u575xx.o(.text) referenced from startup_stm32u575xx.o(RESET)
 <LI><a href="#[4a]">UART4_IRQHandler</a> from startup_stm32u575xx.o(.text) referenced from startup_stm32u575xx.o(RESET)
 <LI><a href="#[4b]">UART5_IRQHandler</a> from startup_stm32u575xx.o(.text) referenced from startup_stm32u575xx.o(RESET)
 <LI><a href="#[72]">UCPD1_IRQHandler</a> from startup_stm32u575xx.o(.text) referenced from startup_stm32u575xx.o(RESET)
 <LI><a href="#[47]">USART1_IRQHandler</a> from startup_stm32u575xx.o(.text) referenced from startup_stm32u575xx.o(RESET)
 <LI><a href="#[48]">USART2_IRQHandler</a> from startup_stm32u575xx.o(.text) referenced from startup_stm32u575xx.o(RESET)
 <LI><a href="#[49]">USART3_IRQHandler</a> from startup_stm32u575xx.o(.text) referenced from startup_stm32u575xx.o(RESET)
 <LI><a href="#[5]">UsageFault_Handler</a> from stm32u5xx_it.o(.text.UsageFault_Handler) referenced from startup_stm32u575xx.o(RESET)
 <LI><a href="#[b]">WWDG_IRQHandler</a> from startup_stm32u575xx.o(.text) referenced from startup_stm32u575xx.o(RESET)
 <LI><a href="#[86]">__main</a> from entry.o(.ARM.Collect$$$$00000000) referenced from startup_stm32u575xx.o(.text)
 <LI><a href="#[90]">_snputc</a> from printfa.o(i._snputc) referenced from printfa.o(i.__0snprintf)
 <LI><a href="#[8f]">fputc</a> from usart.o(.text.fputc) referenced from printfa.o(i.__0printf)
 <LI><a href="#[84]">main</a> from main.o(.text.main) referenced from entry9a.o(.ARM.Collect$$$$0000000B)
 <LI><a href="#[8d]">prvIdleTask</a> from tasks.o(.text.prvIdleTask) referenced 2 times from tasks.o(.text.vTaskStartScheduler)
 <LI><a href="#[8c]">prvTaskExitError</a> from port.o(.text.prvTaskExitError) referenced 2 times from port.o(.text.pxPortInitialiseStack)
 <LI><a href="#[8e]">prvTimerTask</a> from timers.o(.text.prvTimerTask) referenced 2 times from timers.o(.text.xTimerCreateTimerTask)
 <LI><a href="#[8b]">vPortSVCHandler_C</a> from port.o(.text.vPortSVCHandler_C) referenced from portasm.o(.text.SVC_Handler)
</UL>
<P>
<H3>
Global Symbols
</H3>
<P><STRONG><a name="[86]"></a>__main</STRONG> (Thumb, 0 bytes, Stack size unknown bytes, entry.o(.ARM.Collect$$$$00000000))
<BR>[Address Reference Count : 1]<UL><LI> startup_stm32u575xx.o(.text)
</UL>
<P><STRONG><a name="[1ce]"></a>_main_stk</STRONG> (Thumb, 0 bytes, Stack size unknown bytes, entry2.o(.ARM.Collect$$$$00000001))

<P><STRONG><a name="[92]"></a>_main_scatterload</STRONG> (Thumb, 0 bytes, Stack size unknown bytes, entry5.o(.ARM.Collect$$$$00000004))
<BR><BR>[Calls]<UL><LI><a href="#[93]">&gt;&gt;</a>&nbsp;&nbsp;&nbsp;__scatterload
</UL>

<P><STRONG><a name="[a3]"></a>__main_after_scatterload</STRONG> (Thumb, 0 bytes, Stack size unknown bytes, entry5.o(.ARM.Collect$$$$00000004))
<BR><BR>[Called By]<UL><LI><a href="#[93]">&gt;&gt;</a>&nbsp;&nbsp;&nbsp;__scatterload
</UL>

<P><STRONG><a name="[1cf]"></a>_main_clock</STRONG> (Thumb, 0 bytes, Stack size unknown bytes, entry7b.o(.ARM.Collect$$$$00000008))

<P><STRONG><a name="[1d0]"></a>_main_cpp_init</STRONG> (Thumb, 0 bytes, Stack size unknown bytes, entry8b.o(.ARM.Collect$$$$0000000A))

<P><STRONG><a name="[1d1]"></a>_main_init</STRONG> (Thumb, 0 bytes, Stack size unknown bytes, entry9a.o(.ARM.Collect$$$$0000000B))

<P><STRONG><a name="[1d2]"></a>__rt_final_cpp</STRONG> (Thumb, 0 bytes, Stack size unknown bytes, entry10a.o(.ARM.Collect$$$$0000000D))

<P><STRONG><a name="[1d3]"></a>__rt_final_exit</STRONG> (Thumb, 0 bytes, Stack size unknown bytes, entry11a.o(.ARM.Collect$$$$0000000F))

<P><STRONG><a name="[0]"></a>Reset_Handler</STRONG> (Thumb, 8 bytes, Stack size 0 bytes, startup_stm32u575xx.o(.text))
<BR>[Address Reference Count : 1]<UL><LI> startup_stm32u575xx.o(RESET)
</UL>
<P><STRONG><a name="[6]"></a>SecureFault_Handler</STRONG> (Thumb, 2 bytes, Stack size 0 bytes, startup_stm32u575xx.o(.text))
<BR><BR>[Calls]<UL><LI><a href="#[6]">&gt;&gt;</a>&nbsp;&nbsp;&nbsp;SecureFault_Handler
</UL>
<BR>[Called By]<UL><LI><a href="#[6]">&gt;&gt;</a>&nbsp;&nbsp;&nbsp;SecureFault_Handler
</UL>
<BR>[Address Reference Count : 1]<UL><LI> startup_stm32u575xx.o(RESET)
</UL>
<P><STRONG><a name="[2f]"></a>ADC1_IRQHandler</STRONG> (Thumb, 0 bytes, Stack size 0 bytes, startup_stm32u575xx.o(.text))
<BR><BR>[Calls]<UL><LI><a href="#[2f]">&gt;&gt;</a>&nbsp;&nbsp;&nbsp;ADC1_IRQHandler
</UL>
<BR>[Called By]<UL><LI><a href="#[2f]">&gt;&gt;</a>&nbsp;&nbsp;&nbsp;ADC1_IRQHandler
</UL>
<BR>[Address Reference Count : 1]<UL><LI> startup_stm32u575xx.o(RESET)
</UL>
<P><STRONG><a name="[77]"></a>ADC4_IRQHandler</STRONG> (Thumb, 0 bytes, Stack size 0 bytes, startup_stm32u575xx.o(.text))
<BR>[Address Reference Count : 1]<UL><LI> startup_stm32u575xx.o(RESET)
</UL>
<P><STRONG><a name="[76]"></a>ADF1_IRQHandler</STRONG> (Thumb, 0 bytes, Stack size 0 bytes, startup_stm32u575xx.o(.text))
<BR>[Address Reference Count : 1]<UL><LI> startup_stm32u575xx.o(RESET)
</UL>
<P><STRONG><a name="[52]"></a>COMP_IRQHandler</STRONG> (Thumb, 0 bytes, Stack size 0 bytes, startup_stm32u575xx.o(.text))
<BR>[Address Reference Count : 1]<UL><LI> startup_stm32u575xx.o(RESET)
</UL>
<P><STRONG><a name="[81]"></a>CORDIC_IRQHandler</STRONG> (Thumb, 0 bytes, Stack size 0 bytes, startup_stm32u575xx.o(.text))
<BR>[Address Reference Count : 1]<UL><LI> startup_stm32u575xx.o(RESET)
</UL>
<P><STRONG><a name="[54]"></a>CRS_IRQHandler</STRONG> (Thumb, 0 bytes, Stack size 0 bytes, startup_stm32u575xx.o(.text))
<BR>[Address Reference Count : 1]<UL><LI> startup_stm32u575xx.o(RESET)
</UL>
<P><STRONG><a name="[30]"></a>DAC1_IRQHandler</STRONG> (Thumb, 0 bytes, Stack size 0 bytes, startup_stm32u575xx.o(.text))
<BR>[Address Reference Count : 1]<UL><LI> startup_stm32u575xx.o(RESET)
</UL>
<P><STRONG><a name="[75]"></a>DCACHE1_IRQHandler</STRONG> (Thumb, 0 bytes, Stack size 0 bytes, startup_stm32u575xx.o(.text))
<BR>[Address Reference Count : 1]<UL><LI> startup_stm32u575xx.o(RESET)
</UL>
<P><STRONG><a name="[7d]"></a>DCMI_PSSI_IRQHandler</STRONG> (Thumb, 0 bytes, Stack size 0 bytes, startup_stm32u575xx.o(.text))
<BR>[Address Reference Count : 1]<UL><LI> startup_stm32u575xx.o(RESET)
</UL>
<P><STRONG><a name="[7c]"></a>DMA2D_IRQHandler</STRONG> (Thumb, 0 bytes, Stack size 0 bytes, startup_stm32u575xx.o(.text))
<BR>[Address Reference Count : 1]<UL><LI> startup_stm32u575xx.o(RESET)
</UL>
<P><STRONG><a name="[16]"></a>EXTI0_IRQHandler</STRONG> (Thumb, 0 bytes, Stack size 0 bytes, startup_stm32u575xx.o(.text))
<BR>[Address Reference Count : 1]<UL><LI> startup_stm32u575xx.o(RESET)
</UL>
<P><STRONG><a name="[20]"></a>EXTI10_IRQHandler</STRONG> (Thumb, 0 bytes, Stack size 0 bytes, startup_stm32u575xx.o(.text))
<BR>[Address Reference Count : 1]<UL><LI> startup_stm32u575xx.o(RESET)
</UL>
<P><STRONG><a name="[21]"></a>EXTI11_IRQHandler</STRONG> (Thumb, 0 bytes, Stack size 0 bytes, startup_stm32u575xx.o(.text))
<BR>[Address Reference Count : 1]<UL><LI> startup_stm32u575xx.o(RESET)
</UL>
<P><STRONG><a name="[22]"></a>EXTI12_IRQHandler</STRONG> (Thumb, 0 bytes, Stack size 0 bytes, startup_stm32u575xx.o(.text))
<BR>[Address Reference Count : 1]<UL><LI> startup_stm32u575xx.o(RESET)
</UL>
<P><STRONG><a name="[23]"></a>EXTI13_IRQHandler</STRONG> (Thumb, 0 bytes, Stack size 0 bytes, startup_stm32u575xx.o(.text))
<BR>[Address Reference Count : 1]<UL><LI> startup_stm32u575xx.o(RESET)
</UL>
<P><STRONG><a name="[24]"></a>EXTI14_IRQHandler</STRONG> (Thumb, 0 bytes, Stack size 0 bytes, startup_stm32u575xx.o(.text))
<BR>[Address Reference Count : 1]<UL><LI> startup_stm32u575xx.o(RESET)
</UL>
<P><STRONG><a name="[25]"></a>EXTI15_IRQHandler</STRONG> (Thumb, 0 bytes, Stack size 0 bytes, startup_stm32u575xx.o(.text))
<BR>[Address Reference Count : 1]<UL><LI> startup_stm32u575xx.o(RESET)
</UL>
<P><STRONG><a name="[17]"></a>EXTI1_IRQHandler</STRONG> (Thumb, 0 bytes, Stack size 0 bytes, startup_stm32u575xx.o(.text))
<BR>[Address Reference Count : 1]<UL><LI> startup_stm32u575xx.o(RESET)
</UL>
<P><STRONG><a name="[18]"></a>EXTI2_IRQHandler</STRONG> (Thumb, 0 bytes, Stack size 0 bytes, startup_stm32u575xx.o(.text))
<BR>[Address Reference Count : 1]<UL><LI> startup_stm32u575xx.o(RESET)
</UL>
<P><STRONG><a name="[19]"></a>EXTI3_IRQHandler</STRONG> (Thumb, 0 bytes, Stack size 0 bytes, startup_stm32u575xx.o(.text))
<BR>[Address Reference Count : 1]<UL><LI> startup_stm32u575xx.o(RESET)
</UL>
<P><STRONG><a name="[1a]"></a>EXTI4_IRQHandler</STRONG> (Thumb, 0 bytes, Stack size 0 bytes, startup_stm32u575xx.o(.text))
<BR>[Address Reference Count : 1]<UL><LI> startup_stm32u575xx.o(RESET)
</UL>
<P><STRONG><a name="[1b]"></a>EXTI5_IRQHandler</STRONG> (Thumb, 0 bytes, Stack size 0 bytes, startup_stm32u575xx.o(.text))
<BR>[Address Reference Count : 1]<UL><LI> startup_stm32u575xx.o(RESET)
</UL>
<P><STRONG><a name="[1c]"></a>EXTI6_IRQHandler</STRONG> (Thumb, 0 bytes, Stack size 0 bytes, startup_stm32u575xx.o(.text))
<BR>[Address Reference Count : 1]<UL><LI> startup_stm32u575xx.o(RESET)
</UL>
<P><STRONG><a name="[1d]"></a>EXTI7_IRQHandler</STRONG> (Thumb, 0 bytes, Stack size 0 bytes, startup_stm32u575xx.o(.text))
<BR>[Address Reference Count : 1]<UL><LI> startup_stm32u575xx.o(RESET)
</UL>
<P><STRONG><a name="[1e]"></a>EXTI8_IRQHandler</STRONG> (Thumb, 0 bytes, Stack size 0 bytes, startup_stm32u575xx.o(.text))
<BR>[Address Reference Count : 1]<UL><LI> startup_stm32u575xx.o(RESET)
</UL>
<P><STRONG><a name="[1f]"></a>EXTI9_IRQHandler</STRONG> (Thumb, 0 bytes, Stack size 0 bytes, startup_stm32u575xx.o(.text))
<BR>[Address Reference Count : 1]<UL><LI> startup_stm32u575xx.o(RESET)
</UL>
<P><STRONG><a name="[31]"></a>FDCAN1_IT0_IRQHandler</STRONG> (Thumb, 0 bytes, Stack size 0 bytes, startup_stm32u575xx.o(.text))
<BR>[Address Reference Count : 1]<UL><LI> startup_stm32u575xx.o(RESET)
</UL>
<P><STRONG><a name="[32]"></a>FDCAN1_IT1_IRQHandler</STRONG> (Thumb, 0 bytes, Stack size 0 bytes, startup_stm32u575xx.o(.text))
<BR>[Address Reference Count : 1]<UL><LI> startup_stm32u575xx.o(RESET)
</UL>
<P><STRONG><a name="[11]"></a>FLASH_IRQHandler</STRONG> (Thumb, 0 bytes, Stack size 0 bytes, startup_stm32u575xx.o(.text))
<BR>[Address Reference Count : 1]<UL><LI> startup_stm32u575xx.o(RESET)
</UL>
<P><STRONG><a name="[12]"></a>FLASH_S_IRQHandler</STRONG> (Thumb, 0 bytes, Stack size 0 bytes, startup_stm32u575xx.o(.text))
<BR>[Address Reference Count : 1]<UL><LI> startup_stm32u575xx.o(RESET)
</UL>
<P><STRONG><a name="[82]"></a>FMAC_IRQHandler</STRONG> (Thumb, 0 bytes, Stack size 0 bytes, startup_stm32u575xx.o(.text))
<BR>[Address Reference Count : 1]<UL><LI> startup_stm32u575xx.o(RESET)
</UL>
<P><STRONG><a name="[55]"></a>FMC_IRQHandler</STRONG> (Thumb, 0 bytes, Stack size 0 bytes, startup_stm32u575xx.o(.text))
<BR>[Address Reference Count : 1]<UL><LI> startup_stm32u575xx.o(RESET)
</UL>
<P><STRONG><a name="[68]"></a>FPU_IRQHandler</STRONG> (Thumb, 0 bytes, Stack size 0 bytes, startup_stm32u575xx.o(.text))
<BR>[Address Reference Count : 1]<UL><LI> startup_stm32u575xx.o(RESET)
</UL>
<P><STRONG><a name="[27]"></a>GPDMA1_Channel0_IRQHandler</STRONG> (Thumb, 0 bytes, Stack size 0 bytes, startup_stm32u575xx.o(.text))
<BR>[Address Reference Count : 1]<UL><LI> startup_stm32u575xx.o(RESET)
</UL>
<P><STRONG><a name="[5c]"></a>GPDMA1_Channel10_IRQHandler</STRONG> (Thumb, 0 bytes, Stack size 0 bytes, startup_stm32u575xx.o(.text))
<BR>[Address Reference Count : 1]<UL><LI> startup_stm32u575xx.o(RESET)
</UL>
<P><STRONG><a name="[5d]"></a>GPDMA1_Channel11_IRQHandler</STRONG> (Thumb, 0 bytes, Stack size 0 bytes, startup_stm32u575xx.o(.text))
<BR>[Address Reference Count : 1]<UL><LI> startup_stm32u575xx.o(RESET)
</UL>
<P><STRONG><a name="[5e]"></a>GPDMA1_Channel12_IRQHandler</STRONG> (Thumb, 0 bytes, Stack size 0 bytes, startup_stm32u575xx.o(.text))
<BR>[Address Reference Count : 1]<UL><LI> startup_stm32u575xx.o(RESET)
</UL>
<P><STRONG><a name="[5f]"></a>GPDMA1_Channel13_IRQHandler</STRONG> (Thumb, 0 bytes, Stack size 0 bytes, startup_stm32u575xx.o(.text))
<BR>[Address Reference Count : 1]<UL><LI> startup_stm32u575xx.o(RESET)
</UL>
<P><STRONG><a name="[60]"></a>GPDMA1_Channel14_IRQHandler</STRONG> (Thumb, 0 bytes, Stack size 0 bytes, startup_stm32u575xx.o(.text))
<BR>[Address Reference Count : 1]<UL><LI> startup_stm32u575xx.o(RESET)
</UL>
<P><STRONG><a name="[61]"></a>GPDMA1_Channel15_IRQHandler</STRONG> (Thumb, 0 bytes, Stack size 0 bytes, startup_stm32u575xx.o(.text))
<BR>[Address Reference Count : 1]<UL><LI> startup_stm32u575xx.o(RESET)
</UL>
<P><STRONG><a name="[28]"></a>GPDMA1_Channel1_IRQHandler</STRONG> (Thumb, 0 bytes, Stack size 0 bytes, startup_stm32u575xx.o(.text))
<BR>[Address Reference Count : 1]<UL><LI> startup_stm32u575xx.o(RESET)
</UL>
<P><STRONG><a name="[29]"></a>GPDMA1_Channel2_IRQHandler</STRONG> (Thumb, 0 bytes, Stack size 0 bytes, startup_stm32u575xx.o(.text))
<BR>[Address Reference Count : 1]<UL><LI> startup_stm32u575xx.o(RESET)
</UL>
<P><STRONG><a name="[2a]"></a>GPDMA1_Channel3_IRQHandler</STRONG> (Thumb, 0 bytes, Stack size 0 bytes, startup_stm32u575xx.o(.text))
<BR>[Address Reference Count : 1]<UL><LI> startup_stm32u575xx.o(RESET)
</UL>
<P><STRONG><a name="[2b]"></a>GPDMA1_Channel4_IRQHandler</STRONG> (Thumb, 0 bytes, Stack size 0 bytes, startup_stm32u575xx.o(.text))
<BR>[Address Reference Count : 1]<UL><LI> startup_stm32u575xx.o(RESET)
</UL>
<P><STRONG><a name="[2c]"></a>GPDMA1_Channel5_IRQHandler</STRONG> (Thumb, 0 bytes, Stack size 0 bytes, startup_stm32u575xx.o(.text))
<BR>[Address Reference Count : 1]<UL><LI> startup_stm32u575xx.o(RESET)
</UL>
<P><STRONG><a name="[2d]"></a>GPDMA1_Channel6_IRQHandler</STRONG> (Thumb, 0 bytes, Stack size 0 bytes, startup_stm32u575xx.o(.text))
<BR>[Address Reference Count : 1]<UL><LI> startup_stm32u575xx.o(RESET)
</UL>
<P><STRONG><a name="[2e]"></a>GPDMA1_Channel7_IRQHandler</STRONG> (Thumb, 0 bytes, Stack size 0 bytes, startup_stm32u575xx.o(.text))
<BR>[Address Reference Count : 1]<UL><LI> startup_stm32u575xx.o(RESET)
</UL>
<P><STRONG><a name="[5a]"></a>GPDMA1_Channel8_IRQHandler</STRONG> (Thumb, 0 bytes, Stack size 0 bytes, startup_stm32u575xx.o(.text))
<BR>[Address Reference Count : 1]<UL><LI> startup_stm32u575xx.o(RESET)
</UL>
<P><STRONG><a name="[5b]"></a>GPDMA1_Channel9_IRQHandler</STRONG> (Thumb, 0 bytes, Stack size 0 bytes, startup_stm32u575xx.o(.text))
<BR>[Address Reference Count : 1]<UL><LI> startup_stm32u575xx.o(RESET)
</UL>
<P><STRONG><a name="[13]"></a>GTZC_IRQHandler</STRONG> (Thumb, 0 bytes, Stack size 0 bytes, startup_stm32u575xx.o(.text))
<BR>[Address Reference Count : 1]<UL><LI> startup_stm32u575xx.o(RESET)
</UL>
<P><STRONG><a name="[69]"></a>HASH_IRQHandler</STRONG> (Thumb, 0 bytes, Stack size 0 bytes, startup_stm32u575xx.o(.text))
<BR>[Address Reference Count : 1]<UL><LI> startup_stm32u575xx.o(RESET)
</UL>
<P><STRONG><a name="[42]"></a>I2C1_ER_IRQHandler</STRONG> (Thumb, 0 bytes, Stack size 0 bytes, startup_stm32u575xx.o(.text))
<BR>[Address Reference Count : 1]<UL><LI> startup_stm32u575xx.o(RESET)
</UL>
<P><STRONG><a name="[41]"></a>I2C1_EV_IRQHandler</STRONG> (Thumb, 0 bytes, Stack size 0 bytes, startup_stm32u575xx.o(.text))
<BR>[Address Reference Count : 1]<UL><LI> startup_stm32u575xx.o(RESET)
</UL>
<P><STRONG><a name="[44]"></a>I2C2_ER_IRQHandler</STRONG> (Thumb, 0 bytes, Stack size 0 bytes, startup_stm32u575xx.o(.text))
<BR>[Address Reference Count : 1]<UL><LI> startup_stm32u575xx.o(RESET)
</UL>
<P><STRONG><a name="[43]"></a>I2C2_EV_IRQHandler</STRONG> (Thumb, 0 bytes, Stack size 0 bytes, startup_stm32u575xx.o(.text))
<BR>[Address Reference Count : 1]<UL><LI> startup_stm32u575xx.o(RESET)
</UL>
<P><STRONG><a name="[63]"></a>I2C3_ER_IRQHandler</STRONG> (Thumb, 0 bytes, Stack size 0 bytes, startup_stm32u575xx.o(.text))
<BR>[Address Reference Count : 1]<UL><LI> startup_stm32u575xx.o(RESET)
</UL>
<P><STRONG><a name="[62]"></a>I2C3_EV_IRQHandler</STRONG> (Thumb, 0 bytes, Stack size 0 bytes, startup_stm32u575xx.o(.text))
<BR>[Address Reference Count : 1]<UL><LI> startup_stm32u575xx.o(RESET)
</UL>
<P><STRONG><a name="[6c]"></a>I2C4_ER_IRQHandler</STRONG> (Thumb, 0 bytes, Stack size 0 bytes, startup_stm32u575xx.o(.text))
<BR>[Address Reference Count : 1]<UL><LI> startup_stm32u575xx.o(RESET)
</UL>
<P><STRONG><a name="[6d]"></a>I2C4_EV_IRQHandler</STRONG> (Thumb, 0 bytes, Stack size 0 bytes, startup_stm32u575xx.o(.text))
<BR>[Address Reference Count : 1]<UL><LI> startup_stm32u575xx.o(RESET)
</UL>
<P><STRONG><a name="[73]"></a>ICACHE_IRQHandler</STRONG> (Thumb, 0 bytes, Stack size 0 bytes, startup_stm32u575xx.o(.text))
<BR>[Address Reference Count : 1]<UL><LI> startup_stm32u575xx.o(RESET)
</UL>
<P><STRONG><a name="[26]"></a>IWDG_IRQHandler</STRONG> (Thumb, 0 bytes, Stack size 0 bytes, startup_stm32u575xx.o(.text))
<BR>[Address Reference Count : 1]<UL><LI> startup_stm32u575xx.o(RESET)
</UL>
<P><STRONG><a name="[78]"></a>LPDMA1_Channel0_IRQHandler</STRONG> (Thumb, 0 bytes, Stack size 0 bytes, startup_stm32u575xx.o(.text))
<BR>[Address Reference Count : 1]<UL><LI> startup_stm32u575xx.o(RESET)
</UL>
<P><STRONG><a name="[79]"></a>LPDMA1_Channel1_IRQHandler</STRONG> (Thumb, 0 bytes, Stack size 0 bytes, startup_stm32u575xx.o(.text))
<BR>[Address Reference Count : 1]<UL><LI> startup_stm32u575xx.o(RESET)
</UL>
<P><STRONG><a name="[7a]"></a>LPDMA1_Channel2_IRQHandler</STRONG> (Thumb, 0 bytes, Stack size 0 bytes, startup_stm32u575xx.o(.text))
<BR>[Address Reference Count : 1]<UL><LI> startup_stm32u575xx.o(RESET)
</UL>
<P><STRONG><a name="[7b]"></a>LPDMA1_Channel3_IRQHandler</STRONG> (Thumb, 0 bytes, Stack size 0 bytes, startup_stm32u575xx.o(.text))
<BR>[Address Reference Count : 1]<UL><LI> startup_stm32u575xx.o(RESET)
</UL>
<P><STRONG><a name="[4d]"></a>LPTIM1_IRQHandler</STRONG> (Thumb, 0 bytes, Stack size 0 bytes, startup_stm32u575xx.o(.text))
<BR>[Address Reference Count : 1]<UL><LI> startup_stm32u575xx.o(RESET)
</UL>
<P><STRONG><a name="[4e]"></a>LPTIM2_IRQHandler</STRONG> (Thumb, 0 bytes, Stack size 0 bytes, startup_stm32u575xx.o(.text))
<BR>[Address Reference Count : 1]<UL><LI> startup_stm32u575xx.o(RESET)
</UL>
<P><STRONG><a name="[6a]"></a>LPTIM3_IRQHandler</STRONG> (Thumb, 0 bytes, Stack size 0 bytes, startup_stm32u575xx.o(.text))
<BR>[Address Reference Count : 1]<UL><LI> startup_stm32u575xx.o(RESET)
</UL>
<P><STRONG><a name="[74]"></a>LPTIM4_IRQHandler</STRONG> (Thumb, 0 bytes, Stack size 0 bytes, startup_stm32u575xx.o(.text))
<BR>[Address Reference Count : 1]<UL><LI> startup_stm32u575xx.o(RESET)
</UL>
<P><STRONG><a name="[4c]"></a>LPUART1_IRQHandler</STRONG> (Thumb, 0 bytes, Stack size 0 bytes, startup_stm32u575xx.o(.text))
<BR>[Address Reference Count : 1]<UL><LI> startup_stm32u575xx.o(RESET)
</UL>
<P><STRONG><a name="[83]"></a>LSECSSD_IRQHandler</STRONG> (Thumb, 0 bytes, Stack size 0 bytes, startup_stm32u575xx.o(.text))
<BR>[Address Reference Count : 1]<UL><LI> startup_stm32u575xx.o(RESET)
</UL>
<P><STRONG><a name="[6e]"></a>MDF1_FLT0_IRQHandler</STRONG> (Thumb, 0 bytes, Stack size 0 bytes, startup_stm32u575xx.o(.text))
<BR>[Address Reference Count : 1]<UL><LI> startup_stm32u575xx.o(RESET)
</UL>
<P><STRONG><a name="[6f]"></a>MDF1_FLT1_IRQHandler</STRONG> (Thumb, 0 bytes, Stack size 0 bytes, startup_stm32u575xx.o(.text))
<BR>[Address Reference Count : 1]<UL><LI> startup_stm32u575xx.o(RESET)
</UL>
<P><STRONG><a name="[70]"></a>MDF1_FLT2_IRQHandler</STRONG> (Thumb, 0 bytes, Stack size 0 bytes, startup_stm32u575xx.o(.text))
<BR>[Address Reference Count : 1]<UL><LI> startup_stm32u575xx.o(RESET)
</UL>
<P><STRONG><a name="[71]"></a>MDF1_FLT3_IRQHandler</STRONG> (Thumb, 0 bytes, Stack size 0 bytes, startup_stm32u575xx.o(.text))
<BR>[Address Reference Count : 1]<UL><LI> startup_stm32u575xx.o(RESET)
</UL>
<P><STRONG><a name="[7f]"></a>MDF1_FLT4_IRQHandler</STRONG> (Thumb, 0 bytes, Stack size 0 bytes, startup_stm32u575xx.o(.text))
<BR>[Address Reference Count : 1]<UL><LI> startup_stm32u575xx.o(RESET)
</UL>
<P><STRONG><a name="[80]"></a>MDF1_FLT5_IRQHandler</STRONG> (Thumb, 0 bytes, Stack size 0 bytes, startup_stm32u575xx.o(.text))
<BR>[Address Reference Count : 1]<UL><LI> startup_stm32u575xx.o(RESET)
</UL>
<P><STRONG><a name="[56]"></a>OCTOSPI1_IRQHandler</STRONG> (Thumb, 0 bytes, Stack size 0 bytes, startup_stm32u575xx.o(.text))
<BR>[Address Reference Count : 1]<UL><LI> startup_stm32u575xx.o(RESET)
</UL>
<P><STRONG><a name="[7e]"></a>OCTOSPI2_IRQHandler</STRONG> (Thumb, 0 bytes, Stack size 0 bytes, startup_stm32u575xx.o(.text))
<BR>[Address Reference Count : 1]<UL><LI> startup_stm32u575xx.o(RESET)
</UL>
<P><STRONG><a name="[c]"></a>PVD_PVM_IRQHandler</STRONG> (Thumb, 0 bytes, Stack size 0 bytes, startup_stm32u575xx.o(.text))
<BR>[Address Reference Count : 1]<UL><LI> startup_stm32u575xx.o(RESET)
</UL>
<P><STRONG><a name="[57]"></a>PWR_S3WU_IRQHandler</STRONG> (Thumb, 0 bytes, Stack size 0 bytes, startup_stm32u575xx.o(.text))
<BR>[Address Reference Count : 1]<UL><LI> startup_stm32u575xx.o(RESET)
</UL>
<P><STRONG><a name="[10]"></a>RAMCFG_IRQHandler</STRONG> (Thumb, 0 bytes, Stack size 0 bytes, startup_stm32u575xx.o(.text))
<BR>[Address Reference Count : 1]<UL><LI> startup_stm32u575xx.o(RESET)
</UL>
<P><STRONG><a name="[14]"></a>RCC_IRQHandler</STRONG> (Thumb, 0 bytes, Stack size 0 bytes, startup_stm32u575xx.o(.text))
<BR>[Address Reference Count : 1]<UL><LI> startup_stm32u575xx.o(RESET)
</UL>
<P><STRONG><a name="[15]"></a>RCC_S_IRQHandler</STRONG> (Thumb, 0 bytes, Stack size 0 bytes, startup_stm32u575xx.o(.text))
<BR>[Address Reference Count : 1]<UL><LI> startup_stm32u575xx.o(RESET)
</UL>
<P><STRONG><a name="[67]"></a>RNG_IRQHandler</STRONG> (Thumb, 0 bytes, Stack size 0 bytes, startup_stm32u575xx.o(.text))
<BR>[Address Reference Count : 1]<UL><LI> startup_stm32u575xx.o(RESET)
</UL>
<P><STRONG><a name="[d]"></a>RTC_IRQHandler</STRONG> (Thumb, 0 bytes, Stack size 0 bytes, startup_stm32u575xx.o(.text))
<BR>[Address Reference Count : 1]<UL><LI> startup_stm32u575xx.o(RESET)
</UL>
<P><STRONG><a name="[e]"></a>RTC_S_IRQHandler</STRONG> (Thumb, 0 bytes, Stack size 0 bytes, startup_stm32u575xx.o(.text))
<BR>[Address Reference Count : 1]<UL><LI> startup_stm32u575xx.o(RESET)
</UL>
<P><STRONG><a name="[64]"></a>SAI1_IRQHandler</STRONG> (Thumb, 0 bytes, Stack size 0 bytes, startup_stm32u575xx.o(.text))
<BR>[Address Reference Count : 1]<UL><LI> startup_stm32u575xx.o(RESET)
</UL>
<P><STRONG><a name="[65]"></a>SAI2_IRQHandler</STRONG> (Thumb, 0 bytes, Stack size 0 bytes, startup_stm32u575xx.o(.text))
<BR>[Address Reference Count : 1]<UL><LI> startup_stm32u575xx.o(RESET)
</UL>
<P><STRONG><a name="[59]"></a>SDMMC2_IRQHandler</STRONG> (Thumb, 0 bytes, Stack size 0 bytes, startup_stm32u575xx.o(.text))
<BR>[Address Reference Count : 1]<UL><LI> startup_stm32u575xx.o(RESET)
</UL>
<P><STRONG><a name="[45]"></a>SPI1_IRQHandler</STRONG> (Thumb, 0 bytes, Stack size 0 bytes, startup_stm32u575xx.o(.text))
<BR>[Address Reference Count : 1]<UL><LI> startup_stm32u575xx.o(RESET)
</UL>
<P><STRONG><a name="[46]"></a>SPI2_IRQHandler</STRONG> (Thumb, 0 bytes, Stack size 0 bytes, startup_stm32u575xx.o(.text))
<BR>[Address Reference Count : 1]<UL><LI> startup_stm32u575xx.o(RESET)
</UL>
<P><STRONG><a name="[6b]"></a>SPI3_IRQHandler</STRONG> (Thumb, 0 bytes, Stack size 0 bytes, startup_stm32u575xx.o(.text))
<BR>[Address Reference Count : 1]<UL><LI> startup_stm32u575xx.o(RESET)
</UL>
<P><STRONG><a name="[f]"></a>TAMP_IRQHandler</STRONG> (Thumb, 0 bytes, Stack size 0 bytes, startup_stm32u575xx.o(.text))
<BR>[Address Reference Count : 1]<UL><LI> startup_stm32u575xx.o(RESET)
</UL>
<P><STRONG><a name="[4f]"></a>TIM15_IRQHandler</STRONG> (Thumb, 0 bytes, Stack size 0 bytes, startup_stm32u575xx.o(.text))
<BR>[Address Reference Count : 1]<UL><LI> startup_stm32u575xx.o(RESET)
</UL>
<P><STRONG><a name="[50]"></a>TIM16_IRQHandler</STRONG> (Thumb, 0 bytes, Stack size 0 bytes, startup_stm32u575xx.o(.text))
<BR>[Address Reference Count : 1]<UL><LI> startup_stm32u575xx.o(RESET)
</UL>
<P><STRONG><a name="[51]"></a>TIM17_IRQHandler</STRONG> (Thumb, 0 bytes, Stack size 0 bytes, startup_stm32u575xx.o(.text))
<BR>[Address Reference Count : 1]<UL><LI> startup_stm32u575xx.o(RESET)
</UL>
<P><STRONG><a name="[33]"></a>TIM1_BRK_IRQHandler</STRONG> (Thumb, 0 bytes, Stack size 0 bytes, startup_stm32u575xx.o(.text))
<BR>[Address Reference Count : 1]<UL><LI> startup_stm32u575xx.o(RESET)
</UL>
<P><STRONG><a name="[36]"></a>TIM1_CC_IRQHandler</STRONG> (Thumb, 0 bytes, Stack size 0 bytes, startup_stm32u575xx.o(.text))
<BR>[Address Reference Count : 1]<UL><LI> startup_stm32u575xx.o(RESET)
</UL>
<P><STRONG><a name="[35]"></a>TIM1_TRG_COM_IRQHandler</STRONG> (Thumb, 0 bytes, Stack size 0 bytes, startup_stm32u575xx.o(.text))
<BR>[Address Reference Count : 1]<UL><LI> startup_stm32u575xx.o(RESET)
</UL>
<P><STRONG><a name="[34]"></a>TIM1_UP_IRQHandler</STRONG> (Thumb, 0 bytes, Stack size 0 bytes, startup_stm32u575xx.o(.text))
<BR>[Address Reference Count : 1]<UL><LI> startup_stm32u575xx.o(RESET)
</UL>
<P><STRONG><a name="[37]"></a>TIM2_IRQHandler</STRONG> (Thumb, 0 bytes, Stack size 0 bytes, startup_stm32u575xx.o(.text))
<BR>[Address Reference Count : 1]<UL><LI> startup_stm32u575xx.o(RESET)
</UL>
<P><STRONG><a name="[38]"></a>TIM3_IRQHandler</STRONG> (Thumb, 0 bytes, Stack size 0 bytes, startup_stm32u575xx.o(.text))
<BR>[Address Reference Count : 1]<UL><LI> startup_stm32u575xx.o(RESET)
</UL>
<P><STRONG><a name="[39]"></a>TIM4_IRQHandler</STRONG> (Thumb, 0 bytes, Stack size 0 bytes, startup_stm32u575xx.o(.text))
<BR>[Address Reference Count : 1]<UL><LI> startup_stm32u575xx.o(RESET)
</UL>
<P><STRONG><a name="[3a]"></a>TIM5_IRQHandler</STRONG> (Thumb, 0 bytes, Stack size 0 bytes, startup_stm32u575xx.o(.text))
<BR>[Address Reference Count : 1]<UL><LI> startup_stm32u575xx.o(RESET)
</UL>
<P><STRONG><a name="[3c]"></a>TIM7_IRQHandler</STRONG> (Thumb, 0 bytes, Stack size 0 bytes, startup_stm32u575xx.o(.text))
<BR>[Address Reference Count : 1]<UL><LI> startup_stm32u575xx.o(RESET)
</UL>
<P><STRONG><a name="[3d]"></a>TIM8_BRK_IRQHandler</STRONG> (Thumb, 0 bytes, Stack size 0 bytes, startup_stm32u575xx.o(.text))
<BR>[Address Reference Count : 1]<UL><LI> startup_stm32u575xx.o(RESET)
</UL>
<P><STRONG><a name="[40]"></a>TIM8_CC_IRQHandler</STRONG> (Thumb, 0 bytes, Stack size 0 bytes, startup_stm32u575xx.o(.text))
<BR>[Address Reference Count : 1]<UL><LI> startup_stm32u575xx.o(RESET)
</UL>
<P><STRONG><a name="[3f]"></a>TIM8_TRG_COM_IRQHandler</STRONG> (Thumb, 0 bytes, Stack size 0 bytes, startup_stm32u575xx.o(.text))
<BR>[Address Reference Count : 1]<UL><LI> startup_stm32u575xx.o(RESET)
</UL>
<P><STRONG><a name="[3e]"></a>TIM8_UP_IRQHandler</STRONG> (Thumb, 0 bytes, Stack size 0 bytes, startup_stm32u575xx.o(.text))
<BR>[Address Reference Count : 1]<UL><LI> startup_stm32u575xx.o(RESET)
</UL>
<P><STRONG><a name="[66]"></a>TSC_IRQHandler</STRONG> (Thumb, 0 bytes, Stack size 0 bytes, startup_stm32u575xx.o(.text))
<BR>[Address Reference Count : 1]<UL><LI> startup_stm32u575xx.o(RESET)
</UL>
<P><STRONG><a name="[4a]"></a>UART4_IRQHandler</STRONG> (Thumb, 0 bytes, Stack size 0 bytes, startup_stm32u575xx.o(.text))
<BR>[Address Reference Count : 1]<UL><LI> startup_stm32u575xx.o(RESET)
</UL>
<P><STRONG><a name="[4b]"></a>UART5_IRQHandler</STRONG> (Thumb, 0 bytes, Stack size 0 bytes, startup_stm32u575xx.o(.text))
<BR>[Address Reference Count : 1]<UL><LI> startup_stm32u575xx.o(RESET)
</UL>
<P><STRONG><a name="[72]"></a>UCPD1_IRQHandler</STRONG> (Thumb, 0 bytes, Stack size 0 bytes, startup_stm32u575xx.o(.text))
<BR>[Address Reference Count : 1]<UL><LI> startup_stm32u575xx.o(RESET)
</UL>
<P><STRONG><a name="[47]"></a>USART1_IRQHandler</STRONG> (Thumb, 0 bytes, Stack size 0 bytes, startup_stm32u575xx.o(.text))
<BR>[Address Reference Count : 1]<UL><LI> startup_stm32u575xx.o(RESET)
</UL>
<P><STRONG><a name="[48]"></a>USART2_IRQHandler</STRONG> (Thumb, 0 bytes, Stack size 0 bytes, startup_stm32u575xx.o(.text))
<BR>[Address Reference Count : 1]<UL><LI> startup_stm32u575xx.o(RESET)
</UL>
<P><STRONG><a name="[49]"></a>USART3_IRQHandler</STRONG> (Thumb, 0 bytes, Stack size 0 bytes, startup_stm32u575xx.o(.text))
<BR>[Address Reference Count : 1]<UL><LI> startup_stm32u575xx.o(RESET)
</UL>
<P><STRONG><a name="[b]"></a>WWDG_IRQHandler</STRONG> (Thumb, 0 bytes, Stack size 0 bytes, startup_stm32u575xx.o(.text))
<BR>[Address Reference Count : 1]<UL><LI> startup_stm32u575xx.o(RESET)
</UL>
<P><STRONG><a name="[94]"></a>__aeabi_uldivmod</STRONG> (Thumb, 98 bytes, Stack size 40 bytes, uldiv.o(.text))
<BR><BR>[Stack]<UL><LI>Max Depth = 40<LI>Call Chain = __aeabi_uldivmod
</UL>
<BR>[Calls]<UL><LI><a href="#[95]">&gt;&gt;</a>&nbsp;&nbsp;&nbsp;__aeabi_llsr
<LI><a href="#[96]">&gt;&gt;</a>&nbsp;&nbsp;&nbsp;__aeabi_llsl
</UL>
<BR>[Called By]<UL><LI><a href="#[146]">&gt;&gt;</a>&nbsp;&nbsp;&nbsp;UART_SetConfig
<LI><a href="#[1c7]">&gt;&gt;</a>&nbsp;&nbsp;&nbsp;_printf_core
<LI><a href="#[1c9]">&gt;&gt;</a>&nbsp;&nbsp;&nbsp;_fp_digits
</UL>

<P><STRONG><a name="[1c0]"></a>__aeabi_memcpy</STRONG> (Thumb, 36 bytes, Stack size 0 bytes, memcpya.o(.text))
<BR><BR>[Called By]<UL><LI><a href="#[1a6]">&gt;&gt;</a>&nbsp;&nbsp;&nbsp;xQueueReceive
<LI><a href="#[191]">&gt;&gt;</a>&nbsp;&nbsp;&nbsp;xQueueGenericSend
</UL>

<P><STRONG><a name="[171]"></a>__aeabi_memcpy4</STRONG> (Thumb, 0 bytes, Stack size 0 bytes, memcpya.o(.text))
<BR><BR>[Called By]<UL><LI><a href="#[8a]">&gt;&gt;</a>&nbsp;&nbsp;&nbsp;StartLoggerTask
</UL>

<P><STRONG><a name="[1d4]"></a>__aeabi_memcpy8</STRONG> (Thumb, 0 bytes, Stack size 0 bytes, memcpya.o(.text), UNUSED)

<P><STRONG><a name="[98]"></a>__aeabi_memset</STRONG> (Thumb, 14 bytes, Stack size 0 bytes, memseta.o(.text))
<BR><BR>[Called By]<UL><LI><a href="#[99]">&gt;&gt;</a>&nbsp;&nbsp;&nbsp;_memset$wrapper
<LI><a href="#[97]">&gt;&gt;</a>&nbsp;&nbsp;&nbsp;__aeabi_memclr
</UL>

<P><STRONG><a name="[1a0]"></a>__aeabi_memset4</STRONG> (Thumb, 0 bytes, Stack size 0 bytes, memseta.o(.text))
<BR><BR>[Called By]<UL><LI><a href="#[19f]">&gt;&gt;</a>&nbsp;&nbsp;&nbsp;prvInitialiseNewTask
</UL>

<P><STRONG><a name="[1d5]"></a>__aeabi_memset8</STRONG> (Thumb, 0 bytes, Stack size 0 bytes, memseta.o(.text), UNUSED)

<P><STRONG><a name="[97]"></a>__aeabi_memclr</STRONG> (Thumb, 4 bytes, Stack size 0 bytes, memseta.o(.text))
<BR><BR>[Calls]<UL><LI><a href="#[98]">&gt;&gt;</a>&nbsp;&nbsp;&nbsp;__aeabi_memset
</UL>
<BR>[Called By]<UL><LI><a href="#[b0]">&gt;&gt;</a>&nbsp;&nbsp;&nbsp;f_open
<LI><a href="#[af]">&gt;&gt;</a>&nbsp;&nbsp;&nbsp;f_mkdir
<LI><a href="#[183]">&gt;&gt;</a>&nbsp;&nbsp;&nbsp;sync_fs
<LI><a href="#[177]">&gt;&gt;</a>&nbsp;&nbsp;&nbsp;dir_next
</UL>

<P><STRONG><a name="[ad]"></a>__aeabi_memclr4</STRONG> (Thumb, 0 bytes, Stack size 0 bytes, memseta.o(.text))
<BR><BR>[Called By]<UL><LI><a href="#[a9]">&gt;&gt;</a>&nbsp;&nbsp;&nbsp;FatFs_SD_LoggerStart
<LI><a href="#[84]">&gt;&gt;</a>&nbsp;&nbsp;&nbsp;main
<LI><a href="#[b5]">&gt;&gt;</a>&nbsp;&nbsp;&nbsp;FatFs_SD_RunPhaseBSmokeTest
</UL>

<P><STRONG><a name="[fb]"></a>__aeabi_memclr8</STRONG> (Thumb, 0 bytes, Stack size 0 bytes, memseta.o(.text))
<BR><BR>[Called By]<UL><LI><a href="#[f4]">&gt;&gt;</a>&nbsp;&nbsp;&nbsp;HAL_PCD_MspInit
<LI><a href="#[11f]">&gt;&gt;</a>&nbsp;&nbsp;&nbsp;HAL_SD_MspInit
<LI><a href="#[145]">&gt;&gt;</a>&nbsp;&nbsp;&nbsp;HAL_UART_MspInit
</UL>

<P><STRONG><a name="[99]"></a>_memset$wrapper</STRONG> (Thumb, 18 bytes, Stack size 8 bytes, memseta.o(.text), UNUSED)
<BR><BR>[Calls]<UL><LI><a href="#[98]">&gt;&gt;</a>&nbsp;&nbsp;&nbsp;__aeabi_memset
</UL>

<P><STRONG><a name="[b8]"></a>memcmp</STRONG> (Thumb, 26 bytes, Stack size 12 bytes, memcmp.o(.text))
<BR><BR>[Stack]<UL><LI>Max Depth = 12<LI>Call Chain = memcmp
</UL>
<BR>[Called By]<UL><LI><a href="#[b5]">&gt;&gt;</a>&nbsp;&nbsp;&nbsp;FatFs_SD_RunPhaseBSmokeTest
</UL>

<P><STRONG><a name="[a6]"></a>__aeabi_f2d</STRONG> (Thumb, 38 bytes, Stack size 0 bytes, f2d.o(.text))
<BR><BR>[Called By]<UL><LI><a href="#[a4]">&gt;&gt;</a>&nbsp;&nbsp;&nbsp;FatFs_SD_LoggerAppendRow
</UL>

<P><STRONG><a name="[1d6]"></a>__aeabi_uidiv</STRONG> (Thumb, 0 bytes, Stack size 12 bytes, uidiv.o(.text), UNUSED)

<P><STRONG><a name="[1cd]"></a>__aeabi_uidivmod</STRONG> (Thumb, 44 bytes, Stack size 12 bytes, uidiv.o(.text), UNUSED)
<BR><BR>[Called By]<UL><LI><a href="#[1c7]">&gt;&gt;</a>&nbsp;&nbsp;&nbsp;_printf_core
</UL>

<P><STRONG><a name="[96]"></a>__aeabi_llsl</STRONG> (Thumb, 30 bytes, Stack size 0 bytes, llshl.o(.text))
<BR><BR>[Called By]<UL><LI><a href="#[94]">&gt;&gt;</a>&nbsp;&nbsp;&nbsp;__aeabi_uldivmod
<LI><a href="#[9c]">&gt;&gt;</a>&nbsp;&nbsp;&nbsp;_double_epilogue
<LI><a href="#[9a]">&gt;&gt;</a>&nbsp;&nbsp;&nbsp;__aeabi_dadd
<LI><a href="#[a2]">&gt;&gt;</a>&nbsp;&nbsp;&nbsp;__aeabi_d2ulz
</UL>

<P><STRONG><a name="[1d7]"></a>_ll_shift_l</STRONG> (Thumb, 0 bytes, Stack size 0 bytes, llshl.o(.text), UNUSED)

<P><STRONG><a name="[95]"></a>__aeabi_llsr</STRONG> (Thumb, 32 bytes, Stack size 0 bytes, llushr.o(.text))
<BR><BR>[Called By]<UL><LI><a href="#[94]">&gt;&gt;</a>&nbsp;&nbsp;&nbsp;__aeabi_uldivmod
<LI><a href="#[9c]">&gt;&gt;</a>&nbsp;&nbsp;&nbsp;_double_epilogue
<LI><a href="#[a2]">&gt;&gt;</a>&nbsp;&nbsp;&nbsp;__aeabi_d2ulz
</UL>

<P><STRONG><a name="[1d8]"></a>_ll_ushift_r</STRONG> (Thumb, 0 bytes, Stack size 0 bytes, llushr.o(.text), UNUSED)

<P><STRONG><a name="[1d9]"></a>__I$use$fp</STRONG> (Thumb, 0 bytes, Stack size 48 bytes, iusefp.o(.text), UNUSED)

<P><STRONG><a name="[9a]"></a>__aeabi_dadd</STRONG> (Thumb, 322 bytes, Stack size 48 bytes, dadd.o(.text), UNUSED)
<BR><BR>[Calls]<UL><LI><a href="#[9b]">&gt;&gt;</a>&nbsp;&nbsp;&nbsp;__aeabi_lasr
<LI><a href="#[9d]">&gt;&gt;</a>&nbsp;&nbsp;&nbsp;_double_round
<LI><a href="#[9c]">&gt;&gt;</a>&nbsp;&nbsp;&nbsp;_double_epilogue
<LI><a href="#[96]">&gt;&gt;</a>&nbsp;&nbsp;&nbsp;__aeabi_llsl
</UL>
<BR>[Called By]<UL><LI><a href="#[9f]">&gt;&gt;</a>&nbsp;&nbsp;&nbsp;__aeabi_drsub
<LI><a href="#[9e]">&gt;&gt;</a>&nbsp;&nbsp;&nbsp;__aeabi_dsub
<LI><a href="#[1c9]">&gt;&gt;</a>&nbsp;&nbsp;&nbsp;_fp_digits
</UL>

<P><STRONG><a name="[9e]"></a>__aeabi_dsub</STRONG> (Thumb, 6 bytes, Stack size 0 bytes, dadd.o(.text), UNUSED)
<BR><BR>[Calls]<UL><LI><a href="#[9a]">&gt;&gt;</a>&nbsp;&nbsp;&nbsp;__aeabi_dadd
</UL>

<P><STRONG><a name="[9f]"></a>__aeabi_drsub</STRONG> (Thumb, 6 bytes, Stack size 0 bytes, dadd.o(.text), UNUSED)
<BR><BR>[Calls]<UL><LI><a href="#[9a]">&gt;&gt;</a>&nbsp;&nbsp;&nbsp;__aeabi_dadd
</UL>

<P><STRONG><a name="[a0]"></a>__aeabi_dmul</STRONG> (Thumb, 228 bytes, Stack size 48 bytes, dmul.o(.text), UNUSED)
<BR><BR>[Calls]<UL><LI><a href="#[9c]">&gt;&gt;</a>&nbsp;&nbsp;&nbsp;_double_epilogue
</UL>
<BR>[Called By]<UL><LI><a href="#[1c9]">&gt;&gt;</a>&nbsp;&nbsp;&nbsp;_fp_digits
</UL>

<P><STRONG><a name="[a1]"></a>__aeabi_ddiv</STRONG> (Thumb, 222 bytes, Stack size 32 bytes, ddiv.o(.text), UNUSED)
<BR><BR>[Calls]<UL><LI><a href="#[9d]">&gt;&gt;</a>&nbsp;&nbsp;&nbsp;_double_round
</UL>
<BR>[Called By]<UL><LI><a href="#[1c9]">&gt;&gt;</a>&nbsp;&nbsp;&nbsp;_fp_digits
</UL>

<P><STRONG><a name="[a2]"></a>__aeabi_d2ulz</STRONG> (Thumb, 48 bytes, Stack size 0 bytes, dfixul.o(.text), UNUSED)
<BR><BR>[Calls]<UL><LI><a href="#[95]">&gt;&gt;</a>&nbsp;&nbsp;&nbsp;__aeabi_llsr
<LI><a href="#[96]">&gt;&gt;</a>&nbsp;&nbsp;&nbsp;__aeabi_llsl
</UL>
<BR>[Called By]<UL><LI><a href="#[1c9]">&gt;&gt;</a>&nbsp;&nbsp;&nbsp;_fp_digits
</UL>

<P><STRONG><a name="[1ca]"></a>__aeabi_cdrcmple</STRONG> (Thumb, 48 bytes, Stack size 0 bytes, cdrcmple.o(.text), UNUSED)
<BR><BR>[Called By]<UL><LI><a href="#[1c9]">&gt;&gt;</a>&nbsp;&nbsp;&nbsp;_fp_digits
</UL>

<P><STRONG><a name="[93]"></a>__scatterload</STRONG> (Thumb, 28 bytes, Stack size 0 bytes, init.o(.text))
<BR><BR>[Calls]<UL><LI><a href="#[a3]">&gt;&gt;</a>&nbsp;&nbsp;&nbsp;__main_after_scatterload
</UL>
<BR>[Called By]<UL><LI><a href="#[92]">&gt;&gt;</a>&nbsp;&nbsp;&nbsp;_main_scatterload
</UL>

<P><STRONG><a name="[1da]"></a>__scatterload_rt2</STRONG> (Thumb, 0 bytes, Stack size 0 bytes, init.o(.text), UNUSED)

<P><STRONG><a name="[9b]"></a>__aeabi_lasr</STRONG> (Thumb, 36 bytes, Stack size 0 bytes, llsshr.o(.text), UNUSED)
<BR><BR>[Called By]<UL><LI><a href="#[9a]">&gt;&gt;</a>&nbsp;&nbsp;&nbsp;__aeabi_dadd
</UL>

<P><STRONG><a name="[1db]"></a>_ll_sshift_r</STRONG> (Thumb, 0 bytes, Stack size 0 bytes, llsshr.o(.text), UNUSED)

<P><STRONG><a name="[9d]"></a>_double_round</STRONG> (Thumb, 30 bytes, Stack size 8 bytes, depilogue.o(.text), UNUSED)
<BR><BR>[Called By]<UL><LI><a href="#[9c]">&gt;&gt;</a>&nbsp;&nbsp;&nbsp;_double_epilogue
<LI><a href="#[a1]">&gt;&gt;</a>&nbsp;&nbsp;&nbsp;__aeabi_ddiv
<LI><a href="#[9a]">&gt;&gt;</a>&nbsp;&nbsp;&nbsp;__aeabi_dadd
</UL>

<P><STRONG><a name="[9c]"></a>_double_epilogue</STRONG> (Thumb, 156 bytes, Stack size 32 bytes, depilogue.o(.text), UNUSED)
<BR><BR>[Calls]<UL><LI><a href="#[9d]">&gt;&gt;</a>&nbsp;&nbsp;&nbsp;_double_round
<LI><a href="#[95]">&gt;&gt;</a>&nbsp;&nbsp;&nbsp;__aeabi_llsr
<LI><a href="#[96]">&gt;&gt;</a>&nbsp;&nbsp;&nbsp;__aeabi_llsl
</UL>
<BR>[Called By]<UL><LI><a href="#[a0]">&gt;&gt;</a>&nbsp;&nbsp;&nbsp;__aeabi_dmul
<LI><a href="#[9a]">&gt;&gt;</a>&nbsp;&nbsp;&nbsp;__aeabi_dadd
</UL>

<P><STRONG><a name="[4]"></a>BusFault_Handler</STRONG> (Thumb, 2 bytes, Stack size 0 bytes, stm32u5xx_it.o(.text.BusFault_Handler))
<BR><BR>[Calls]<UL><LI><a href="#[4]">&gt;&gt;</a>&nbsp;&nbsp;&nbsp;BusFault_Handler
</UL>
<BR>[Called By]<UL><LI><a href="#[4]">&gt;&gt;</a>&nbsp;&nbsp;&nbsp;BusFault_Handler
</UL>
<BR>[Address Reference Count : 1]<UL><LI> startup_stm32u575xx.o(RESET)
</UL>
<P><STRONG><a name="[8]"></a>DebugMon_Handler</STRONG> (Thumb, 2 bytes, Stack size 0 bytes, stm32u5xx_it.o(.text.DebugMon_Handler))
<BR>[Address Reference Count : 1]<UL><LI> startup_stm32u575xx.o(RESET)
</UL>
<P><STRONG><a name="[fd]"></a>Error_Handler</STRONG> (Thumb, 10 bytes, Stack size 0 bytes, main.o(.text.Error_Handler))
<BR><BR>[Called By]<UL><LI><a href="#[f4]">&gt;&gt;</a>&nbsp;&nbsp;&nbsp;HAL_PCD_MspInit
<LI><a href="#[11f]">&gt;&gt;</a>&nbsp;&nbsp;&nbsp;HAL_SD_MspInit
<LI><a href="#[145]">&gt;&gt;</a>&nbsp;&nbsp;&nbsp;HAL_UART_MspInit
<LI><a href="#[15c]">&gt;&gt;</a>&nbsp;&nbsp;&nbsp;MX_USB_OTG_FS_PCD_Init
<LI><a href="#[158]">&gt;&gt;</a>&nbsp;&nbsp;&nbsp;MX_USART1_UART_Init
<LI><a href="#[c2]">&gt;&gt;</a>&nbsp;&nbsp;&nbsp;MX_SPI2_Init
<LI><a href="#[157]">&gt;&gt;</a>&nbsp;&nbsp;&nbsp;MX_SPI1_Init
<LI><a href="#[156]">&gt;&gt;</a>&nbsp;&nbsp;&nbsp;MX_SDMMC1_SD_Init
<LI><a href="#[154]">&gt;&gt;</a>&nbsp;&nbsp;&nbsp;MX_ICACHE_Init
</UL>

<P><STRONG><a name="[a4]"></a>FatFs_SD_LoggerAppendRow</STRONG> (Thumb, 582 bytes, Stack size 856 bytes, fatfs_sd.o(.text.FatFs_SD_LoggerAppendRow))
<BR><BR>[Stack]<UL><LI>Max Depth = 1064<LI>Call Chain = FatFs_SD_LoggerAppendRow &rArr; f_write &rArr; create_chain &rArr; put_fat &rArr; disk_write &rArr; SD_disk_write &rArr; HAL_SD_WriteBlocks &rArr; SDMMC_ConfigData
</UL>
<BR>[Calls]<UL><LI><a href="#[a8]">&gt;&gt;</a>&nbsp;&nbsp;&nbsp;f_write
<LI><a href="#[a6]">&gt;&gt;</a>&nbsp;&nbsp;&nbsp;__aeabi_f2d
<LI><a href="#[a5]">&gt;&gt;</a>&nbsp;&nbsp;&nbsp;SDMMC1_IsCardDetected
<LI><a href="#[a7]">&gt;&gt;</a>&nbsp;&nbsp;&nbsp;__2snprintf
</UL>
<BR>[Called By]<UL><LI><a href="#[8a]">&gt;&gt;</a>&nbsp;&nbsp;&nbsp;StartLoggerTask
</UL>

<P><STRONG><a name="[a9]"></a>FatFs_SD_LoggerStart</STRONG> (Thumb, 584 bytes, Stack size 56 bytes, fatfs_sd.o(.text.FatFs_SD_LoggerStart))
<BR><BR>[Stack]<UL><LI>Max Depth = 400<LI>Call Chain = FatFs_SD_LoggerStart &rArr; f_open &rArr; dir_register &rArr; dir_next &rArr; create_chain &rArr; put_fat &rArr; disk_write &rArr; SD_disk_write &rArr; HAL_SD_WriteBlocks &rArr; SDMMC_ConfigData
</UL>
<BR>[Calls]<UL><LI><a href="#[a8]">&gt;&gt;</a>&nbsp;&nbsp;&nbsp;f_write
<LI><a href="#[b1]">&gt;&gt;</a>&nbsp;&nbsp;&nbsp;f_sync
<LI><a href="#[ab]">&gt;&gt;</a>&nbsp;&nbsp;&nbsp;f_stat
<LI><a href="#[b0]">&gt;&gt;</a>&nbsp;&nbsp;&nbsp;f_open
<LI><a href="#[ae]">&gt;&gt;</a>&nbsp;&nbsp;&nbsp;f_mount
<LI><a href="#[af]">&gt;&gt;</a>&nbsp;&nbsp;&nbsp;f_mkdir
<LI><a href="#[ac]">&gt;&gt;</a>&nbsp;&nbsp;&nbsp;f_close
<LI><a href="#[aa]">&gt;&gt;</a>&nbsp;&nbsp;&nbsp;disk_initialize
<LI><a href="#[a5]">&gt;&gt;</a>&nbsp;&nbsp;&nbsp;SDMMC1_IsCardDetected
<LI><a href="#[ad]">&gt;&gt;</a>&nbsp;&nbsp;&nbsp;__aeabi_memclr4
<LI><a href="#[a7]">&gt;&gt;</a>&nbsp;&nbsp;&nbsp;__2snprintf
<LI><a href="#[b2]">&gt;&gt;</a>&nbsp;&nbsp;&nbsp;__2printf
</UL>
<BR>[Called By]<UL><LI><a href="#[8a]">&gt;&gt;</a>&nbsp;&nbsp;&nbsp;StartLoggerTask
</UL>

<P><STRONG><a name="[b3]"></a>FatFs_SD_LoggerStop</STRONG> (Thumb, 72 bytes, Stack size 16 bytes, fatfs_sd.o(.text.FatFs_SD_LoggerStop))
<BR><BR>[Stack]<UL><LI>Max Depth = 176<LI>Call Chain = FatFs_SD_LoggerStop &rArr; f_mount &rArr; find_volume &rArr; disk_write &rArr; SD_disk_write &rArr; HAL_SD_WriteBlocks &rArr; SDMMC_ConfigData
</UL>
<BR>[Calls]<UL><LI><a href="#[b1]">&gt;&gt;</a>&nbsp;&nbsp;&nbsp;f_sync
<LI><a href="#[ae]">&gt;&gt;</a>&nbsp;&nbsp;&nbsp;f_mount
<LI><a href="#[ac]">&gt;&gt;</a>&nbsp;&nbsp;&nbsp;f_close
</UL>
<BR>[Called By]<UL><LI><a href="#[8a]">&gt;&gt;</a>&nbsp;&nbsp;&nbsp;StartLoggerTask
</UL>

<P><STRONG><a name="[b4]"></a>FatFs_SD_LoggerSync</STRONG> (Thumb, 30 bytes, Stack size 0 bytes, fatfs_sd.o(.text.FatFs_SD_LoggerSync))
<BR><BR>[Stack]<UL><LI>Max Depth = 152<LI>Call Chain = FatFs_SD_LoggerSync &rArr; f_sync &rArr; sync_fs &rArr; disk_write &rArr; SD_disk_write &rArr; HAL_SD_WriteBlocks &rArr; SDMMC_ConfigData
</UL>
<BR>[Calls]<UL><LI><a href="#[b1]">&gt;&gt;</a>&nbsp;&nbsp;&nbsp;f_sync
</UL>
<BR>[Called By]<UL><LI><a href="#[8a]">&gt;&gt;</a>&nbsp;&nbsp;&nbsp;StartLoggerTask
</UL>

<P><STRONG><a name="[170]"></a>FatFs_SD_ResultToString</STRONG> (Thumb, 30 bytes, Stack size 0 bytes, fatfs_sd.o(.text.FatFs_SD_ResultToString))
<BR><BR>[Called By]<UL><LI><a href="#[8a]">&gt;&gt;</a>&nbsp;&nbsp;&nbsp;StartLoggerTask
</UL>

<P><STRONG><a name="[b5]"></a>FatFs_SD_RunPhaseBSmokeTest</STRONG> (Thumb, 1280 bytes, Stack size 1184 bytes, fatfs_sd.o(.text.FatFs_SD_RunPhaseBSmokeTest))
<BR><BR>[Stack]<UL><LI>Max Depth = 1528<LI>Call Chain = FatFs_SD_RunPhaseBSmokeTest &rArr; f_open &rArr; dir_register &rArr; dir_next &rArr; create_chain &rArr; put_fat &rArr; disk_write &rArr; SD_disk_write &rArr; HAL_SD_WriteBlocks &rArr; SDMMC_ConfigData
</UL>
<BR>[Calls]<UL><LI><a href="#[a8]">&gt;&gt;</a>&nbsp;&nbsp;&nbsp;f_write
<LI><a href="#[b1]">&gt;&gt;</a>&nbsp;&nbsp;&nbsp;f_sync
<LI><a href="#[b7]">&gt;&gt;</a>&nbsp;&nbsp;&nbsp;f_read
<LI><a href="#[b0]">&gt;&gt;</a>&nbsp;&nbsp;&nbsp;f_open
<LI><a href="#[ae]">&gt;&gt;</a>&nbsp;&nbsp;&nbsp;f_mount
<LI><a href="#[ac]">&gt;&gt;</a>&nbsp;&nbsp;&nbsp;f_close
<LI><a href="#[aa]">&gt;&gt;</a>&nbsp;&nbsp;&nbsp;disk_initialize
<LI><a href="#[b9]">&gt;&gt;</a>&nbsp;&nbsp;&nbsp;SD_disk_read
<LI><a href="#[a5]">&gt;&gt;</a>&nbsp;&nbsp;&nbsp;SDMMC1_IsCardDetected
<LI><a href="#[b8]">&gt;&gt;</a>&nbsp;&nbsp;&nbsp;memcmp
<LI><a href="#[ad]">&gt;&gt;</a>&nbsp;&nbsp;&nbsp;__aeabi_memclr4
<LI><a href="#[b6]">&gt;&gt;</a>&nbsp;&nbsp;&nbsp;puts
<LI><a href="#[b2]">&gt;&gt;</a>&nbsp;&nbsp;&nbsp;__2printf
</UL>
<BR>[Called By]<UL><LI><a href="#[84]">&gt;&gt;</a>&nbsp;&nbsp;&nbsp;main
</UL>

<P><STRONG><a name="[c3]"></a>H3LIS100DL_Init</STRONG> (Thumb, 732 bytes, Stack size 48 bytes, h3lis100dl.o(.text.H3LIS100DL_Init))
<BR><BR>[Stack]<UL><LI>Max Depth = 280<LI>Call Chain = H3LIS100DL_Init &rArr; H3LIS100DL_PrintInitDiagnostics &rArr; H3LIS100DL_DiagRunBitBangRead &rArr; MX_SPI2_Init &rArr; HAL_GPIO_Init
</UL>
<BR>[Calls]<UL><LI><a href="#[be]">&gt;&gt;</a>&nbsp;&nbsp;&nbsp;HAL_SPI_TransmitReceive
<LI><a href="#[c5]">&gt;&gt;</a>&nbsp;&nbsp;&nbsp;HAL_SPI_Transmit
<LI><a href="#[c4]">&gt;&gt;</a>&nbsp;&nbsp;&nbsp;HAL_Delay
<LI><a href="#[bc]">&gt;&gt;</a>&nbsp;&nbsp;&nbsp;HAL_GPIO_WritePin
<LI><a href="#[b6]">&gt;&gt;</a>&nbsp;&nbsp;&nbsp;puts
<LI><a href="#[c6]">&gt;&gt;</a>&nbsp;&nbsp;&nbsp;H3LIS100DL_PrintInitDiagnostics
<LI><a href="#[b2]">&gt;&gt;</a>&nbsp;&nbsp;&nbsp;__2printf
</UL>
<BR>[Called By]<UL><LI><a href="#[88]">&gt;&gt;</a>&nbsp;&nbsp;&nbsp;StartH3lis100dlTask
</UL>

<P><STRONG><a name="[c8]"></a>H3LIS100DL_ReadAccXYZ</STRONG> (Thumb, 388 bytes, Stack size 32 bytes, h3lis100dl.o(.text.H3LIS100DL_ReadAccXYZ))
<BR><BR>[Stack]<UL><LI>Max Depth = 64<LI>Call Chain = H3LIS100DL_ReadAccXYZ &rArr; HAL_SPI_TransmitReceive
</UL>
<BR>[Calls]<UL><LI><a href="#[be]">&gt;&gt;</a>&nbsp;&nbsp;&nbsp;HAL_SPI_TransmitReceive
<LI><a href="#[bc]">&gt;&gt;</a>&nbsp;&nbsp;&nbsp;HAL_GPIO_WritePin
</UL>
<BR>[Called By]<UL><LI><a href="#[88]">&gt;&gt;</a>&nbsp;&nbsp;&nbsp;StartH3lis100dlTask
</UL>

<P><STRONG><a name="[c4]"></a>HAL_Delay</STRONG> (Thumb, 40 bytes, Stack size 16 bytes, stm32u5xx_hal.o(.text.HAL_Delay))
<BR><BR>[Stack]<UL><LI>Max Depth = 16<LI>Call Chain = HAL_Delay
</UL>
<BR>[Calls]<UL><LI><a href="#[c9]">&gt;&gt;</a>&nbsp;&nbsp;&nbsp;HAL_GetTick
</UL>
<BR>[Called By]<UL><LI><a href="#[160]">&gt;&gt;</a>&nbsp;&nbsp;&nbsp;QMA6100P_Init
<LI><a href="#[14c]">&gt;&gt;</a>&nbsp;&nbsp;&nbsp;LSM6DSOX_Init
<LI><a href="#[c3]">&gt;&gt;</a>&nbsp;&nbsp;&nbsp;H3LIS100DL_Init
<LI><a href="#[f7]">&gt;&gt;</a>&nbsp;&nbsp;&nbsp;USB_SetCurrentMode
<LI><a href="#[120]">&gt;&gt;</a>&nbsp;&nbsp;&nbsp;HAL_SD_InitCard
<LI><a href="#[c6]">&gt;&gt;</a>&nbsp;&nbsp;&nbsp;H3LIS100DL_PrintInitDiagnostics
<LI><a href="#[163]">&gt;&gt;</a>&nbsp;&nbsp;&nbsp;QMA6100P_ReadRawXYZ
<LI><a href="#[161]">&gt;&gt;</a>&nbsp;&nbsp;&nbsp;QMA6100P_PrintInitDiagnostics
</UL>

<P><STRONG><a name="[c1]"></a>HAL_GPIO_Init</STRONG> (Thumb, 538 bytes, Stack size 40 bytes, stm32u5xx_hal_gpio.o(.text.HAL_GPIO_Init))
<BR><BR>[Stack]<UL><LI>Max Depth = 40<LI>Call Chain = HAL_GPIO_Init
</UL>
<BR>[Called By]<UL><LI><a href="#[f4]">&gt;&gt;</a>&nbsp;&nbsp;&nbsp;HAL_PCD_MspInit
<LI><a href="#[11f]">&gt;&gt;</a>&nbsp;&nbsp;&nbsp;HAL_SD_MspInit
<LI><a href="#[145]">&gt;&gt;</a>&nbsp;&nbsp;&nbsp;HAL_UART_MspInit
<LI><a href="#[c2]">&gt;&gt;</a>&nbsp;&nbsp;&nbsp;MX_SPI2_Init
<LI><a href="#[157]">&gt;&gt;</a>&nbsp;&nbsp;&nbsp;MX_SPI1_Init
<LI><a href="#[153]">&gt;&gt;</a>&nbsp;&nbsp;&nbsp;MX_GPIO_Init
<LI><a href="#[c6]">&gt;&gt;</a>&nbsp;&nbsp;&nbsp;H3LIS100DL_PrintInitDiagnostics
<LI><a href="#[bf]">&gt;&gt;</a>&nbsp;&nbsp;&nbsp;H3LIS100DL_DiagRunBitBangRead
<LI><a href="#[161]">&gt;&gt;</a>&nbsp;&nbsp;&nbsp;QMA6100P_PrintInitDiagnostics
<LI><a href="#[15f]">&gt;&gt;</a>&nbsp;&nbsp;&nbsp;QMA6100P_DiagRunBitBangRead
</UL>

<P><STRONG><a name="[bb]"></a>HAL_GPIO_ReadPin</STRONG> (Thumb, 10 bytes, Stack size 0 bytes, stm32u5xx_hal_gpio.o(.text.HAL_GPIO_ReadPin))
<BR><BR>[Called By]<UL><LI><a href="#[84]">&gt;&gt;</a>&nbsp;&nbsp;&nbsp;main
<LI><a href="#[a5]">&gt;&gt;</a>&nbsp;&nbsp;&nbsp;SDMMC1_IsCardDetected
<LI><a href="#[c6]">&gt;&gt;</a>&nbsp;&nbsp;&nbsp;H3LIS100DL_PrintInitDiagnostics
<LI><a href="#[ba]">&gt;&gt;</a>&nbsp;&nbsp;&nbsp;H3LIS100DL_DiagBitBangTransfer
<LI><a href="#[161]">&gt;&gt;</a>&nbsp;&nbsp;&nbsp;QMA6100P_PrintInitDiagnostics
<LI><a href="#[15d]">&gt;&gt;</a>&nbsp;&nbsp;&nbsp;QMA6100P_DiagBitBangTransfer
</UL>

<P><STRONG><a name="[bc]"></a>HAL_GPIO_WritePin</STRONG> (Thumb, 12 bytes, Stack size 0 bytes, stm32u5xx_hal_gpio.o(.text.HAL_GPIO_WritePin))
<BR><BR>[Called By]<UL><LI><a href="#[160]">&gt;&gt;</a>&nbsp;&nbsp;&nbsp;QMA6100P_Init
<LI><a href="#[14f]">&gt;&gt;</a>&nbsp;&nbsp;&nbsp;LSM6DSOX_ReadStatus
<LI><a href="#[14e]">&gt;&gt;</a>&nbsp;&nbsp;&nbsp;LSM6DSOX_ReadAllData
<LI><a href="#[14c]">&gt;&gt;</a>&nbsp;&nbsp;&nbsp;LSM6DSOX_Init
<LI><a href="#[c8]">&gt;&gt;</a>&nbsp;&nbsp;&nbsp;H3LIS100DL_ReadAccXYZ
<LI><a href="#[c3]">&gt;&gt;</a>&nbsp;&nbsp;&nbsp;H3LIS100DL_Init
<LI><a href="#[c2]">&gt;&gt;</a>&nbsp;&nbsp;&nbsp;MX_SPI2_Init
<LI><a href="#[157]">&gt;&gt;</a>&nbsp;&nbsp;&nbsp;MX_SPI1_Init
<LI><a href="#[c6]">&gt;&gt;</a>&nbsp;&nbsp;&nbsp;H3LIS100DL_PrintInitDiagnostics
<LI><a href="#[bf]">&gt;&gt;</a>&nbsp;&nbsp;&nbsp;H3LIS100DL_DiagRunBitBangRead
<LI><a href="#[bd]">&gt;&gt;</a>&nbsp;&nbsp;&nbsp;H3LIS100DL_DiagReadWhoAmIRaw
<LI><a href="#[ba]">&gt;&gt;</a>&nbsp;&nbsp;&nbsp;H3LIS100DL_DiagBitBangTransfer
<LI><a href="#[163]">&gt;&gt;</a>&nbsp;&nbsp;&nbsp;QMA6100P_ReadRawXYZ
<LI><a href="#[161]">&gt;&gt;</a>&nbsp;&nbsp;&nbsp;QMA6100P_PrintInitDiagnostics
<LI><a href="#[15f]">&gt;&gt;</a>&nbsp;&nbsp;&nbsp;QMA6100P_DiagRunBitBangRead
<LI><a href="#[15e]">&gt;&gt;</a>&nbsp;&nbsp;&nbsp;QMA6100P_DiagReadChipIdRaw
<LI><a href="#[15d]">&gt;&gt;</a>&nbsp;&nbsp;&nbsp;QMA6100P_DiagBitBangTransfer
<LI><a href="#[14d]">&gt;&gt;</a>&nbsp;&nbsp;&nbsp;LSM6DSOX_ReadID
<LI><a href="#[14b]">&gt;&gt;</a>&nbsp;&nbsp;&nbsp;LSM6DSOX_Configure
</UL>

<P><STRONG><a name="[c9]"></a>HAL_GetTick</STRONG> (Thumb, 12 bytes, Stack size 0 bytes, stm32u5xx_hal.o(.text.HAL_GetTick))
<BR><BR>[Called By]<UL><LI><a href="#[be]">&gt;&gt;</a>&nbsp;&nbsp;&nbsp;HAL_SPI_TransmitReceive
<LI><a href="#[c5]">&gt;&gt;</a>&nbsp;&nbsp;&nbsp;HAL_SPI_Transmit
<LI><a href="#[c4]">&gt;&gt;</a>&nbsp;&nbsp;&nbsp;HAL_Delay
<LI><a href="#[12e]">&gt;&gt;</a>&nbsp;&nbsp;&nbsp;HAL_SD_WriteBlocks
<LI><a href="#[12b]">&gt;&gt;</a>&nbsp;&nbsp;&nbsp;HAL_SD_ReadBlocks
<LI><a href="#[11e]">&gt;&gt;</a>&nbsp;&nbsp;&nbsp;HAL_SD_Init
<LI><a href="#[149]">&gt;&gt;</a>&nbsp;&nbsp;&nbsp;HAL_UART_Transmit
<LI><a href="#[fc]">&gt;&gt;</a>&nbsp;&nbsp;&nbsp;HAL_RCCEx_PeriphCLKConfig
<LI><a href="#[ca]">&gt;&gt;</a>&nbsp;&nbsp;&nbsp;HAL_ICACHE_Disable
<LI><a href="#[107]">&gt;&gt;</a>&nbsp;&nbsp;&nbsp;HAL_RCC_OscConfig
<LI><a href="#[106]">&gt;&gt;</a>&nbsp;&nbsp;&nbsp;HAL_RCC_ClockConfig
<LI><a href="#[105]">&gt;&gt;</a>&nbsp;&nbsp;&nbsp;RCCEx_PLL3_Config
<LI><a href="#[104]">&gt;&gt;</a>&nbsp;&nbsp;&nbsp;RCCEx_PLL2_Config
<LI><a href="#[120]">&gt;&gt;</a>&nbsp;&nbsp;&nbsp;HAL_SD_InitCard
<LI><a href="#[112]">&gt;&gt;</a>&nbsp;&nbsp;&nbsp;HAL_SD_GetCardStatus
<LI><a href="#[10b]">&gt;&gt;</a>&nbsp;&nbsp;&nbsp;SD_FindSCR
<LI><a href="#[14a]">&gt;&gt;</a>&nbsp;&nbsp;&nbsp;UART_WaitOnFlagUntilTimeout
<LI><a href="#[148]">&gt;&gt;</a>&nbsp;&nbsp;&nbsp;UART_CheckIdleState
</UL>

<P><STRONG><a name="[ca]"></a>HAL_ICACHE_Disable</STRONG> (Thumb, 68 bytes, Stack size 16 bytes, stm32u5xx_hal_icache.o(.text.HAL_ICACHE_Disable))
<BR><BR>[Stack]<UL><LI>Max Depth = 16<LI>Call Chain = HAL_ICACHE_Disable
</UL>
<BR>[Calls]<UL><LI><a href="#[c9]">&gt;&gt;</a>&nbsp;&nbsp;&nbsp;HAL_GetTick
</UL>
<BR>[Called By]<UL><LI><a href="#[154]">&gt;&gt;</a>&nbsp;&nbsp;&nbsp;MX_ICACHE_Init
</UL>

<P><STRONG><a name="[155]"></a>HAL_ICACHE_EnableRemapRegion</STRONG> (Thumb, 76 bytes, Stack size 16 bytes, stm32u5xx_hal_icache.o(.text.HAL_ICACHE_EnableRemapRegion))
<BR><BR>[Stack]<UL><LI>Max Depth = 16<LI>Call Chain = HAL_ICACHE_EnableRemapRegion
</UL>
<BR>[Called By]<UL><LI><a href="#[154]">&gt;&gt;</a>&nbsp;&nbsp;&nbsp;MX_ICACHE_Init
</UL>

<P><STRONG><a name="[143]"></a>HAL_IncTick</STRONG> (Thumb, 26 bytes, Stack size 0 bytes, stm32u5xx_hal.o(.text.HAL_IncTick))
<BR><BR>[Called By]<UL><LI><a href="#[139]">&gt;&gt;</a>&nbsp;&nbsp;&nbsp;HAL_TIM_PeriodElapsedCallback
</UL>

<P><STRONG><a name="[cb]"></a>HAL_Init</STRONG> (Thumb, 86 bytes, Stack size 8 bytes, stm32u5xx_hal.o(.text.HAL_Init))
<BR><BR>[Stack]<UL><LI>Max Depth = 72<LI>Call Chain = HAL_Init &rArr; HAL_InitTick &rArr; HAL_TIM_Base_Init &rArr; TIM_Base_SetConfig
</UL>
<BR>[Calls]<UL><LI><a href="#[cd]">&gt;&gt;</a>&nbsp;&nbsp;&nbsp;HAL_RCC_GetSysClockFreq
<LI><a href="#[cc]">&gt;&gt;</a>&nbsp;&nbsp;&nbsp;HAL_NVIC_SetPriorityGrouping
<LI><a href="#[ce]">&gt;&gt;</a>&nbsp;&nbsp;&nbsp;HAL_InitTick
<LI><a href="#[cf]">&gt;&gt;</a>&nbsp;&nbsp;&nbsp;HAL_MspInit
</UL>
<BR>[Called By]<UL><LI><a href="#[84]">&gt;&gt;</a>&nbsp;&nbsp;&nbsp;main
</UL>

<P><STRONG><a name="[ce]"></a>HAL_InitTick</STRONG> (Thumb, 162 bytes, Stack size 48 bytes, stm32u5xx_hal_timebase_tim.o(.text.HAL_InitTick))
<BR><BR>[Stack]<UL><LI>Max Depth = 64<LI>Call Chain = HAL_InitTick &rArr; HAL_TIM_Base_Init &rArr; TIM_Base_SetConfig
</UL>
<BR>[Calls]<UL><LI><a href="#[d3]">&gt;&gt;</a>&nbsp;&nbsp;&nbsp;HAL_TIM_Base_Start_IT
<LI><a href="#[d2]">&gt;&gt;</a>&nbsp;&nbsp;&nbsp;HAL_TIM_Base_Init
<LI><a href="#[d1]">&gt;&gt;</a>&nbsp;&nbsp;&nbsp;HAL_RCC_GetPCLK1Freq
<LI><a href="#[d0]">&gt;&gt;</a>&nbsp;&nbsp;&nbsp;HAL_RCC_GetClockConfig
<LI><a href="#[d5]">&gt;&gt;</a>&nbsp;&nbsp;&nbsp;HAL_NVIC_EnableIRQ
<LI><a href="#[d4]">&gt;&gt;</a>&nbsp;&nbsp;&nbsp;HAL_NVIC_SetPriority
</UL>
<BR>[Called By]<UL><LI><a href="#[107]">&gt;&gt;</a>&nbsp;&nbsp;&nbsp;HAL_RCC_OscConfig
<LI><a href="#[106]">&gt;&gt;</a>&nbsp;&nbsp;&nbsp;HAL_RCC_ClockConfig
<LI><a href="#[cb]">&gt;&gt;</a>&nbsp;&nbsp;&nbsp;HAL_Init
</UL>

<P><STRONG><a name="[cf]"></a>HAL_MspInit</STRONG> (Thumb, 52 bytes, Stack size 16 bytes, stm32u5xx_hal_msp.o(.text.HAL_MspInit))
<BR><BR>[Stack]<UL><LI>Max Depth = 24<LI>Call Chain = HAL_MspInit &rArr; HAL_NVIC_SetPriority
</UL>
<BR>[Calls]<UL><LI><a href="#[d6]">&gt;&gt;</a>&nbsp;&nbsp;&nbsp;HAL_PWREx_EnableVddUSB
<LI><a href="#[d4]">&gt;&gt;</a>&nbsp;&nbsp;&nbsp;HAL_NVIC_SetPriority
</UL>
<BR>[Called By]<UL><LI><a href="#[cb]">&gt;&gt;</a>&nbsp;&nbsp;&nbsp;HAL_Init
</UL>

<P><STRONG><a name="[d5]"></a>HAL_NVIC_EnableIRQ</STRONG> (Thumb, 32 bytes, Stack size 0 bytes, stm32u5xx_hal_cortex.o(.text.HAL_NVIC_EnableIRQ))
<BR><BR>[Called By]<UL><LI><a href="#[f4]">&gt;&gt;</a>&nbsp;&nbsp;&nbsp;HAL_PCD_MspInit
<LI><a href="#[11f]">&gt;&gt;</a>&nbsp;&nbsp;&nbsp;HAL_SD_MspInit
<LI><a href="#[ce]">&gt;&gt;</a>&nbsp;&nbsp;&nbsp;HAL_InitTick
</UL>

<P><STRONG><a name="[d4]"></a>HAL_NVIC_SetPriority</STRONG> (Thumb, 86 bytes, Stack size 8 bytes, stm32u5xx_hal_cortex.o(.text.HAL_NVIC_SetPriority))
<BR><BR>[Stack]<UL><LI>Max Depth = 8<LI>Call Chain = HAL_NVIC_SetPriority
</UL>
<BR>[Called By]<UL><LI><a href="#[f4]">&gt;&gt;</a>&nbsp;&nbsp;&nbsp;HAL_PCD_MspInit
<LI><a href="#[11f]">&gt;&gt;</a>&nbsp;&nbsp;&nbsp;HAL_SD_MspInit
<LI><a href="#[ce]">&gt;&gt;</a>&nbsp;&nbsp;&nbsp;HAL_InitTick
<LI><a href="#[cf]">&gt;&gt;</a>&nbsp;&nbsp;&nbsp;HAL_MspInit
</UL>

<P><STRONG><a name="[cc]"></a>HAL_NVIC_SetPriorityGrouping</STRONG> (Thumb, 32 bytes, Stack size 0 bytes, stm32u5xx_hal_cortex.o(.text.HAL_NVIC_SetPriorityGrouping))
<BR><BR>[Called By]<UL><LI><a href="#[cb]">&gt;&gt;</a>&nbsp;&nbsp;&nbsp;HAL_Init
</UL>

<P><STRONG><a name="[f9]"></a>HAL_PCDEx_ActivateLPM</STRONG> (Thumb, 38 bytes, Stack size 0 bytes, stm32u5xx_hal_pcd_ex.o(.text.HAL_PCDEx_ActivateLPM))
<BR><BR>[Called By]<UL><LI><a href="#[f3]">&gt;&gt;</a>&nbsp;&nbsp;&nbsp;HAL_PCD_Init
</UL>

<P><STRONG><a name="[e7]"></a>HAL_PCDEx_LPM_Callback</STRONG> (Thumb, 2 bytes, Stack size 0 bytes, stm32u5xx_hal_pcd_ex.o(.text.HAL_PCDEx_LPM_Callback))
<BR><BR>[Called By]<UL><LI><a href="#[d7]">&gt;&gt;</a>&nbsp;&nbsp;&nbsp;HAL_PCD_IRQHandler
</UL>

<P><STRONG><a name="[f1]"></a>HAL_PCD_ConnectCallback</STRONG> (Thumb, 2 bytes, Stack size 0 bytes, stm32u5xx_hal_pcd.o(.text.HAL_PCD_ConnectCallback))
<BR><BR>[Called By]<UL><LI><a href="#[d7]">&gt;&gt;</a>&nbsp;&nbsp;&nbsp;HAL_PCD_IRQHandler
</UL>

<P><STRONG><a name="[e3]"></a>HAL_PCD_DataInStageCallback</STRONG> (Thumb, 2 bytes, Stack size 0 bytes, stm32u5xx_hal_pcd.o(.text.HAL_PCD_DataInStageCallback))
<BR><BR>[Called By]<UL><LI><a href="#[d7]">&gt;&gt;</a>&nbsp;&nbsp;&nbsp;HAL_PCD_IRQHandler
</UL>

<P><STRONG><a name="[dd]"></a>HAL_PCD_DataOutStageCallback</STRONG> (Thumb, 2 bytes, Stack size 0 bytes, stm32u5xx_hal_pcd.o(.text.HAL_PCD_DataOutStageCallback))
<BR><BR>[Called By]<UL><LI><a href="#[d7]">&gt;&gt;</a>&nbsp;&nbsp;&nbsp;HAL_PCD_IRQHandler
</UL>

<P><STRONG><a name="[f2]"></a>HAL_PCD_DisconnectCallback</STRONG> (Thumb, 2 bytes, Stack size 0 bytes, stm32u5xx_hal_pcd.o(.text.HAL_PCD_DisconnectCallback))
<BR><BR>[Called By]<UL><LI><a href="#[d7]">&gt;&gt;</a>&nbsp;&nbsp;&nbsp;HAL_PCD_IRQHandler
</UL>

<P><STRONG><a name="[d7]"></a>HAL_PCD_IRQHandler</STRONG> (Thumb, 2532 bytes, Stack size 72 bytes, stm32u5xx_hal_pcd.o(.text.HAL_PCD_IRQHandler))
<BR><BR>[Stack]<UL><LI>Max Depth = 88<LI>Call Chain = HAL_PCD_IRQHandler &rArr; HAL_RCC_GetHCLKFreq &rArr; HAL_RCC_GetSysClockFreq
</UL>
<BR>[Calls]<UL><LI><a href="#[ec]">&gt;&gt;</a>&nbsp;&nbsp;&nbsp;HAL_RCC_GetHCLKFreq
<LI><a href="#[e6]">&gt;&gt;</a>&nbsp;&nbsp;&nbsp;USB_WritePacket
<LI><a href="#[ed]">&gt;&gt;</a>&nbsp;&nbsp;&nbsp;USB_SetTurnaroundTime
<LI><a href="#[da]">&gt;&gt;</a>&nbsp;&nbsp;&nbsp;USB_ReadPacket
<LI><a href="#[d9]">&gt;&gt;</a>&nbsp;&nbsp;&nbsp;USB_ReadInterrupts
<LI><a href="#[dc]">&gt;&gt;</a>&nbsp;&nbsp;&nbsp;USB_ReadDevOutEPInterrupt
<LI><a href="#[e2]">&gt;&gt;</a>&nbsp;&nbsp;&nbsp;USB_ReadDevInEPInterrupt
<LI><a href="#[db]">&gt;&gt;</a>&nbsp;&nbsp;&nbsp;USB_ReadDevAllOutEpInterrupt
<LI><a href="#[e1]">&gt;&gt;</a>&nbsp;&nbsp;&nbsp;USB_ReadDevAllInEpInterrupt
<LI><a href="#[d8]">&gt;&gt;</a>&nbsp;&nbsp;&nbsp;USB_GetMode
<LI><a href="#[eb]">&gt;&gt;</a>&nbsp;&nbsp;&nbsp;USB_GetDevSpeed
<LI><a href="#[e4]">&gt;&gt;</a>&nbsp;&nbsp;&nbsp;USB_FlushTxFifo
<LI><a href="#[f0]">&gt;&gt;</a>&nbsp;&nbsp;&nbsp;USB_EPStopXfer
<LI><a href="#[de]">&gt;&gt;</a>&nbsp;&nbsp;&nbsp;USB_EP0_OutStart
<LI><a href="#[ea]">&gt;&gt;</a>&nbsp;&nbsp;&nbsp;USB_ActivateSetup
<LI><a href="#[e9]">&gt;&gt;</a>&nbsp;&nbsp;&nbsp;HAL_PCD_SuspendCallback
<LI><a href="#[df]">&gt;&gt;</a>&nbsp;&nbsp;&nbsp;HAL_PCD_SetupStageCallback
<LI><a href="#[ef]">&gt;&gt;</a>&nbsp;&nbsp;&nbsp;HAL_PCD_SOFCallback
<LI><a href="#[e8]">&gt;&gt;</a>&nbsp;&nbsp;&nbsp;HAL_PCD_ResumeCallback
<LI><a href="#[ee]">&gt;&gt;</a>&nbsp;&nbsp;&nbsp;HAL_PCD_ResetCallback
<LI><a href="#[e0]">&gt;&gt;</a>&nbsp;&nbsp;&nbsp;HAL_PCD_ISOOUTIncompleteCallback
<LI><a href="#[e5]">&gt;&gt;</a>&nbsp;&nbsp;&nbsp;HAL_PCD_ISOINIncompleteCallback
<LI><a href="#[f2]">&gt;&gt;</a>&nbsp;&nbsp;&nbsp;HAL_PCD_DisconnectCallback
<LI><a href="#[dd]">&gt;&gt;</a>&nbsp;&nbsp;&nbsp;HAL_PCD_DataOutStageCallback
<LI><a href="#[e3]">&gt;&gt;</a>&nbsp;&nbsp;&nbsp;HAL_PCD_DataInStageCallback
<LI><a href="#[f1]">&gt;&gt;</a>&nbsp;&nbsp;&nbsp;HAL_PCD_ConnectCallback
<LI><a href="#[e7]">&gt;&gt;</a>&nbsp;&nbsp;&nbsp;HAL_PCDEx_LPM_Callback
</UL>
<BR>[Called By]<UL><LI><a href="#[53]">&gt;&gt;</a>&nbsp;&nbsp;&nbsp;OTG_FS_IRQHandler
</UL>

<P><STRONG><a name="[e5]"></a>HAL_PCD_ISOINIncompleteCallback</STRONG> (Thumb, 2 bytes, Stack size 0 bytes, stm32u5xx_hal_pcd.o(.text.HAL_PCD_ISOINIncompleteCallback))
<BR><BR>[Called By]<UL><LI><a href="#[d7]">&gt;&gt;</a>&nbsp;&nbsp;&nbsp;HAL_PCD_IRQHandler
</UL>

<P><STRONG><a name="[e0]"></a>HAL_PCD_ISOOUTIncompleteCallback</STRONG> (Thumb, 2 bytes, Stack size 0 bytes, stm32u5xx_hal_pcd.o(.text.HAL_PCD_ISOOUTIncompleteCallback))
<BR><BR>[Called By]<UL><LI><a href="#[d7]">&gt;&gt;</a>&nbsp;&nbsp;&nbsp;HAL_PCD_IRQHandler
</UL>

<P><STRONG><a name="[f3]"></a>HAL_PCD_Init</STRONG> (Thumb, 642 bytes, Stack size 24 bytes, stm32u5xx_hal_pcd.o(.text.HAL_PCD_Init))
<BR><BR>[Stack]<UL><LI>Max Depth = 328<LI>Call Chain = HAL_PCD_Init &rArr; HAL_PCD_MspInit &rArr; HAL_RCCEx_PeriphCLKConfig &rArr; RCCEx_PLL3_Config
</UL>
<BR>[Calls]<UL><LI><a href="#[f4]">&gt;&gt;</a>&nbsp;&nbsp;&nbsp;HAL_PCD_MspInit
<LI><a href="#[f7]">&gt;&gt;</a>&nbsp;&nbsp;&nbsp;USB_SetCurrentMode
<LI><a href="#[f5]">&gt;&gt;</a>&nbsp;&nbsp;&nbsp;USB_DisableGlobalInt
<LI><a href="#[f8]">&gt;&gt;</a>&nbsp;&nbsp;&nbsp;USB_DevInit
<LI><a href="#[fa]">&gt;&gt;</a>&nbsp;&nbsp;&nbsp;USB_DevDisconnect
<LI><a href="#[f6]">&gt;&gt;</a>&nbsp;&nbsp;&nbsp;USB_CoreInit
<LI><a href="#[f9]">&gt;&gt;</a>&nbsp;&nbsp;&nbsp;HAL_PCDEx_ActivateLPM
</UL>
<BR>[Called By]<UL><LI><a href="#[15c]">&gt;&gt;</a>&nbsp;&nbsp;&nbsp;MX_USB_OTG_FS_PCD_Init
</UL>

<P><STRONG><a name="[f4]"></a>HAL_PCD_MspInit</STRONG> (Thumb, 208 bytes, Stack size 248 bytes, usb_otg.o(.text.HAL_PCD_MspInit))
<BR><BR>[Stack]<UL><LI>Max Depth = 304<LI>Call Chain = HAL_PCD_MspInit &rArr; HAL_RCCEx_PeriphCLKConfig &rArr; RCCEx_PLL3_Config
</UL>
<BR>[Calls]<UL><LI><a href="#[fc]">&gt;&gt;</a>&nbsp;&nbsp;&nbsp;HAL_RCCEx_PeriphCLKConfig
<LI><a href="#[d5]">&gt;&gt;</a>&nbsp;&nbsp;&nbsp;HAL_NVIC_EnableIRQ
<LI><a href="#[d6]">&gt;&gt;</a>&nbsp;&nbsp;&nbsp;HAL_PWREx_EnableVddUSB
<LI><a href="#[d4]">&gt;&gt;</a>&nbsp;&nbsp;&nbsp;HAL_NVIC_SetPriority
<LI><a href="#[c1]">&gt;&gt;</a>&nbsp;&nbsp;&nbsp;HAL_GPIO_Init
<LI><a href="#[fd]">&gt;&gt;</a>&nbsp;&nbsp;&nbsp;Error_Handler
<LI><a href="#[fb]">&gt;&gt;</a>&nbsp;&nbsp;&nbsp;__aeabi_memclr8
</UL>
<BR>[Called By]<UL><LI><a href="#[f3]">&gt;&gt;</a>&nbsp;&nbsp;&nbsp;HAL_PCD_Init
</UL>

<P><STRONG><a name="[ee]"></a>HAL_PCD_ResetCallback</STRONG> (Thumb, 2 bytes, Stack size 0 bytes, stm32u5xx_hal_pcd.o(.text.HAL_PCD_ResetCallback))
<BR><BR>[Called By]<UL><LI><a href="#[d7]">&gt;&gt;</a>&nbsp;&nbsp;&nbsp;HAL_PCD_IRQHandler
</UL>

<P><STRONG><a name="[e8]"></a>HAL_PCD_ResumeCallback</STRONG> (Thumb, 2 bytes, Stack size 0 bytes, stm32u5xx_hal_pcd.o(.text.HAL_PCD_ResumeCallback))
<BR><BR>[Called By]<UL><LI><a href="#[d7]">&gt;&gt;</a>&nbsp;&nbsp;&nbsp;HAL_PCD_IRQHandler
</UL>

<P><STRONG><a name="[ef]"></a>HAL_PCD_SOFCallback</STRONG> (Thumb, 2 bytes, Stack size 0 bytes, stm32u5xx_hal_pcd.o(.text.HAL_PCD_SOFCallback))
<BR><BR>[Called By]<UL><LI><a href="#[d7]">&gt;&gt;</a>&nbsp;&nbsp;&nbsp;HAL_PCD_IRQHandler
</UL>

<P><STRONG><a name="[df]"></a>HAL_PCD_SetupStageCallback</STRONG> (Thumb, 2 bytes, Stack size 0 bytes, stm32u5xx_hal_pcd.o(.text.HAL_PCD_SetupStageCallback))
<BR><BR>[Called By]<UL><LI><a href="#[d7]">&gt;&gt;</a>&nbsp;&nbsp;&nbsp;HAL_PCD_IRQHandler
</UL>

<P><STRONG><a name="[e9]"></a>HAL_PCD_SuspendCallback</STRONG> (Thumb, 2 bytes, Stack size 0 bytes, stm32u5xx_hal_pcd.o(.text.HAL_PCD_SuspendCallback))
<BR><BR>[Called By]<UL><LI><a href="#[d7]">&gt;&gt;</a>&nbsp;&nbsp;&nbsp;HAL_PCD_IRQHandler
</UL>

<P><STRONG><a name="[184]"></a>HAL_PWREx_ControlVoltageScaling</STRONG> (Thumb, 302 bytes, Stack size 8 bytes, stm32u5xx_hal_pwr_ex.o(.text.HAL_PWREx_ControlVoltageScaling))
<BR><BR>[Stack]<UL><LI>Max Depth = 8<LI>Call Chain = HAL_PWREx_ControlVoltageScaling
</UL>
<BR>[Called By]<UL><LI><a href="#[84]">&gt;&gt;</a>&nbsp;&nbsp;&nbsp;main
</UL>

<P><STRONG><a name="[185]"></a>HAL_PWREx_DisableUCPDDeadBattery</STRONG> (Thumb, 18 bytes, Stack size 0 bytes, stm32u5xx_hal_pwr_ex.o(.text.HAL_PWREx_DisableUCPDDeadBattery))
<BR><BR>[Called By]<UL><LI><a href="#[84]">&gt;&gt;</a>&nbsp;&nbsp;&nbsp;main
</UL>

<P><STRONG><a name="[d6]"></a>HAL_PWREx_EnableVddUSB</STRONG> (Thumb, 18 bytes, Stack size 0 bytes, stm32u5xx_hal_pwr_ex.o(.text.HAL_PWREx_EnableVddUSB))
<BR><BR>[Called By]<UL><LI><a href="#[f4]">&gt;&gt;</a>&nbsp;&nbsp;&nbsp;HAL_PCD_MspInit
<LI><a href="#[cf]">&gt;&gt;</a>&nbsp;&nbsp;&nbsp;HAL_MspInit
</UL>

[...]
<LI><a href="#[10f]">&gt;&gt;</a>&nbsp;&nbsp;&nbsp;SDMMC_CmdBlockLength
<LI><a href="#[10c]">&gt;&gt;</a>&nbsp;&nbsp;&nbsp;SDMMC_CmdAppCommand
</UL>
<BR>[Called By]<UL><LI><a href="#[109]">&gt;&gt;</a>&nbsp;&nbsp;&nbsp;HAL_SD_ConfigWideBusOperation
</UL>

<P><STRONG><a name="[1a7]"></a>prvUnlockQueue</STRONG> (Thumb, 116 bytes, Stack size 24 bytes, queue.o(.text.prvUnlockQueue))
<BR><BR>[Stack]<UL><LI>Max Depth = 40<LI>Call Chain = prvUnlockQueue &rArr; xTaskRemoveFromEventList
</UL>
<BR>[Calls]<UL><LI><a href="#[1a8]">&gt;&gt;</a>&nbsp;&nbsp;&nbsp;xTaskRemoveFromEventList
<LI><a href="#[1a9]">&gt;&gt;</a>&nbsp;&nbsp;&nbsp;vTaskMissedYield
<LI><a href="#[17f]">&gt;&gt;</a>&nbsp;&nbsp;&nbsp;vPortExitCritical
<LI><a href="#[17e]">&gt;&gt;</a>&nbsp;&nbsp;&nbsp;vPortEnterCritical
</UL>
<BR>[Called By]<UL><LI><a href="#[18c]">&gt;&gt;</a>&nbsp;&nbsp;&nbsp;xQueueSemaphoreTake
<LI><a href="#[1a6]">&gt;&gt;</a>&nbsp;&nbsp;&nbsp;xQueueReceive
<LI><a href="#[191]">&gt;&gt;</a>&nbsp;&nbsp;&nbsp;xQueueGenericSend
<LI><a href="#[1a5]">&gt;&gt;</a>&nbsp;&nbsp;&nbsp;vQueueWaitForMessageRestricted
</UL>

<P><STRONG><a name="[196]"></a>prvAddCurrentTaskToDelayedList</STRONG> (Thumb, 126 bytes, Stack size 24 bytes, tasks.o(.text.prvAddCurrentTaskToDelayedList))
<BR><BR>[Stack]<UL><LI>Max Depth = 32<LI>Call Chain = prvAddCurrentTaskToDelayedList &rArr; vListInsert
</UL>
<BR>[Calls]<UL><LI><a href="#[198]">&gt;&gt;</a>&nbsp;&nbsp;&nbsp;vListInsert
<LI><a href="#[197]">&gt;&gt;</a>&nbsp;&nbsp;&nbsp;uxListRemove
</UL>
<BR>[Called By]<UL><LI><a href="#[1b1]">&gt;&gt;</a>&nbsp;&nbsp;&nbsp;vTaskPlaceOnEventListRestricted
<LI><a href="#[1b3]">&gt;&gt;</a>&nbsp;&nbsp;&nbsp;vTaskPlaceOnEventList
</UL>

<P><STRONG><a name="[199]"></a>prvAddNewTaskToReadyList</STRONG> (Thumb, 662 bytes, Stack size 32 bytes, tasks.o(.text.prvAddNewTaskToReadyList))
<BR><BR>[Stack]<UL><LI>Max Depth = 40<LI>Call Chain = prvAddNewTaskToReadyList &rArr; vPortExitCritical
</UL>
<BR>[Calls]<UL><LI><a href="#[19b]">&gt;&gt;</a>&nbsp;&nbsp;&nbsp;vPortYield
<LI><a href="#[17f]">&gt;&gt;</a>&nbsp;&nbsp;&nbsp;vPortExitCritical
<LI><a href="#[17e]">&gt;&gt;</a>&nbsp;&nbsp;&nbsp;vPortEnterCritical
<LI><a href="#[19a]">&gt;&gt;</a>&nbsp;&nbsp;&nbsp;vListInitialise
</UL>
<BR>[Called By]<UL><LI><a href="#[193]">&gt;&gt;</a>&nbsp;&nbsp;&nbsp;xTaskCreateStatic
<LI><a href="#[194]">&gt;&gt;</a>&nbsp;&nbsp;&nbsp;xTaskCreate
<LI><a href="#[18b]">&gt;&gt;</a>&nbsp;&nbsp;&nbsp;vTaskStartScheduler
</UL>

<P><STRONG><a name="[8d]"></a>prvIdleTask</STRONG> (Thumb, 190 bytes, Stack size 0 bytes, tasks.o(.text.prvIdleTask))
<BR><BR>[Stack]<UL><LI>Max Depth = 80<LI>Call Chain = prvIdleTask &rArr; vPortFree &rArr; xTaskResumeAll &rArr; xTaskIncrementTick
</UL>
<BR>[Calls]<UL><LI><a href="#[19d]">&gt;&gt;</a>&nbsp;&nbsp;&nbsp;vPortSuppressTicksAndSleep
<LI><a href="#[197]">&gt;&gt;</a>&nbsp;&nbsp;&nbsp;uxListRemove
<LI><a href="#[19e]">&gt;&gt;</a>&nbsp;&nbsp;&nbsp;xTaskResumeAll
<LI><a href="#[19b]">&gt;&gt;</a>&nbsp;&nbsp;&nbsp;vPortYield
<LI><a href="#[19c]">&gt;&gt;</a>&nbsp;&nbsp;&nbsp;vPortFree
<LI><a href="#[17f]">&gt;&gt;</a>&nbsp;&nbsp;&nbsp;vPortExitCritical
<LI><a href="#[17e]">&gt;&gt;</a>&nbsp;&nbsp;&nbsp;vPortEnterCritical
<LI><a href="#[180]">&gt;&gt;</a>&nbsp;&nbsp;&nbsp;ulSetInterruptMask
</UL>
<BR>[Address Reference Count : 1]<UL><LI> tasks.o(.text.vTaskStartScheduler)
</UL>
<P><STRONG><a name="[19f]"></a>prvInitialiseNewTask</STRONG> (Thumb, 306 bytes, Stack size 32 bytes, tasks.o(.text.prvInitialiseNewTask))
<BR><BR>[Stack]<UL><LI>Max Depth = 48<LI>Call Chain = prvInitialiseNewTask &rArr; pxPortInitialiseStack
</UL>
<BR>[Calls]<UL><LI><a href="#[1a2]">&gt;&gt;</a>&nbsp;&nbsp;&nbsp;pxPortInitialiseStack
<LI><a href="#[1a1]">&gt;&gt;</a>&nbsp;&nbsp;&nbsp;vListInitialiseItem
<LI><a href="#[180]">&gt;&gt;</a>&nbsp;&nbsp;&nbsp;ulSetInterruptMask
<LI><a href="#[1a0]">&gt;&gt;</a>&nbsp;&nbsp;&nbsp;__aeabi_memset4
</UL>
<BR>[Called By]<UL><LI><a href="#[193]">&gt;&gt;</a>&nbsp;&nbsp;&nbsp;xTaskCreateStatic
<LI><a href="#[194]">&gt;&gt;</a>&nbsp;&nbsp;&nbsp;xTaskCreate
<LI><a href="#[18b]">&gt;&gt;</a>&nbsp;&nbsp;&nbsp;vTaskStartScheduler
</UL>

<P><STRONG><a name="[1a3]"></a>prvSampleTimeNow</STRONG> (Thumb, 156 bytes, Stack size 32 bytes, timers.o(.text.prvSampleTimeNow))
<BR><BR>[Stack]<UL><LI>Max Depth = 40<LI>Call Chain = prvSampleTimeNow &rArr; vListInsert
</UL>
<BR>[Calls]<UL><LI><a href="#[18a]">&gt;&gt;</a>&nbsp;&nbsp;&nbsp;xTaskGetTickCount
<LI><a href="#[198]">&gt;&gt;</a>&nbsp;&nbsp;&nbsp;vListInsert
<LI><a href="#[197]">&gt;&gt;</a>&nbsp;&nbsp;&nbsp;uxListRemove
</UL>
<BR>[Called By]<UL><LI><a href="#[8e]">&gt;&gt;</a>&nbsp;&nbsp;&nbsp;prvTimerTask
</UL>

<P><STRONG><a name="[8e]"></a>prvTimerTask</STRONG> (Thumb, 510 bytes, Stack size 24 bytes, timers.o(.text.prvTimerTask))
<BR><BR>[Stack]<UL><LI>Max Depth = 136<LI>Call Chain = prvTimerTask &rArr; xQueueReceive &rArr; xTaskResumeAll &rArr; xTaskIncrementTick
</UL>
<BR>[Calls]<UL><LI><a href="#[1a3]">&gt;&gt;</a>&nbsp;&nbsp;&nbsp;prvSampleTimeNow
<LI><a href="#[1a6]">&gt;&gt;</a>&nbsp;&nbsp;&nbsp;xQueueReceive
<LI><a href="#[1a5]">&gt;&gt;</a>&nbsp;&nbsp;&nbsp;vQueueWaitForMessageRestricted
<LI><a href="#[198]">&gt;&gt;</a>&nbsp;&nbsp;&nbsp;vListInsert
<LI><a href="#[197]">&gt;&gt;</a>&nbsp;&nbsp;&nbsp;uxListRemove
<LI><a href="#[19e]">&gt;&gt;</a>&nbsp;&nbsp;&nbsp;xTaskResumeAll
<LI><a href="#[1a4]">&gt;&gt;</a>&nbsp;&nbsp;&nbsp;vTaskSuspendAll
<LI><a href="#[19b]">&gt;&gt;</a>&nbsp;&nbsp;&nbsp;vPortYield
<LI><a href="#[19c]">&gt;&gt;</a>&nbsp;&nbsp;&nbsp;vPortFree
<LI><a href="#[180]">&gt;&gt;</a>&nbsp;&nbsp;&nbsp;ulSetInterruptMask
</UL>
<BR>[Address Reference Count : 1]<UL><LI> timers.o(.text.xTimerCreateTimerTask)
</UL>
<P><STRONG><a name="[8c]"></a>prvTaskExitError</STRONG> (Thumb, 54 bytes, Stack size 16 bytes, port.o(.text.prvTaskExitError))
<BR><BR>[Stack]<UL><LI>Max Depth = 16<LI>Call Chain = prvTaskExitError
</UL>
<BR>[Calls]<UL><LI><a href="#[180]">&gt;&gt;</a>&nbsp;&nbsp;&nbsp;ulSetInterruptMask
</UL>
<BR>[Address Reference Count : 1]<UL><LI> port.o(.text.pxPortInitialiseStack)
</UL>
<P><STRONG><a name="[15d]"></a>QMA6100P_DiagBitBangTransfer</STRONG> (Thumb, 212 bytes, Stack size 48 bytes, qma6100p.o(.text.QMA6100P_DiagBitBangTransfer))
<BR><BR>[Stack]<UL><LI>Max Depth = 48<LI>Call Chain = QMA6100P_DiagBitBangTransfer
</UL>
<BR>[Calls]<UL><LI><a href="#[bb]">&gt;&gt;</a>&nbsp;&nbsp;&nbsp;HAL_GPIO_ReadPin
<LI><a href="#[bc]">&gt;&gt;</a>&nbsp;&nbsp;&nbsp;HAL_GPIO_WritePin
</UL>
<BR>[Called By]<UL><LI><a href="#[15f]">&gt;&gt;</a>&nbsp;&nbsp;&nbsp;QMA6100P_DiagRunBitBangRead
</UL>

<P><STRONG><a name="[15e]"></a>QMA6100P_DiagReadChipIdRaw</STRONG> (Thumb, 250 bytes, Stack size 32 bytes, qma6100p.o(.text.QMA6100P_DiagReadChipIdRaw))
<BR><BR>[Stack]<UL><LI>Max Depth = 64<LI>Call Chain = QMA6100P_DiagReadChipIdRaw &rArr; HAL_SPI_TransmitReceive
</UL>
<BR>[Calls]<UL><LI><a href="#[be]">&gt;&gt;</a>&nbsp;&nbsp;&nbsp;HAL_SPI_TransmitReceive
<LI><a href="#[bc]">&gt;&gt;</a>&nbsp;&nbsp;&nbsp;HAL_GPIO_WritePin
</UL>
<BR>[Called By]<UL><LI><a href="#[161]">&gt;&gt;</a>&nbsp;&nbsp;&nbsp;QMA6100P_PrintInitDiagnostics
</UL>

<P><STRONG><a name="[15f]"></a>QMA6100P_DiagRunBitBangRead</STRONG> (Thumb, 476 bytes, Stack size 56 bytes, qma6100p.o(.text.QMA6100P_DiagRunBitBangRead))
<BR><BR>[Stack]<UL><LI>Max Depth = 152<LI>Call Chain = QMA6100P_DiagRunBitBangRead &rArr; MX_SPI2_Init &rArr; HAL_GPIO_Init
</UL>
<BR>[Calls]<UL><LI><a href="#[c0]">&gt;&gt;</a>&nbsp;&nbsp;&nbsp;HAL_SPI_DeInit
<LI><a href="#[c1]">&gt;&gt;</a>&nbsp;&nbsp;&nbsp;HAL_GPIO_Init
<LI><a href="#[c2]">&gt;&gt;</a>&nbsp;&nbsp;&nbsp;MX_SPI2_Init
<LI><a href="#[bc]">&gt;&gt;</a>&nbsp;&nbsp;&nbsp;HAL_GPIO_WritePin
<LI><a href="#[15d]">&gt;&gt;</a>&nbsp;&nbsp;&nbsp;QMA6100P_DiagBitBangTransfer
<LI><a href="#[b2]">&gt;&gt;</a>&nbsp;&nbsp;&nbsp;__2printf
</UL>
<BR>[Called By]<UL><LI><a href="#[161]">&gt;&gt;</a>&nbsp;&nbsp;&nbsp;QMA6100P_PrintInitDiagnostics
</UL>

<P><STRONG><a name="[161]"></a>QMA6100P_PrintInitDiagnostics</STRONG> (Thumb, 1704 bytes, Stack size 80 bytes, qma6100p.o(.text.QMA6100P_PrintInitDiagnostics))
<BR><BR>[Stack]<UL><LI>Max Depth = 232<LI>Call Chain = QMA6100P_PrintInitDiagnostics &rArr; QMA6100P_DiagRunBitBangRead &rArr; MX_SPI2_Init &rArr; HAL_GPIO_Init
</UL>
<BR>[Calls]<UL><LI><a href="#[be]">&gt;&gt;</a>&nbsp;&nbsp;&nbsp;HAL_SPI_TransmitReceive
<LI><a href="#[c7]">&gt;&gt;</a>&nbsp;&nbsp;&nbsp;HAL_SPI_Init
<LI><a href="#[c0]">&gt;&gt;</a>&nbsp;&nbsp;&nbsp;HAL_SPI_DeInit
<LI><a href="#[c4]">&gt;&gt;</a>&nbsp;&nbsp;&nbsp;HAL_Delay
<LI><a href="#[c1]">&gt;&gt;</a>&nbsp;&nbsp;&nbsp;HAL_GPIO_Init
<LI><a href="#[c2]">&gt;&gt;</a>&nbsp;&nbsp;&nbsp;MX_SPI2_Init
<LI><a href="#[bb]">&gt;&gt;</a>&nbsp;&nbsp;&nbsp;HAL_GPIO_ReadPin
<LI><a href="#[bc]">&gt;&gt;</a>&nbsp;&nbsp;&nbsp;HAL_GPIO_WritePin
<LI><a href="#[b6]">&gt;&gt;</a>&nbsp;&nbsp;&nbsp;puts
<LI><a href="#[15f]">&gt;&gt;</a>&nbsp;&nbsp;&nbsp;QMA6100P_DiagRunBitBangRead
<LI><a href="#[15e]">&gt;&gt;</a>&nbsp;&nbsp;&nbsp;QMA6100P_DiagReadChipIdRaw
<LI><a href="#[b2]">&gt;&gt;</a>&nbsp;&nbsp;&nbsp;__2printf
</UL>
<BR>[Called By]<UL><LI><a href="#[160]">&gt;&gt;</a>&nbsp;&nbsp;&nbsp;QMA6100P_Init
</UL>

<P><STRONG><a name="[ba]"></a>H3LIS100DL_DiagBitBangTransfer</STRONG> (Thumb, 212 bytes, Stack size 48 bytes, h3lis100dl.o(.text.H3LIS100DL_DiagBitBangTransfer))
<BR><BR>[Stack]<UL><LI>Max Depth = 48<LI>Call Chain = H3LIS100DL_DiagBitBangTransfer
</UL>
<BR>[Calls]<UL><LI><a href="#[bb]">&gt;&gt;</a>&nbsp;&nbsp;&nbsp;HAL_GPIO_ReadPin
<LI><a href="#[bc]">&gt;&gt;</a>&nbsp;&nbsp;&nbsp;HAL_GPIO_WritePin
</UL>
<BR>[Called By]<UL><LI><a href="#[bf]">&gt;&gt;</a>&nbsp;&nbsp;&nbsp;H3LIS100DL_DiagRunBitBangRead
</UL>

<P><STRONG><a name="[bd]"></a>H3LIS100DL_DiagReadWhoAmIRaw</STRONG> (Thumb, 254 bytes, Stack size 32 bytes, h3lis100dl.o(.text.H3LIS100DL_DiagReadWhoAmIRaw))
<BR><BR>[Stack]<UL><LI>Max Depth = 64<LI>Call Chain = H3LIS100DL_DiagReadWhoAmIRaw &rArr; HAL_SPI_TransmitReceive
</UL>
<BR>[Calls]<UL><LI><a href="#[be]">&gt;&gt;</a>&nbsp;&nbsp;&nbsp;HAL_SPI_TransmitReceive
<LI><a href="#[bc]">&gt;&gt;</a>&nbsp;&nbsp;&nbsp;HAL_GPIO_WritePin
</UL>
<BR>[Called By]<UL><LI><a href="#[c6]">&gt;&gt;</a>&nbsp;&nbsp;&nbsp;H3LIS100DL_PrintInitDiagnostics
</UL>

<P><STRONG><a name="[bf]"></a>H3LIS100DL_DiagRunBitBangRead</STRONG> (Thumb, 476 bytes, Stack size 56 bytes, h3lis100dl.o(.text.H3LIS100DL_DiagRunBitBangRead))
<BR><BR>[Stack]<UL><LI>Max Depth = 152<LI>Call Chain = H3LIS100DL_DiagRunBitBangRead &rArr; MX_SPI2_Init &rArr; HAL_GPIO_Init
</UL>
<BR>[Calls]<UL><LI><a href="#[c0]">&gt;&gt;</a>&nbsp;&nbsp;&nbsp;HAL_SPI_DeInit
<LI><a href="#[c1]">&gt;&gt;</a>&nbsp;&nbsp;&nbsp;HAL_GPIO_Init
<LI><a href="#[c2]">&gt;&gt;</a>&nbsp;&nbsp;&nbsp;MX_SPI2_Init
<LI><a href="#[bc]">&gt;&gt;</a>&nbsp;&nbsp;&nbsp;HAL_GPIO_WritePin
<LI><a href="#[ba]">&gt;&gt;</a>&nbsp;&nbsp;&nbsp;H3LIS100DL_DiagBitBangTransfer
<LI><a href="#[b2]">&gt;&gt;</a>&nbsp;&nbsp;&nbsp;__2printf
</UL>
<BR>[Called By]<UL><LI><a href="#[c6]">&gt;&gt;</a>&nbsp;&nbsp;&nbsp;H3LIS100DL_PrintInitDiagnostics
</UL>

<P><STRONG><a name="[c6]"></a>H3LIS100DL_PrintInitDiagnostics</STRONG> (Thumb, 1604 bytes, Stack size 80 bytes, h3lis100dl.o(.text.H3LIS100DL_PrintInitDiagnostics))
<BR><BR>[Stack]<UL><LI>Max Depth = 232<LI>Call Chain = H3LIS100DL_PrintInitDiagnostics &rArr; H3LIS100DL_DiagRunBitBangRead &rArr; MX_SPI2_Init &rArr; HAL_GPIO_Init
</UL>
<BR>[Calls]<UL><LI><a href="#[be]">&gt;&gt;</a>&nbsp;&nbsp;&nbsp;HAL_SPI_TransmitReceive
<LI><a href="#[c7]">&gt;&gt;</a>&nbsp;&nbsp;&nbsp;HAL_SPI_Init
<LI><a href="#[c0]">&gt;&gt;</a>&nbsp;&nbsp;&nbsp;HAL_SPI_DeInit
<LI><a href="#[c4]">&gt;&gt;</a>&nbsp;&nbsp;&nbsp;HAL_Delay
<LI><a href="#[c1]">&gt;&gt;</a>&nbsp;&nbsp;&nbsp;HAL_GPIO_Init
<LI><a href="#[c2]">&gt;&gt;</a>&nbsp;&nbsp;&nbsp;MX_SPI2_Init
<LI><a href="#[bb]">&gt;&gt;</a>&nbsp;&nbsp;&nbsp;HAL_GPIO_ReadPin
<LI><a href="#[bc]">&gt;&gt;</a>&nbsp;&nbsp;&nbsp;HAL_GPIO_WritePin
<LI><a href="#[b6]">&gt;&gt;</a>&nbsp;&nbsp;&nbsp;puts
<LI><a href="#[bf]">&gt;&gt;</a>&nbsp;&nbsp;&nbsp;H3LIS100DL_DiagRunBitBangRead
<LI><a href="#[bd]">&gt;&gt;</a>&nbsp;&nbsp;&nbsp;H3LIS100DL_DiagReadWhoAmIRaw
<LI><a href="#[b2]">&gt;&gt;</a>&nbsp;&nbsp;&nbsp;__2printf
</UL>
<BR>[Called By]<UL><LI><a href="#[c3]">&gt;&gt;</a>&nbsp;&nbsp;&nbsp;H3LIS100DL_Init
</UL>

<P><STRONG><a name="[174]"></a>create_chain</STRONG> (Thumb, 282 bytes, Stack size 32 bytes, ff.o(.text.create_chain))
<BR><BR>[Stack]<UL><LI>Max Depth = 168<LI>Call Chain = create_chain &rArr; put_fat &rArr; disk_write &rArr; SD_disk_write &rArr; HAL_SD_WriteBlocks &rArr; SDMMC_ConfigData
</UL>
<BR>[Calls]<UL><LI><a href="#[176]">&gt;&gt;</a>&nbsp;&nbsp;&nbsp;put_fat
<LI><a href="#[175]">&gt;&gt;</a>&nbsp;&nbsp;&nbsp;get_fat
</UL>
<BR>[Called By]<UL><LI><a href="#[a8]">&gt;&gt;</a>&nbsp;&nbsp;&nbsp;f_write
<LI><a href="#[af]">&gt;&gt;</a>&nbsp;&nbsp;&nbsp;f_mkdir
<LI><a href="#[177]">&gt;&gt;</a>&nbsp;&nbsp;&nbsp;dir_next
</UL>

<P><STRONG><a name="[177]"></a>dir_next</STRONG> (Thumb, 590 bytes, Stack size 48 bytes, ff.o(.text.dir_next))
<BR><BR>[Stack]<UL><LI>Max Depth = 216<LI>Call Chain = dir_next &rArr; create_chain &rArr; put_fat &rArr; disk_write &rArr; SD_disk_write &rArr; HAL_SD_WriteBlocks &rArr; SDMMC_ConfigData
</UL>
<BR>[Calls]<UL><LI><a href="#[97]">&gt;&gt;</a>&nbsp;&nbsp;&nbsp;__aeabi_memclr
<LI><a href="#[178]">&gt;&gt;</a>&nbsp;&nbsp;&nbsp;disk_write
<LI><a href="#[175]">&gt;&gt;</a>&nbsp;&nbsp;&nbsp;get_fat
<LI><a href="#[174]">&gt;&gt;</a>&nbsp;&nbsp;&nbsp;create_chain
</UL>
<BR>[Called By]<UL><LI><a href="#[179]">&gt;&gt;</a>&nbsp;&nbsp;&nbsp;dir_register
</UL>

<P><STRONG><a name="[179]"></a>dir_register</STRONG> (Thumb, 560 bytes, Stack size 32 bytes, ff.o(.text.dir_register))
<BR><BR>[Stack]<UL><LI>Max Depth = 248<LI>Call Chain = dir_register &rArr; dir_next &rArr; create_chain &rArr; put_fat &rArr; disk_write &rArr; SD_disk_write &rArr; HAL_SD_WriteBlocks &rArr; SDMMC_ConfigData
</UL>
<BR>[Calls]<UL><LI><a href="#[178]">&gt;&gt;</a>&nbsp;&nbsp;&nbsp;disk_write
<LI><a href="#[17a]">&gt;&gt;</a>&nbsp;&nbsp;&nbsp;disk_read
<LI><a href="#[175]">&gt;&gt;</a>&nbsp;&nbsp;&nbsp;get_fat
<LI><a href="#[177]">&gt;&gt;</a>&nbsp;&nbsp;&nbsp;dir_next
</UL>
<BR>[Called By]<UL><LI><a href="#[b0]">&gt;&gt;</a>&nbsp;&nbsp;&nbsp;f_open
<LI><a href="#[af]">&gt;&gt;</a>&nbsp;&nbsp;&nbsp;f_mkdir
</UL>

<P><STRONG><a name="[181]"></a>find_volume</STRONG> (Thumb, 1594 bytes, Stack size 48 bytes, ff.o(.text.find_volume))
<BR><BR>[Stack]<UL><LI>Max Depth = 144<LI>Call Chain = find_volume &rArr; disk_write &rArr; SD_disk_write &rArr; HAL_SD_WriteBlocks &rArr; SDMMC_ConfigData
</UL>
<BR>[Calls]<UL><LI><a href="#[aa]">&gt;&gt;</a>&nbsp;&nbsp;&nbsp;disk_initialize
<LI><a href="#[178]">&gt;&gt;</a>&nbsp;&nbsp;&nbsp;disk_write
<LI><a href="#[17c]">&gt;&gt;</a>&nbsp;&nbsp;&nbsp;disk_status
<LI><a href="#[17a]">&gt;&gt;</a>&nbsp;&nbsp;&nbsp;disk_read
</UL>
<BR>[Called By]<UL><LI><a href="#[ab]">&gt;&gt;</a>&nbsp;&nbsp;&nbsp;f_stat
<LI><a href="#[b0]">&gt;&gt;</a>&nbsp;&nbsp;&nbsp;f_open
<LI><a href="#[ae]">&gt;&gt;</a>&nbsp;&nbsp;&nbsp;f_mount
<LI><a href="#[af]">&gt;&gt;</a>&nbsp;&nbsp;&nbsp;f_mkdir
</UL>

<P><STRONG><a name="[182]"></a>follow_path</STRONG> (Thumb, 1418 bytes, Stack size 48 bytes, ff.o(.text.follow_path))
<BR><BR>[Stack]<UL><LI>Max Depth = 184<LI>Call Chain = follow_path &rArr; get_fat &rArr; disk_write &rArr; SD_disk_write &rArr; HAL_SD_WriteBlocks &rArr; SDMMC_ConfigData
</UL>
<BR>[Calls]<UL><LI><a href="#[178]">&gt;&gt;</a>&nbsp;&nbsp;&nbsp;disk_write
<LI><a href="#[17a]">&gt;&gt;</a>&nbsp;&nbsp;&nbsp;disk_read
<LI><a href="#[175]">&gt;&gt;</a>&nbsp;&nbsp;&nbsp;get_fat
</UL>
<BR>[Called By]<UL><LI><a href="#[ab]">&gt;&gt;</a>&nbsp;&nbsp;&nbsp;f_stat
<LI><a href="#[b0]">&gt;&gt;</a>&nbsp;&nbsp;&nbsp;f_open
<LI><a href="#[af]">&gt;&gt;</a>&nbsp;&nbsp;&nbsp;f_mkdir
</UL>

<P><STRONG><a name="[175]"></a>get_fat</STRONG> (Thumb, 714 bytes, Stack size 40 bytes, ff.o(.text.get_fat))
<BR><BR>[Stack]<UL><LI>Max Depth = 136<LI>Call Chain = get_fat &rArr; disk_write &rArr; SD_disk_write &rArr; HAL_SD_WriteBlocks &rArr; SDMMC_ConfigData
</UL>
<BR>[Calls]<UL><LI><a href="#[178]">&gt;&gt;</a>&nbsp;&nbsp;&nbsp;disk_write
<LI><a href="#[17a]">&gt;&gt;</a>&nbsp;&nbsp;&nbsp;disk_read
</UL>
<BR>[Called By]<UL><LI><a href="#[b7]">&gt;&gt;</a>&nbsp;&nbsp;&nbsp;f_read
<LI><a href="#[b0]">&gt;&gt;</a>&nbsp;&nbsp;&nbsp;f_open
<LI><a href="#[af]">&gt;&gt;</a>&nbsp;&nbsp;&nbsp;f_mkdir
<LI><a href="#[182]">&gt;&gt;</a>&nbsp;&nbsp;&nbsp;follow_path
<LI><a href="#[179]">&gt;&gt;</a>&nbsp;&nbsp;&nbsp;dir_register
<LI><a href="#[177]">&gt;&gt;</a>&nbsp;&nbsp;&nbsp;dir_next
<LI><a href="#[174]">&gt;&gt;</a>&nbsp;&nbsp;&nbsp;create_chain
</UL>

<P><STRONG><a name="[176]"></a>put_fat</STRONG> (Thumb, 816 bytes, Stack size 40 bytes, ff.o(.text.put_fat))
<BR><BR>[Stack]<UL><LI>Max Depth = 136<LI>Call Chain = put_fat &rArr; disk_write &rArr; SD_disk_write &rArr; HAL_SD_WriteBlocks &rArr; SDMMC_ConfigData
</UL>
<BR>[Calls]<UL><LI><a href="#[178]">&gt;&gt;</a>&nbsp;&nbsp;&nbsp;disk_write
<LI><a href="#[17a]">&gt;&gt;</a>&nbsp;&nbsp;&nbsp;disk_read
</UL>
<BR>[Called By]<UL><LI><a href="#[b0]">&gt;&gt;</a>&nbsp;&nbsp;&nbsp;f_open
<LI><a href="#[af]">&gt;&gt;</a>&nbsp;&nbsp;&nbsp;f_mkdir
<LI><a href="#[174]">&gt;&gt;</a>&nbsp;&nbsp;&nbsp;create_chain
</UL>

<P><STRONG><a name="[183]"></a>sync_fs</STRONG> (Thumb, 220 bytes, Stack size 24 bytes, ff.o(.text.sync_fs))
<BR><BR>[Stack]<UL><LI>Max Depth = 120<LI>Call Chain = sync_fs &rArr; disk_write &rArr; SD_disk_write &rArr; HAL_SD_WriteBlocks &rArr; SDMMC_ConfigData
</UL>
<BR>[Calls]<UL><LI><a href="#[97]">&gt;&gt;</a>&nbsp;&nbsp;&nbsp;__aeabi_memclr
<LI><a href="#[178]">&gt;&gt;</a>&nbsp;&nbsp;&nbsp;disk_write
<LI><a href="#[17b]">&gt;&gt;</a>&nbsp;&nbsp;&nbsp;disk_ioctl
</UL>
<BR>[Called By]<UL><LI><a href="#[b1]">&gt;&gt;</a>&nbsp;&nbsp;&nbsp;f_sync
<LI><a href="#[af]">&gt;&gt;</a>&nbsp;&nbsp;&nbsp;f_mkdir
</UL>

<P><STRONG><a name="[1c9]"></a>_fp_digits</STRONG> (Thumb, 366 bytes, Stack size 64 bytes, printfa.o(i._fp_digits), UNUSED)
<BR><BR>[Calls]<UL><LI><a href="#[94]">&gt;&gt;</a>&nbsp;&nbsp;&nbsp;__aeabi_uldivmod
<LI><a href="#[a0]">&gt;&gt;</a>&nbsp;&nbsp;&nbsp;__aeabi_dmul
<LI><a href="#[a1]">&gt;&gt;</a>&nbsp;&nbsp;&nbsp;__aeabi_ddiv
<LI><a href="#[9a]">&gt;&gt;</a>&nbsp;&nbsp;&nbsp;__aeabi_dadd
<LI><a href="#[a2]">&gt;&gt;</a>&nbsp;&nbsp;&nbsp;__aeabi_d2ulz
<LI><a href="#[1ca]">&gt;&gt;</a>&nbsp;&nbsp;&nbsp;__aeabi_cdrcmple
</UL>
<BR>[Called By]<UL><LI><a href="#[1c7]">&gt;&gt;</a>&nbsp;&nbsp;&nbsp;_printf_core
</UL>

<P><STRONG><a name="[1c7]"></a>_printf_core</STRONG> (Thumb, 1744 bytes, Stack size 136 bytes, printfa.o(i._printf_core), UNUSED)
<BR><BR>[Calls]<UL><LI><a href="#[94]">&gt;&gt;</a>&nbsp;&nbsp;&nbsp;__aeabi_uldivmod
<LI><a href="#[1cd]">&gt;&gt;</a>&nbsp;&nbsp;&nbsp;__aeabi_uidivmod
<LI><a href="#[1cb]">&gt;&gt;</a>&nbsp;&nbsp;&nbsp;_printf_pre_padding
<LI><a href="#[1cc]">&gt;&gt;</a>&nbsp;&nbsp;&nbsp;_printf_post_padding
<LI><a href="#[1c9]">&gt;&gt;</a>&nbsp;&nbsp;&nbsp;_fp_digits
</UL>
<BR>[Called By]<UL><LI><a href="#[1c8]">&gt;&gt;</a>&nbsp;&nbsp;&nbsp;__0snprintf
<LI><a href="#[1c6]">&gt;&gt;</a>&nbsp;&nbsp;&nbsp;__0printf
</UL>

<P><STRONG><a name="[1cc]"></a>_printf_post_padding</STRONG> (Thumb, 36 bytes, Stack size 24 bytes, printfa.o(i._printf_post_padding), UNUSED)
<BR><BR>[Called By]<UL><LI><a href="#[1c7]">&gt;&gt;</a>&nbsp;&nbsp;&nbsp;_printf_core
</UL>

<P><STRONG><a name="[1cb]"></a>_printf_pre_padding</STRONG> (Thumb, 46 bytes, Stack size 24 bytes, printfa.o(i._printf_pre_padding), UNUSED)
<BR><BR>[Called By]<UL><LI><a href="#[1c7]">&gt;&gt;</a>&nbsp;&nbsp;&nbsp;_printf_core
</UL>

<P><STRONG><a name="[90]"></a>_snputc</STRONG> (Thumb, 22 bytes, Stack size 0 bytes, printfa.o(i._snputc))
<BR>[Address Reference Count : 1]<UL><LI> printfa.o(i.__0snprintf)
</UL><P>
<H3>
Undefined Global Symbols
</H3><HR></body></html>
