Component: ARM Compiler 6.16 Tool: armlink [5dfeaa00]

==============================================================================

Section Cross References

    startup_stm32u575xx.o(RESET) refers to startup_stm32u575xx.o(STACK) for __initial_sp
    startup_stm32u575xx.o(RESET) refers to startup_stm32u575xx.o(.text) for Reset_Handler
    startup_stm32u575xx.o(RESET) refers to stm32u5xx_it.o(.text.NMI_Handler) for NMI_Handler
    startup_stm32u575xx.o(RESET) refers to stm32u5xx_it.o(.text.HardFault_Handler) for HardFault_Handler
    startup_stm32u575xx.o(RESET) refers to stm32u5xx_it.o(.text.MemManage_Handler) for MemManage_Handler
    startup_stm32u575xx.o(RESET) refers to stm32u5xx_it.o(.text.BusFault_Handler) for BusFault_Handler
    startup_stm32u575xx.o(RESET) refers to stm32u5xx_it.o(.text.UsageFault_Handler) for UsageFault_Handler
    startup_stm32u575xx.o(RESET) refers to portasm.o(.text.SVC_Handler) for SVC_Handler
    startup_stm32u575xx.o(RESET) refers to stm32u5xx_it.o(.text.DebugMon_Handler) for DebugMon_Handler
    startup_stm32u575xx.o(RESET) refers to portasm.o(.text.PendSV_Handler) for PendSV_Handler
    startup_stm32u575xx.o(RESET) refers to cmsis_os2.o(.text.SysTick_Handler) for SysTick_Handler
    startup_stm32u575xx.o(RESET) refers to stm32u5xx_it.o(.text.TIM6_IRQHandler) for TIM6_IRQHandler
    startup_stm32u575xx.o(.text) refers to system_stm32u5xx.o(.text.SystemInit) for SystemInit
    startup_stm32u575xx.o(.text) refers to entry.o(.ARM.Collect$$$$00000000) for __main
    main.o(.text.main) refers to stm32u5xx_hal.o(.text.HAL_Init) for HAL_Init
    main.o(.text.main) refers to memseta.o(.text) for __aeabi_memclr4
    main.o(.text.main) refers to stm32u5xx_hal_pwr_ex.o(.text.HAL_PWREx_ControlVoltageScaling) for HAL_PWREx_ControlVoltageScaling
    main.o(.text.main) refers to stm32u5xx_hal_rcc.o(.text.HAL_RCC_OscConfig) for HAL_RCC_OscConfig
    main.o(.text.main) refers to stm32u5xx_hal_rcc.o(.text.HAL_RCC_ClockConfig) for HAL_RCC_ClockConfig
    main.o(.text.main) refers to stm32u5xx_hal_pwr_ex.o(.text.HAL_PWREx_DisableUCPDDeadBattery) for HAL_PWREx_DisableUCPDDeadBattery
    main.o(.text.main) refers to gpio.o(.text.MX_GPIO_Init) for MX_GPIO_Init
    main.o(.text.main) refers to icache.o(.text.MX_ICACHE_Init) for MX_ICACHE_Init
    main.o(.text.main) refers to usart.o(.text.MX_USART1_UART_Init) for MX_USART1_UART_Init
    main.o(.text.main) refers to bsp_spi.o(.text.MX_SPI1_Init) for MX_SPI1_Init
    main.o(.text.main) refers to main.o(.rodata.str1.1) for .Lstr
    main.o(.text.main) refers to puts.o(i.puts) for puts
    main.o(.text.main) refers to bsp_spi.o(.text.MX_SPI2_Init) for MX_SPI2_Init
    main.o(.text.main) refers to cmsis_os2.o(.text.osKernelInitialize) for osKernelInitialize
    main.o(.text.main) refers to app_freertos.o(.text.MX_FREERTOS_Init) for MX_FREERTOS_Init
    main.o(.text.main) refers to cmsis_os2.o(.text.osKernelStart) for osKernelStart
    main.o(.ARM.exidx.text.main) refers to main.o(.text.main) for [Anonymous Symbol]
    main.o(.text.SystemClock_Config) refers to memseta.o(.text) for __aeabi_memclr4
    main.o(.text.SystemClock_Config) refers to stm32u5xx_hal_pwr_ex.o(.text.HAL_PWREx_ControlVoltageScaling) for HAL_PWREx_ControlVoltageScaling
    main.o(.text.SystemClock_Config) refers to stm32u5xx_hal_rcc.o(.text.HAL_RCC_OscConfig) for HAL_RCC_OscConfig
    main.o(.text.SystemClock_Config) refers to stm32u5xx_hal_rcc.o(.text.HAL_RCC_ClockConfig) for HAL_RCC_ClockConfig
    main.o(.ARM.exidx.text.SystemClock_Config) refers to main.o(.text.SystemClock_Config) for [Anonymous Symbol]
    main.o(.ARM.exidx.text.Error_Handler) refers to main.o(.text.Error_Handler) for [Anonymous Symbol]
    main.o(.text.HAL_TIM_PeriodElapsedCallback) refers to stm32u5xx_hal.o(.text.HAL_IncTick) for HAL_IncTick
    main.o(.ARM.exidx.text.HAL_TIM_PeriodElapsedCallback) refers to main.o(.text.HAL_TIM_PeriodElapsedCallback) for [Anonymous Symbol]
    gpio.o(.text.MX_GPIO_Init) refers to stm32u5xx_hal_gpio.o(.text.HAL_GPIO_WritePin) for HAL_GPIO_WritePin
    gpio.o(.text.MX_GPIO_Init) refers to stm32u5xx_hal_gpio.o(.text.HAL_GPIO_Init) for HAL_GPIO_Init
    gpio.o(.ARM.exidx.text.MX_GPIO_Init) refers to gpio.o(.text.MX_GPIO_Init) for [Anonymous Symbol]
    app_freertos.o(.ARM.exidx.text.configureTimerForRunTimeStats) refers to app_freertos.o(.text.configureTimerForRunTimeStats) for [Anonymous Symbol]
    app_freertos.o(.ARM.exidx.text.getRunTimeCounterValue) refers to app_freertos.o(.text.getRunTimeCounterValue) for [Anonymous Symbol]
    app_freertos.o(.ARM.exidx.text.PreSleepProcessing) refers to app_freertos.o(.text.PreSleepProcessing) for [Anonymous Symbol]
    app_freertos.o(.ARM.exidx.text.PostSleepProcessing) refers to app_freertos.o(.text.PostSleepProcessing) for [Anonymous Symbol]
    app_freertos.o(.text.MX_FREERTOS_Init) refers to app_freertos.o(.rodata.spi2_mutex_attr) for spi2_mutex_attr
[...]
    pxDelayedTaskList                        0x20000058   Data           4  tasks.o(.bss..L_MergedGlobals)
    pxOverflowDelayedTaskList                0x2000005c   Data           4  tasks.o(.bss..L_MergedGlobals)
    uxTopReadyPriority                       0x20000060   Data           4  tasks.o(.bss..L_MergedGlobals)
    xYieldPending                            0x20000064   Data           4  tasks.o(.bss..L_MergedGlobals)
    xIdleTaskHandle                          0x20000068   Data           4  tasks.o(.bss..L_MergedGlobals)
    xNextTaskUnblockTime                     0x2000006c   Data           4  tasks.o(.bss..L_MergedGlobals)
    xPendedTicks                             0x20000070   Data           4  tasks.o(.bss..L_MergedGlobals)
    xNumOfOverflows                          0x20000074   Data           4  tasks.o(.bss..L_MergedGlobals)
    ulTotalRunTime                           0x20000078   Data           4  tasks.o(.bss..L_MergedGlobals)
    ulTaskSwitchedInTime                     0x2000007c   Data           4  tasks.o(.bss..L_MergedGlobals)
    xTasksWaitingTermination                 0x20000080   Data          20  tasks.o(.bss..L_MergedGlobals)
    xSuspendedTaskList                       0x20000094   Data          20  tasks.o(.bss..L_MergedGlobals)
    .L_MergedGlobals                         0x200000a8   Data          60  timers.o(.bss..L_MergedGlobals)
    xTimerQueue                              0x200000a8   Data           4  timers.o(.bss..L_MergedGlobals)
    [Anonymous Symbol]                       0x200000a8   Section        0  timers.o(.bss..L_MergedGlobals)
    xTimerTaskHandle                         0x200000ac   Data           4  timers.o(.bss..L_MergedGlobals)
    pxCurrentTimerList                       0x200000b0   Data           4  timers.o(.bss..L_MergedGlobals)
    pxOverflowTimerList                      0x200000b4   Data           4  timers.o(.bss..L_MergedGlobals)
    prvSampleTimeNow.xLastTime               0x200000b8   Data           4  timers.o(.bss..L_MergedGlobals)
    xActiveTimerList1                        0x200000bc   Data          20  timers.o(.bss..L_MergedGlobals)
    xActiveTimerList2                        0x200000d0   Data          20  timers.o(.bss..L_MergedGlobals)
    .L_MergedGlobals                         0x200000e4   Data          12  port.o(.bss..L_MergedGlobals)
    ulStoppedTimerCompensation               0x200000e4   Data           1  port.o(.bss..L_MergedGlobals)
    [Anonymous Symbol]                       0x200000e4   Section        0  port.o(.bss..L_MergedGlobals)
    xMaximumPossibleSuppressedTicks          0x200000e8   Data           4  port.o(.bss..L_MergedGlobals)
    ulTimerCountsForOneTick                  0x200000ec   Data           4  port.o(.bss..L_MergedGlobals)
    .L_MergedGlobals                         0x200000f0   Data          32  heap_4.o(.bss..L_MergedGlobals)
    xBlockAllocatedBit                       0x200000f0   Data           1  heap_4.o(.bss..L_MergedGlobals)
    [Anonymous Symbol]                       0x200000f0   Section        0  heap_4.o(.bss..L_MergedGlobals)
    pxEnd                                    0x200000f4   Data           4  heap_4.o(.bss..L_MergedGlobals)
    xFreeBytesRemaining                      0x200000f8   Data           4  heap_4.o(.bss..L_MergedGlobals)
    xMinimumEverFreeBytesRemaining           0x200000fc   Data           4  heap_4.o(.bss..L_MergedGlobals)
    xNumberOfSuccessfulAllocations           0x20000100   Data           4  heap_4.o(.bss..L_MergedGlobals)
    xNumberOfSuccessfulFrees                 0x20000104   Data           4  heap_4.o(.bss..L_MergedGlobals)
    xStart                                   0x20000108   Data           8  heap_4.o(.bss..L_MergedGlobals)
    .L_MergedGlobals.4                       0x20000110   Data          60  tasks.o(.bss..L_MergedGlobals.4)
    xPendingReadyList                        0x20000110   Data          20  tasks.o(.bss..L_MergedGlobals.4)
    [Anonymous Symbol]                       0x20000110   Section        0  tasks.o(.bss..L_MergedGlobals.4)
    xDelayedTaskList1                        0x20000124   Data          20  tasks.o(.bss..L_MergedGlobals.4)
    xDelayedTaskList2                        0x20000138   Data          20  tasks.o(.bss..L_MergedGlobals.4)
    KernelState                              0x2000014c   Data           4  cmsis_os2.o(.bss.KernelState)
    [Anonymous Symbol]                       0x2000014c   Section        0  cmsis_os2.o(.bss.KernelState)
    g_qma                                    0x20000150   Data          16  qma6100p.o(.bss.g_qma)
    [Anonymous Symbol]                       0x20000150   Section        0  qma6100p.o(.bss.g_qma)
    prvCheckForValidListAndQueue.ucStaticTimerQueueStorage 0x20000360   Data         160  timers.o(.bss.prvCheckForValidListAndQueue.ucStaticTimerQueueStorage)
    [Anonymous Symbol]                       0x20000360   Section        0  timers.o(.bss.prvCheckForValidListAndQueue.ucStaticTimerQueueStorage)
    prvCheckForValidListAndQueue.xStaticTimerQueue 0x20000400   Data          80  timers.o(.bss.prvCheckForValidListAndQueue.xStaticTimerQueue)
    [Anonymous Symbol]                       0x20000400   Section        0  timers.o(.bss.prvCheckForValidListAndQueue.xStaticTimerQueue)
    pxReadyTasksLists                        0x20000450   Data        1120  tasks.o(.bss.pxReadyTasksLists)
    [Anonymous Symbol]                       0x20000450   Section        0  tasks.o(.bss.pxReadyTasksLists)
    ucHeap                                   0x200008b0   Data       16384  heap_4.o(.bss.ucHeap)
    [Anonymous Symbol]                       0x200008b0   Section        0  heap_4.o(.bss.ucHeap)
    vApplicationGetIdleTaskMemory.Idle_Stack 0x200048b4   Data         512  cmsis_os2.o(.bss.vApplicationGetIdleTaskMemory.Idle_Stack)
    [Anonymous Symbol]                       0x200048b4   Section        0  cmsis_os2.o(.bss.vApplicationGetIdleTaskMemory.Idle_Stack)
    vApplicationGetIdleTaskMemory.Idle_TCB   0x20004ab4   Data          96  cmsis_os2.o(.bss.vApplicationGetIdleTaskMemory.Idle_TCB)
    [Anonymous Symbol]                       0x20004ab4   Section        0  cmsis_os2.o(.bss.vApplicationGetIdleTaskMemory.Idle_TCB)
    vApplicationGetTimerTaskMemory.Timer_Stack 0x20004b14   Data        1024  cmsis_os2.o(.bss.vApplicationGetTimerTaskMemory.Timer_Stack)
    [Anonymous Symbol]                       0x20004b14   Section        0  cmsis_os2.o(.bss.vApplicationGetTimerTaskMemory.Timer_Stack)
    vApplicationGetTimerTaskMemory.Timer_TCB 0x20004f14   Data          96  cmsis_os2.o(.bss.vApplicationGetTimerTaskMemory.Timer_TCB)
    [Anonymous Symbol]                       0x20004f14   Section        0  cmsis_os2.o(.bss.vApplicationGetTimerTaskMemory.Timer_TCB)
    STACK                                    0x20004fb8   Section     1024  startup_stm32u575xx.o(STACK)

    Global Symbols

    Symbol Name                              Value     Ov Type        Size  Object(Section)

    BuildAttributes$$THM_ISAv4$E$P$D$K$B$S$7EM$8M$VFPi5$EXTD16$VFPS$VFMA$PE$A:L22UL41UL21$X:L11$S22US41US21$IEEE1$IW$~IW$USESV6$~STKCKD$USESV7$~SHL$OTIME$ROPI$EBA8$MICROLIB$REQ8$PRES8$EABIv2 0x00000000   Number         0  anon$$obj.o ABSOLUTE
    _printf_a                                0x00000000   Number         0  printfstubs.o ABSOLUTE
    _printf_c                                0x00000000   Number         0  printfstubs.o ABSOLUTE
    _printf_charcount                        0x00000000   Number         0  printfstubs.o ABSOLUTE
    _printf_d                                0x00000000   Number         0  printfstubs.o ABSOLUTE
    _printf_e                                0x00000000   Number         0  printfstubs.o ABSOLUTE
    _printf_f                                0x00000000   Number         0  printfstubs.o ABSOLUTE
    _printf_flags                            0x00000000   Number         0  printfstubs.o ABSOLUTE
    _printf_fp_dec                           0x00000000   Number         0  printfstubs.o ABSOLUTE
    _printf_fp_hex                           0x00000000   Number         0  printfstubs.o ABSOLUTE
    _printf_g                                0x00000000   Number         0  printfstubs.o ABSOLUTE
    _printf_i                                0x00000000   Number         0  printfstubs.o ABSOLUTE
    _printf_int_dec                          0x00000000   Number         0  printfstubs.o ABSOLUTE
    _printf_l                                0x00000000   Number         0  printfstubs.o ABSOLUTE
    _printf_lc                               0x00000000   Number         0  printfstubs.o ABSOLUTE
    _printf_ll                               0x00000000   Number         0  printfstubs.o ABSOLUTE
    _printf_lld                              0x00000000   Number         0  printfstubs.o ABSOLUTE
    _printf_lli                              0x00000000   Number         0  printfstubs.o ABSOLUTE
    _printf_llo                              0x00000000   Number         0  printfstubs.o ABSOLUTE
    _printf_llu                              0x00000000   Number         0  printfstubs.o ABSOLUTE
    _printf_llx                              0x00000000   Number         0  printfstubs.o ABSOLUTE
    _printf_longlong_dec                     0x00000000   Number         0  printfstubs.o ABSOLUTE
    _printf_longlong_hex                     0x00000000   Number         0  printfstubs.o ABSOLUTE
    _printf_longlong_oct                     0x00000000   Number         0  printfstubs.o ABSOLUTE
    _printf_ls                               0x00000000   Number         0  printfstubs.o ABSOLUTE
    _printf_mbtowc                           0x00000000   Number         0  printfstubs.o ABSOLUTE
    _printf_n                                0x00000000   Number         0  printfstubs.o ABSOLUTE
    _printf_o                                0x00000000   Number         0  printfstubs.o ABSOLUTE
    _printf_p                                0x00000000   Number         0  printfstubs.o ABSOLUTE
    _printf_percent                          0x00000000   Number         0  printfstubs.o ABSOLUTE
    _printf_pre_padding                      0x00000000   Number         0  printfstubs.o ABSOLUTE
    _printf_return_value                     0x00000000   Number         0  printfstubs.o ABSOLUTE
    _printf_s                                0x00000000   Number         0  printfstubs.o ABSOLUTE
    _printf_sizespec                         0x00000000   Number         0  printfstubs.o ABSOLUTE
    _printf_str                              0x00000000   Number         0  printfstubs.o ABSOLUTE
    _printf_truncate_signed                  0x00000000   Number         0  printfstubs.o ABSOLUTE
    _printf_truncate_unsigned                0x00000000   Number         0  printfstubs.o ABSOLUTE
    _printf_u                                0x00000000   Number         0  printfstubs.o ABSOLUTE
    _printf_wc                               0x00000000   Number         0  printfstubs.o ABSOLUTE
    _printf_wctomb                           0x00000000   Number         0  printfstubs.o ABSOLUTE
    _printf_widthprec                        0x00000000   Number         0  printfstubs.o ABSOLUTE
    _printf_x                                0x00000000   Number         0  printfstubs.o ABSOLUTE
    __cpp_initialize__aeabi_                  - Undefined Weak Reference
    __cxa_finalize                            - Undefined Weak Reference
    __decompress                              - Undefined Weak Reference
    _clock_init                               - Undefined Weak Reference
    _microlib_exit                            - Undefined Weak Reference
    __Vectors_Size                           0x00000238   Number         0  startup_stm32u575xx.o ABSOLUTE
    __Vectors                                0x08000000   Data           4  startup_stm32u575xx.o(RESET)
    __Vectors_End                            0x08000238   Data           0  startup_stm32u575xx.o(RESET)
    __main                                   0x08000239   Thumb Code     0  entry.o(.ARM.Collect$$$$00000000)
    _main_stk                                0x08000239   Thumb Code     0  entry2.o(.ARM.Collect$$$$00000001)
    _main_scatterload                        0x0800023d   Thumb Code     0  entry5.o(.ARM.Collect$$$$00000004)
    __main_after_scatterload                 0x08000241   Thumb Code     0  entry5.o(.ARM.Collect$$$$00000004)
    _main_clock                              0x08000241   Thumb Code     0  entry7b.o(.ARM.Collect$$$$00000008)
    _main_cpp_init                           0x08000241   Thumb Code     0  entry8b.o(.ARM.Collect$$$$0000000A)
    _main_init                               0x08000241   Thumb Code     0  entry9a.o(.ARM.Collect$$$$0000000B)
    __rt_final_cpp                           0x08000249   Thumb Code     0  entry10a.o(.ARM.Collect$$$$0000000D)
    __rt_final_exit                          0x08000249   Thumb Code     0  entry11a.o(.ARM.Collect$$$$0000000F)
    Reset_Handler                            0x0800024d   Thumb Code     8  startup_stm32u575xx.o(.text)
    SecureFault_Handler                      0x0800025f   Thumb Code     2  startup_stm32u575xx.o(.text)
    ADC1_IRQHandler                          0x08000269   Thumb Code     0  startup_stm32u575xx.o(.text)
    ADC4_IRQHandler                          0x08000269   Thumb Code     0  startup_stm32u575xx.o(.text)
    ADF1_IRQHandler                          0x08000269   Thumb Code     0  startup_stm32u575xx.o(.text)
    COMP_IRQHandler                          0x08000269   Thumb Code     0  startup_stm32u575xx.o(.text)
    CORDIC_IRQHandler                        0x08000269   Thumb Code     0  startup_stm32u575xx.o(.text)
    CRS_IRQHandler                           0x08000269   Thumb Code     0  startup_stm32u575xx.o(.text)
    DAC1_IRQHandler                          0x08000269   Thumb Code     0  startup_stm32u575xx.o(.text)
    DCACHE1_IRQHandler                       0x08000269   Thumb Code     0  startup_stm32u575xx.o(.text)
    DCMI_PSSI_IRQHandler                     0x08000269   Thumb Code     0  startup_stm32u575xx.o(.text)
    DMA2D_IRQHandler                         0x08000269   Thumb Code     0  startup_stm32u575xx.o(.text)
    EXTI0_IRQHandler                         0x08000269   Thumb Code     0  startup_stm32u575xx.o(.text)
    EXTI10_IRQHandler                        0x08000269   Thumb Code     0  startup_stm32u575xx.o(.text)
    EXTI11_IRQHandler                        0x08000269   Thumb Code     0  startup_stm32u575xx.o(.text)
    EXTI12_IRQHandler                        0x08000269   Thumb Code     0  startup_stm32u575xx.o(.text)
    EXTI13_IRQHandler                        0x08000269   Thumb Code     0  startup_stm32u575xx.o(.text)
    EXTI14_IRQHandler                        0x08000269   Thumb Code     0  startup_stm32u575xx.o(.text)
    EXTI15_IRQHandler                        0x08000269   Thumb Code     0  startup_stm32u575xx.o(.text)
    EXTI1_IRQHandler                         0x08000269   Thumb Code     0  startup_stm32u575xx.o(.text)
    EXTI2_IRQHandler                         0x08000269   Thumb Code     0  startup_stm32u575xx.o(.text)
    EXTI3_IRQHandler                         0x08000269   Thumb Code     0  startup_stm32u575xx.o(.text)
    EXTI4_IRQHandler                         0x08000269   Thumb Code     0  startup_stm32u575xx.o(.text)
    EXTI5_IRQHandler                         0x08000269   Thumb Code     0  startup_stm32u575xx.o(.text)
    EXTI6_IRQHandler                         0x08000269   Thumb Code     0  startup_stm32u575xx.o(.text)
    EXTI7_IRQHandler                         0x08000269   Thumb Code     0  startup_stm32u575xx.o(.text)
    EXTI8_IRQHandler                         0x08000269   Thumb Code     0  startup_stm32u575xx.o(.text)
    EXTI9_IRQHandler                         0x08000269   Thumb Code     0  startup_stm32u575xx.o(.text)
    FDCAN1_IT0_IRQHandler                    0x08000269   Thumb Code     0  startup_stm32u575xx.o(.text)
    FDCAN1_IT1_IRQHandler                    0x08000269   Thumb Code     0  startup_stm32u575xx.o(.text)
    FLASH_IRQHandler                         0x08000269   Thumb Code     0  startup_stm32u575xx.o(.text)
    FLASH_S_IRQHandler                       0x08000269   Thumb Code     0  startup_stm32u575xx.o(.text)
    FMAC_IRQHandler                          0x08000269   Thumb Code     0  startup_stm32u575xx.o(.text)
    FMC_IRQHandler                           0x08000269   Thumb Code     0  startup_stm32u575xx.o(.text)
    FPU_IRQHandler                           0x08000269   Thumb Code     0  startup_stm32u575xx.o(.text)
    GPDMA1_Channel0_IRQHandler               0x08000269   Thumb Code     0  startup_stm32u575xx.o(.text)
    GPDMA1_Channel10_IRQHandler              0x08000269   Thumb Code     0  startup_stm32u575xx.o(.text)
    GPDMA1_Channel11_IRQHandler              0x08000269   Thumb Code     0  startup_stm32u575xx.o(.text)
    GPDMA1_Channel12_IRQHandler              0x08000269   Thumb Code     0  startup_stm32u575xx.o(.text)
    GPDMA1_Channel13_IRQHandler              0x08000269   Thumb Code     0  startup_stm32u575xx.o(.text)
    GPDMA1_Channel14_IRQHandler              0x08000269   Thumb Code     0  startup_stm32u575xx.o(.text)
    GPDMA1_Channel15_IRQHandler              0x08000269   Thumb Code     0  startup_stm32u575xx.o(.text)
    GPDMA1_Channel1_IRQHandler               0x08000269   Thumb Code     0  startup_stm32u575xx.o(.text)
    GPDMA1_Channel2_IRQHandler               0x08000269   Thumb Code     0  startup_stm32u575xx.o(.text)
    GPDMA1_Channel3_IRQHandler               0x08000269   Thumb Code     0  startup_stm32u575xx.o(.text)
    GPDMA1_Channel4_IRQHandler               0x08000269   Thumb Code     0  startup_stm32u575xx.o(.text)
    GPDMA1_Channel5_IRQHandler               0x08000269   Thumb Code     0  startup_stm32u575xx.o(.text)
    GPDMA1_Channel6_IRQHandler               0x08000269   Thumb Code     0  startup_stm32u575xx.o(.text)
    GPDMA1_Channel7_IRQHandler               0x08000269   Thumb Code     0  startup_stm32u575xx.o(.text)
    GPDMA1_Channel8_IRQHandler               0x08000269   Thumb Code     0  startup_stm32u575xx.o(.text)
    GPDMA1_Channel9_IRQHandler               0x08000269   Thumb Code     0  startup_stm32u575xx.o(.text)
    GTZC_IRQHandler                          0x08000269   Thumb Code     0  startup_stm32u575xx.o(.text)
    HASH_IRQHandler                          0x08000269   Thumb Code     0  startup_stm32u575xx.o(.text)
    I2C1_ER_IRQHandler                       0x08000269   Thumb Code     0  startup_stm32u575xx.o(.text)
    I2C1_EV_IRQHandler                       0x08000269   Thumb Code     0  startup_stm32u575xx.o(.text)
    I2C2_ER_IRQHandler                       0x08000269   Thumb Code     0  startup_stm32u575xx.o(.text)
    I2C2_EV_IRQHandler                       0x08000269   Thumb Code     0  startup_stm32u575xx.o(.text)
    I2C3_ER_IRQHandler                       0x08000269   Thumb Code     0  startup_stm32u575xx.o(.text)
    I2C3_EV_IRQHandler                       0x08000269   Thumb Code     0  startup_stm32u575xx.o(.text)
    I2C4_ER_IRQHandler                       0x08000269   Thumb Code     0  startup_stm32u575xx.o(.text)
    I2C4_EV_IRQHandler                       0x08000269   Thumb Code     0  startup_stm32u575xx.o(.text)
    ICACHE_IRQHandler                        0x08000269   Thumb Code     0  startup_stm32u575xx.o(.text)
    IWDG_IRQHandler                          0x08000269   Thumb Code     0  startup_stm32u575xx.o(.text)
    LPDMA1_Channel0_IRQHandler               0x08000269   Thumb Code     0  startup_stm32u575xx.o(.text)
    LPDMA1_Channel1_IRQHandler               0x08000269   Thumb Code     0  startup_stm32u575xx.o(.text)
    LPDMA1_Channel2_IRQHandler               0x08000269   Thumb Code     0  startup_stm32u575xx.o(.text)
    LPDMA1_Channel3_IRQHandler               0x08000269   Thumb Code     0  startup_stm32u575xx.o(.text)
    LPTIM1_IRQHandler                        0x08000269   Thumb Code     0  startup_stm32u575xx.o(.text)
    LPTIM2_IRQHandler                        0x08000269   Thumb Code     0  startup_stm32u575xx.o(.text)
    LPTIM3_IRQHandler                        0x08000269   Thumb Code     0  startup_stm32u575xx.o(.text)
    LPTIM4_IRQHandler                        0x08000269   Thumb Code     0  startup_stm32u575xx.o(.text)
    LPUART1_IRQHandler                       0x08000269   Thumb Code     0  startup_stm32u575xx.o(.text)
    LSECSSD_IRQHandler                       0x08000269   Thumb Code     0  startup_stm32u575xx.o(.text)
    MDF1_FLT0_IRQHandler                     0x08000269   Thumb Code     0  startup_stm32u575xx.o(.text)
    MDF1_FLT1_IRQHandler                     0x08000269   Thumb Code     0  startup_stm32u575xx.o(.text)
    MDF1_FLT2_IRQHandler                     0x08000269   Thumb Code     0  startup_stm32u575xx.o(.text)
    MDF1_FLT3_IRQHandler                     0x08000269   Thumb Code     0  startup_stm32u575xx.o(.text)
    MDF1_FLT4_IRQHandler                     0x08000269   Thumb Code     0  startup_stm32u575xx.o(.text)
    MDF1_FLT5_IRQHandler                     0x08000269   Thumb Code     0  startup_stm32u575xx.o(.text)
    OCTOSPI1_IRQHandler                      0x08000269   Thumb Code     0  startup_stm32u575xx.o(.text)
    OCTOSPI2_IRQHandler                      0x08000269   Thumb Code     0  startup_stm32u575xx.o(.text)
    OTG_FS_IRQHandler                        0x08000269   Thumb Code     0  startup_stm32u575xx.o(.text)
    PVD_PVM_IRQHandler                       0x08000269   Thumb Code     0  startup_stm32u575xx.o(.text)
    PWR_S3WU_IRQHandler                      0x08000269   Thumb Code     0  startup_stm32u575xx.o(.text)
    RAMCFG_IRQHandler                        0x08000269   Thumb Code     0  startup_stm32u575xx.o(.text)
    RCC_IRQHandler                           0x08000269   Thumb Code     0  startup_stm32u575xx.o(.text)
    RCC_S_IRQHandler                         0x08000269   Thumb Code     0  startup_stm32u575xx.o(.text)
    RNG_IRQHandler                           0x08000269   Thumb Code     0  startup_stm32u575xx.o(.text)
    RTC_IRQHandler                           0x08000269   Thumb Code     0  startup_stm32u575xx.o(.text)
    RTC_S_IRQHandler                         0x08000269   Thumb Code     0  startup_stm32u575xx.o(.text)
    SAI1_IRQHandler                          0x08000269   Thumb Code     0  startup_stm32u575xx.o(.text)
    SAI2_IRQHandler                          0x08000269   Thumb Code     0  startup_stm32u575xx.o(.text)
    SDMMC1_IRQHandler                        0x08000269   Thumb Code     0  startup_stm32u575xx.o(.text)
    SDMMC2_IRQHandler                        0x08000269   Thumb Code     0  startup_stm32u575xx.o(.text)
    SPI1_IRQHandler                          0x08000269   Thumb Code     0  startup_stm32u575xx.o(.text)
    SPI2_IRQHandler                          0x08000269   Thumb Code     0  startup_stm32u575xx.o(.text)
    SPI3_IRQHandler                          0x08000269   Thumb Code     0  startup_stm32u575xx.o(.text)
    TAMP_IRQHandler                          0x08000269   Thumb Code     0  startup_stm32u575xx.o(.text)
    TIM15_IRQHandler                         0x08000269   Thumb Code     0  startup_stm32u575xx.o(.text)
    TIM16_IRQHandler                         0x08000269   Thumb Code     0  startup_stm32u575xx.o(.text)
    TIM17_IRQHandler                         0x08000269   Thumb Code     0  startup_stm32u575xx.o(.text)
    TIM1_BRK_IRQHandler                      0x08000269   Thumb Code     0  startup_stm32u575xx.o(.text)
    TIM1_CC_IRQHandler                       0x08000269   Thumb Code     0  startup_stm32u575xx.o(.text)
    TIM1_TRG_COM_IRQHandler                  0x08000269   Thumb Code     0  startup_stm32u575xx.o(.text)
    TIM1_UP_IRQHandler                       0x08000269   Thumb Code     0  startup_stm32u575xx.o(.text)
    TIM2_IRQHandler                          0x08000269   Thumb Code     0  startup_stm32u575xx.o(.text)
    TIM3_IRQHandler                          0x08000269   Thumb Code     0  startup_stm32u575xx.o(.text)
    TIM4_IRQHandler                          0x08000269   Thumb Code     0  startup_stm32u575xx.o(.text)
    TIM5_IRQHandler                          0x08000269   Thumb Code     0  startup_stm32u575xx.o(.text)
    TIM7_IRQHandler                          0x08000269   Thumb Code     0  startup_stm32u575xx.o(.text)
    TIM8_BRK_IRQHandler                      0x08000269   Thumb Code     0  startup_stm32u575xx.o(.text)
    TIM8_CC_IRQHandler                       0x08000269   Thumb Code     0  startup_stm32u575xx.o(.text)
    TIM8_TRG_COM_IRQHandler                  0x08000269   Thumb Code     0  startup_stm32u575xx.o(.text)
    TIM8_UP_IRQHandler                       0x08000269   Thumb Code     0  startup_stm32u575xx.o(.text)
    TSC_IRQHandler                           0x08000269   Thumb Code     0  startup_stm32u575xx.o(.text)
    UART4_IRQHandler                         0x08000269   Thumb Code     0  startup_stm32u575xx.o(.text)
    UART5_IRQHandler                         0x08000269   Thumb Code     0  startup_stm32u575xx.o(.text)
    UCPD1_IRQHandler                         0x08000269   Thumb Code     0  startup_stm32u575xx.o(.text)
    USART1_IRQHandler                        0x08000269   Thumb Code     0  startup_stm32u575xx.o(.text)
    USART2_IRQHandler                        0x08000269   Thumb Code     0  startup_stm32u575xx.o(.text)
    USART3_IRQHandler                        0x08000269   Thumb Code     0  startup_stm32u575xx.o(.text)
    WWDG_IRQHandler                          0x08000269   Thumb Code     0  startup_stm32u575xx.o(.text)
    __aeabi_uldivmod                         0x08000275   Thumb Code    98  uldiv.o(.text)
    __aeabi_memcpy                           0x080002d7   Thumb Code    36  memcpya.o(.text)
    __aeabi_memcpy4                          0x080002d7   Thumb Code     0  memcpya.o(.text)
    __aeabi_memcpy8                          0x080002d7   Thumb Code     0  memcpya.o(.text)
    __aeabi_memset                           0x080002fb   Thumb Code    14  memseta.o(.text)
    __aeabi_memset4                          0x080002fb   Thumb Code     0  memseta.o(.text)
    __aeabi_memset8                          0x080002fb   Thumb Code     0  memseta.o(.text)
    __aeabi_memclr                           0x08000309   Thumb Code     4  memseta.o(.text)
    __aeabi_memclr4                          0x08000309   Thumb Code     0  memseta.o(.text)
    __aeabi_memclr8                          0x08000309   Thumb Code     0  memseta.o(.text)
    _memset$wrapper                          0x0800030d   Thumb Code    18  memseta.o(.text)
    __aeabi_f2d                              0x0800031f   Thumb Code    38  f2d.o(.text)
    __aeabi_uidiv                            0x08000345   Thumb Code     0  uidiv.o(.text)
    __aeabi_uidivmod                         0x08000345   Thumb Code    44  uidiv.o(.text)
    __aeabi_llsl                             0x08000371   Thumb Code    30  llshl.o(.text)
    _ll_shift_l                              0x08000371   Thumb Code     0  llshl.o(.text)
    __aeabi_llsr                             0x0800038f   Thumb Code    32  llushr.o(.text)
    _ll_ushift_r                             0x0800038f   Thumb Code     0  llushr.o(.text)
    __I$use$fp                               0x080003af   Thumb Code     0  iusefp.o(.text)
    __aeabi_dadd                             0x080003af   Thumb Code   322  dadd.o(.text)
    __aeabi_dsub                             0x080004f1   Thumb Code     6  dadd.o(.text)
    __aeabi_drsub                            0x080004f7   Thumb Code     6  dadd.o(.text)
    __aeabi_dmul                             0x080004fd   Thumb Code   228  dmul.o(.text)
    __aeabi_ddiv                             0x080005e1   Thumb Code   222  ddiv.o(.text)
    __aeabi_d2ulz                            0x080006bf   Thumb Code    48  dfixul.o(.text)
    __aeabi_cdrcmple                         0x080006f1   Thumb Code    48  cdrcmple.o(.text)
    __scatterload                            0x08000721   Thumb Code    28  init.o(.text)
    __scatterload_rt2                        0x08000721   Thumb Code     0  init.o(.text)
    __aeabi_lasr                             0x08000745   Thumb Code    36  llsshr.o(.text)
    _ll_sshift_r                             0x08000745   Thumb Code     0  llsshr.o(.text)
    _double_round                            0x08000769   Thumb Code    30  depilogue.o(.text)
    _double_epilogue                         0x08000787   Thumb Code   156  depilogue.o(.text)
    BusFault_Handler                         0x08000825   Thumb Code     2  stm32u5xx_it.o(.text.BusFault_Handler)
    DebugMon_Handler                         0x08000829   Thumb Code     2  stm32u5xx_it.o(.text.DebugMon_Handler)
    Error_Handler                            0x0800082d   Thumb Code    10  main.o(.text.Error_Handler)
    H3LIS100DL_Init                          0x08000839   Thumb Code  1064  h3lis100dl.o(.text.H3LIS100DL_Init)
    H3LIS100DL_ReadAccXYZ                    0x08000ce9   Thumb Code   404  h3lis100dl.o(.text.H3LIS100DL_ReadAccXYZ)
    HAL_Delay                                0x08000e7d   Thumb Code    40  stm32u5xx_hal.o(.text.HAL_Delay)
    HAL_GPIO_Init                            0x08000ea5   Thumb Code   538  stm32u5xx_hal_gpio.o(.text.HAL_GPIO_Init)
    HAL_GPIO_ReadPin                         0x080010c1   Thumb Code    10  stm32u5xx_hal_gpio.o(.text.HAL_GPIO_ReadPin)
    HAL_GPIO_TogglePin                       0x080010cd   Thumb Code    16  stm32u5xx_hal_gpio.o(.text.HAL_GPIO_TogglePin)
    HAL_GPIO_WritePin                        0x080010dd   Thumb Code    12  stm32u5xx_hal_gpio.o(.text.HAL_GPIO_WritePin)
    HAL_GetTick                              0x080010e9   Thumb Code    12  stm32u5xx_hal.o(.text.HAL_GetTick)
    HAL_ICACHE_Disable                       0x080010f5   Thumb Code    68  stm32u5xx_hal_icache.o(.text.HAL_ICACHE_Disable)
    HAL_ICACHE_EnableRemapRegion             0x08001139   Thumb Code    76  stm32u5xx_hal_icache.o(.text.HAL_ICACHE_EnableRemapRegion)
    HAL_IncTick                              0x08001185   Thumb Code    26  stm32u5xx_hal.o(.text.HAL_IncTick)
    HAL_Init                                 0x080011a1   Thumb Code    86  stm32u5xx_hal.o(.text.HAL_Init)
    HAL_InitTick                             0x080011f9   Thumb Code   162  stm32u5xx_hal_timebase_tim.o(.text.HAL_InitTick)
    HAL_MspInit                              0x0800129d   Thumb Code    42  stm32u5xx_hal_msp.o(.text.HAL_MspInit)
    HAL_NVIC_EnableIRQ                       0x080012c9   Thumb Code    32  stm32u5xx_hal_cortex.o(.text.HAL_NVIC_EnableIRQ)
    HAL_NVIC_SetPriority                     0x080012e9   Thumb Code    86  stm32u5xx_hal_cortex.o(.text.HAL_NVIC_SetPriority)
    HAL_NVIC_SetPriorityGrouping             0x08001341   Thumb Code    32  stm32u5xx_hal_cortex.o(.text.HAL_NVIC_SetPriorityGrouping)
    HAL_PWREx_ControlVoltageScaling          0x08001361   Thumb Code   302  stm32u5xx_hal_pwr_ex.o(.text.HAL_PWREx_ControlVoltageScaling)
    HAL_PWREx_DisableUCPDDeadBattery         0x08001491   Thumb Code    18  stm32u5xx_hal_pwr_ex.o(.text.HAL_PWREx_DisableUCPDDeadBattery)
    HAL_PWREx_GetVoltageRange                0x080014a5   Thumb Code    16  stm32u5xx_hal_pwr_ex.o(.text.HAL_PWREx_GetVoltageRange)
    HAL_RCCEx_GetPLL1ClockFreq               0x080014b5   Thumb Code   408  stm32u5xx_hal_rcc_ex.o(.text.HAL_RCCEx_GetPLL1ClockFreq)
    HAL_RCCEx_GetPLL2ClockFreq               0x0800164d   Thumb Code   408  stm32u5xx_hal_rcc_ex.o(.text.HAL_RCCEx_GetPLL2ClockFreq)
    HAL_RCCEx_GetPLL3ClockFreq               0x080017e5   Thumb Code   408  stm32u5xx_hal_rcc_ex.o(.text.HAL_RCCEx_GetPLL3ClockFreq)
    HAL_RCCEx_GetPeriphCLKFreq               0x0800197d   Thumb Code  2702  stm32u5xx_hal_rcc_ex.o(.text.HAL_RCCEx_GetPeriphCLKFreq)
    HAL_RCCEx_PeriphCLKConfig                0x0800240d   Thumb Code  1622  stm32u5xx_hal_rcc_ex.o(.text.HAL_RCCEx_PeriphCLKConfig)
    HAL_RCC_ClockConfig                      0x08002a65   Thumb Code   766  stm32u5xx_hal_rcc.o(.text.HAL_RCC_ClockConfig)
    HAL_RCC_GetClockConfig                   0x08002d65   Thumb Code    76  stm32u5xx_hal_rcc.o(.text.HAL_RCC_GetClockConfig)
    HAL_RCC_GetHCLKFreq                      0x08002db1   Thumb Code    44  stm32u5xx_hal_rcc.o(.text.HAL_RCC_GetHCLKFreq)
    HAL_RCC_GetPCLK1Freq                     0x08002ddd   Thumb Code    62  stm32u5xx_hal_rcc.o(.text.HAL_RCC_GetPCLK1Freq)
    HAL_RCC_GetPCLK2Freq                     0x08002e1d   Thumb Code    62  stm32u5xx_hal_rcc.o(.text.HAL_RCC_GetPCLK2Freq)
    HAL_RCC_GetPCLK3Freq                     0x08002e5d   Thumb Code    62  stm32u5xx_hal_rcc.o(.text.HAL_RCC_GetPCLK3Freq)
    HAL_RCC_GetSysClockFreq                  0x08002e9d   Thumb Code   272  stm32u5xx_hal_rcc.o(.text.HAL_RCC_GetSysClockFreq)
    HAL_RCC_OscConfig                        0x08002fad   Thumb Code  2956  stm32u5xx_hal_rcc.o(.text.HAL_RCC_OscConfig)
    HAL_SPI_Init                             0x08003b39   Thumb Code   380  stm32u5xx_hal_spi.o(.text.HAL_SPI_Init)
    HAL_SPI_MspInit                          0x08003cb5   Thumb Code     2  stm32u5xx_hal_spi.o(.text.HAL_SPI_MspInit)
    HAL_SPI_Transmit                         0x08003cb9   Thumb Code   978  stm32u5xx_hal_spi.o(.text.HAL_SPI_Transmit)
    HAL_SPI_TransmitReceive                  0x0800408d   Thumb Code  1056  stm32u5xx_hal_spi.o(.text.HAL_SPI_TransmitReceive)
    HAL_TIMEx_Break2Callback                 0x080044ad   Thumb Code     2  stm32u5xx_hal_tim_ex.o(.text.HAL_TIMEx_Break2Callback)
    HAL_TIMEx_BreakCallback                  0x080044b1   Thumb Code     2  stm32u5xx_hal_tim_ex.o(.text.HAL_TIMEx_BreakCallback)
    HAL_TIMEx_CommutCallback                 0x080044b5   Thumb Code     2  stm32u5xx_hal_tim_ex.o(.text.HAL_TIMEx_CommutCallback)
    HAL_TIMEx_DirectionChangeCallback        0x080044b9   Thumb Code     2  stm32u5xx_hal_tim_ex.o(.text.HAL_TIMEx_DirectionChangeCallback)
    HAL_TIMEx_EncoderIndexCallback           0x080044bd   Thumb Code     2  stm32u5xx_hal_tim_ex.o(.text.HAL_TIMEx_EncoderIndexCallback)
    HAL_TIMEx_IndexErrorCallback             0x080044c1   Thumb Code     2  stm32u5xx_hal_tim_ex.o(.text.HAL_TIMEx_IndexErrorCallback)
    HAL_TIMEx_TransitionErrorCallback        0x080044c5   Thumb Code     2  stm32u5xx_hal_tim_ex.o(.text.HAL_TIMEx_TransitionErrorCallback)
    HAL_TIM_Base_Init                        0x080044c9   Thumb Code    98  stm32u5xx_hal_tim.o(.text.HAL_TIM_Base_Init)
    HAL_TIM_Base_MspInit                     0x0800452d   Thumb Code     2  stm32u5xx_hal_tim.o(.text.HAL_TIM_Base_MspInit)
    HAL_TIM_Base_Start_IT                    0x08004531   Thumb Code   268  stm32u5xx_hal_tim.o(.text.HAL_TIM_Base_Start_IT)
    HAL_TIM_IC_CaptureCallback               0x0800463d   Thumb Code     2  stm32u5xx_hal_tim.o(.text.HAL_TIM_IC_CaptureCallback)
    HAL_TIM_IRQHandler                       0x08004641   Thumb Code   528  stm32u5xx_hal_tim.o(.text.HAL_TIM_IRQHandler)
    HAL_TIM_OC_DelayElapsedCallback          0x08004851   Thumb Code     2  stm32u5xx_hal_tim.o(.text.HAL_TIM_OC_DelayElapsedCallback)
    HAL_TIM_PWM_PulseFinishedCallback        0x08004855   Thumb Code     2  stm32u5xx_hal_tim.o(.text.HAL_TIM_PWM_PulseFinishedCallback)
    HAL_TIM_PeriodElapsedCallback            0x08004859   Thumb Code    20  main.o(.text.HAL_TIM_PeriodElapsedCallback)
    HAL_TIM_TriggerCallback                  0x0800486d   Thumb Code     2  stm32u5xx_hal_tim.o(.text.HAL_TIM_TriggerCallback)
    HAL_UARTEx_DisableFifoMode               0x08004871   Thumb Code    54  stm32u5xx_hal_uart_ex.o(.text.HAL_UARTEx_DisableFifoMode)
    HAL_UARTEx_SetRxFifoThreshold            0x080048a9   Thumb Code   140  stm32u5xx_hal_uart_ex.o(.text.HAL_UARTEx_SetRxFifoThreshold)
    HAL_UARTEx_SetTxFifoThreshold            0x08004935   Thumb Code   140  stm32u5xx_hal_uart_ex.o(.text.HAL_UARTEx_SetTxFifoThreshold)
    HAL_UART_Init                            0x080049c1   Thumb Code   104  stm32u5xx_hal_uart.o(.text.HAL_UART_Init)
    HAL_UART_MspInit                         0x08004a29   Thumb Code   150  usart.o(.text.HAL_UART_MspInit)
    HAL_UART_Transmit                        0x08004ac1   Thumb Code   222  stm32u5xx_hal_uart.o(.text.HAL_UART_Transmit)
    HardFault_Handler                        0x08004ba1   Thumb Code     2  stm32u5xx_it.o(.text.HardFault_Handler)
    LSM6DSOX_Configure                       0x08004ba5   Thumb Code   732  lsm6dsox.o(.text.LSM6DSOX_Configure)
    LSM6DSOX_Init                            0x08004e81   Thumb Code   500  lsm6dsox.o(.text.LSM6DSOX_Init)
    LSM6DSOX_ReadAllData                     0x080050ad   Thumb Code   396  lsm6dsox.o(.text.LSM6DSOX_ReadAllData)
    LSM6DSOX_ReadID                          0x08005239   Thumb Code   200  lsm6dsox.o(.text.LSM6DSOX_ReadID)
    LSM6DSOX_ReadStatus                      0x08005301   Thumb Code   200  lsm6dsox.o(.text.LSM6DSOX_ReadStatus)
    MX_FREERTOS_Init                         0x080053c9   Thumb Code   178  app_freertos.o(.text.MX_FREERTOS_Init)
    MX_GPIO_Init                             0x0800547d   Thumb Code   118  gpio.o(.text.MX_GPIO_Init)
    MX_ICACHE_Init                           0x080054f5   Thumb Code    50  icache.o(.text.MX_ICACHE_Init)
    MX_SPI1_Init                             0x08005529   Thumb Code   230  bsp_spi.o(.text.MX_SPI1_Init)
    MX_SPI2_Init                             0x08005611   Thumb Code   246  bsp_spi.o(.text.MX_SPI2_Init)
    MX_USART1_UART_Init                      0x08005709   Thumb Code   132  usart.o(.text.MX_USART1_UART_Init)
    MemManage_Handler                        0x0800578d   Thumb Code     2  stm32u5xx_it.o(.text.MemManage_Handler)
    NMI_Handler                              0x08005791   Thumb Code     2  stm32u5xx_it.o(.text.NMI_Handler)
    PendSV_Handler                           0x080057a1   Thumb Code   100  portasm.o(.text.PendSV_Handler)
    PostSleepProcessing                      0x08005805   Thumb Code     2  app_freertos.o(.text.PostSleepProcessing)
    PreSleepProcessing                       0x08005809   Thumb Code     2  app_freertos.o(.text.PreSleepProcessing)
    QMA6100P_DumpRegs                        0x0800593d   Thumb Code   180  qma6100p.o(.text.QMA6100P_DumpRegs)
    QMA6100P_Init                            0x08005a5d   Thumb Code  2068  qma6100p.o(.text.QMA6100P_Init)
    QMA6100P_ReadAccXYZ                      0x08006271   Thumb Code   132  qma6100p.o(.text.QMA6100P_ReadAccXYZ)
    QMA6100P_ReadRawXYZ                      0x080062f5   Thumb Code   192  qma6100p.o(.text.QMA6100P_ReadRawXYZ)
    SVC_Handler                              0x080066a1   Thumb Code    36  portasm.o(.text.SVC_Handler)
    StartBlueBlinkTask                       0x080066c5   Thumb Code    26  user_app.o(.text.StartBlueBlinkTask)
    StartDefaultTask                         0x080066e1   Thumb Code     8  app_freertos.o(.text.StartDefaultTask)
    StartGreenBlinkTask                      0x080066e9   Thumb Code    26  user_app.o(.text.StartGreenBlinkTask)
    StartH3lis100dlTask                      0x08006705   Thumb Code   376  app_freertos.o(.text.StartH3lis100dlTask)
    StartLsm6dsoxTask                        0x080068e1   Thumb Code   364  app_freertos.o(.text.StartLsm6dsoxTask)
    StartQma6100pTask                        0x08006ad5   Thumb Code   332  app_freertos.o(.text.StartQma6100pTask)
    SysTick_Handler                          0x08006c81   Thumb Code    30  cmsis_os2.o(.text.SysTick_Handler)
    SystemInit                               0x08006ca1   Thumb Code    76  system_stm32u5xx.o(.text.SystemInit)
    TIM6_IRQHandler                          0x08006ced   Thumb Code    12  stm32u5xx_it.o(.text.TIM6_IRQHandler)
    TIM_Base_SetConfig                       0x08006cf9   Thumb Code   634  stm32u5xx_hal_tim.o(.text.TIM_Base_SetConfig)
    UART_AdvFeatureConfig                    0x08006f75   Thumb Code   232  stm32u5xx_hal_uart.o(.text.UART_AdvFeatureConfig)
    UART_CheckIdleState                      0x0800705d   Thumb Code   366  stm32u5xx_hal_uart.o(.text.UART_CheckIdleState)
    UART_SetConfig                           0x080071cd   Thumb Code   538  stm32u5xx_hal_uart.o(.text.UART_SetConfig)
    UART_WaitOnFlagUntilTimeout              0x080073e9   Thumb Code   736  stm32u5xx_hal_uart.o(.text.UART_WaitOnFlagUntilTimeout)
    UsageFault_Handler                       0x080076c9   Thumb Code     2  stm32u5xx_it.o(.text.UsageFault_Handler)
    configureTimerForRunTimeStats            0x080076cd   Thumb Code     2  app_freertos.o(.text.configureTimerForRunTimeStats)
    eTaskConfirmSleepModeStatus              0x080076d1   Thumb Code    48  tasks.o(.text.eTaskConfirmSleepModeStatus)
    fputc                                    0x08007701   Thumb Code    32  usart.o(.text.fputc)
    getRunTimeCounterValue                   0x08007721   Thumb Code     4  app_freertos.o(.text.getRunTimeCounterValue)
    main                                     0x08007725   Thumb Code   288  main.o(.text.main)
    osDelay                                  0x080078d1   Thumb Code    62  cmsis_os2.o(.text.osDelay)
    osKernelInitialize                       0x08007911   Thumb Code    78  cmsis_os2.o(.text.osKernelInitialize)
    osKernelStart                            0x08007961   Thumb Code    94  cmsis_os2.o(.text.osKernelStart)
    osMutexAcquire                           0x080079c1   Thumb Code   112  cmsis_os2.o(.text.osMutexAcquire)
    osMutexNew                               0x08007a31   Thumb Code   168  cmsis_os2.o(.text.osMutexNew)
    osMutexRelease                           0x08007ad9   Thumb Code   102  cmsis_os2.o(.text.osMutexRelease)
    osThreadNew                              0x08007b41   Thumb Code   212  cmsis_os2.o(.text.osThreadNew)
    osThreadSuspend                          0x08007c15   Thumb Code    66  cmsis_os2.o(.text.osThreadSuspend)
    pvPortMalloc                             0x080084ad   Thumb Code   494  heap_4.o(.text.pvPortMalloc)
    pvTaskIncrementMutexHeldCount            0x0800869d   Thumb Code    24  tasks.o(.text.pvTaskIncrementMutexHeldCount)
    pxPortInitialiseStack                    0x080086b5   Thumb Code   110  port.o(.text.pxPortInitialiseStack)
    ulSetInterruptMask                       0x08008725   Thumb Code    22  portasm.o(.text.ulSetInterruptMask)
    uxListRemove                             0x0800873d   Thumb Code    36  list.o(.text.uxListRemove)
    vApplicationGetIdleTaskMemory            0x08008761   Thumb Code    26  cmsis_os2.o(.text.vApplicationGetIdleTaskMemory)
    vApplicationGetTimerTaskMemory           0x0800877d   Thumb Code    28  cmsis_os2.o(.text.vApplicationGetTimerTaskMemory)
    vClearInterruptMask                      0x08008799   Thumb Code    14  portasm.o(.text.vClearInterruptMask)
    vListInitialise                          0x080087a9   Thumb Code    22  list.o(.text.vListInitialise)
    vListInitialiseItem                      0x080087c1   Thumb Code     6  list.o(.text.vListInitialiseItem)
    vListInsert                              0x080087c9   Thumb Code    98  list.o(.text.vListInsert)
    vListInsertEnd                           0x0800882d   Thumb Code    28  list.o(.text.vListInsertEnd)
    vPortEnterCritical                       0x08008849   Thumb Code    30  port.o(.text.vPortEnterCritical)
    vPortExitCritical                        0x08008869   Thumb Code    46  port.o(.text.vPortExitCritical)
    vPortFree                                0x08008899   Thumb Code   188  heap_4.o(.text.vPortFree)
    vPortSVCHandler_C                        0x08008955   Thumb Code    54  port.o(.text.vPortSVCHandler_C)
    vPortSetupTimerInterrupt                 0x0800898d   Thumb Code    88  port.o(.text.vPortSetupTimerInterrupt)
    vPortSuppressTicksAndSleep               0x080089e5   Thumb Code   262  port.o(.text.vPortSuppressTicksAndSleep)
    vPortYield                               0x08008aed   Thumb Code    24  port.o(.text.vPortYield)
    vQueueAddToRegistry                      0x08008b05   Thumb Code   286  queue.o(.text.vQueueAddToRegistry)
    vQueueWaitForMessageRestricted           0x08008c25   Thumb Code    82  queue.o(.text.vQueueWaitForMessageRestricted)
    vRestoreContextOfFirstTask               0x08008c81   Thumb Code    52  portasm.o(.text.vRestoreContextOfFirstTask)
    vStartFirstTask                          0x08008cc1   Thumb Code    36  portasm.o(.text.vStartFirstTask)
    vTaskDelay                               0x08008ce5   Thumb Code   100  tasks.o(.text.vTaskDelay)
    vTaskInternalSetTimeOutState             0x08008d49   Thumb Code    18  tasks.o(.text.vTaskInternalSetTimeOutState)
    vTaskMissedYield                         0x08008d5d   Thumb Code    14  tasks.o(.text.vTaskMissedYield)
    vTaskPlaceOnEventList                    0x08008d6d   Thumb Code    42  tasks.o(.text.vTaskPlaceOnEventList)
    vTaskPlaceOnEventListRestricted          0x08008d99   Thumb Code   132  tasks.o(.text.vTaskPlaceOnEventListRestricted)
    vTaskPriorityDisinheritAfterTimeout      0x08008e1d   Thumb Code   156  tasks.o(.text.vTaskPriorityDisinheritAfterTimeout)
    vTaskStartScheduler                      0x08008eb9   Thumb Code   184  tasks.o(.text.vTaskStartScheduler)
    vTaskStepTick                            0x08008f79   Thumb Code    36  tasks.o(.text.vTaskStepTick)
    vTaskSuspend                             0x08008f9d   Thumb Code   328  tasks.o(.text.vTaskSuspend)
    vTaskSuspendAll                          0x080090e5   Thumb Code    16  tasks.o(.text.vTaskSuspendAll)
    vTaskSwitchContext                       0x080090f5   Thumb Code   188  tasks.o(.text.vTaskSwitchContext)
    xPortStartScheduler                      0x080091b1   Thumb Code    92  port.o(.text.xPortStartScheduler)
    xPortSysTickHandler                      0x0800920d   Thumb Code    38  port.o(.text.xPortSysTickHandler)
    xQueueCreateMutex                        0x08009235   Thumb Code   116  queue.o(.text.xQueueCreateMutex)
    xQueueCreateMutexStatic                  0x080092a9   Thumb Code    48  queue.o(.text.xQueueCreateMutexStatic)
    xQueueGenericCreateStatic                0x080092d9   Thumb Code   160  queue.o(.text.xQueueGenericCreateStatic)
    xQueueGenericSend                        0x08009379   Thumb Code   452  queue.o(.text.xQueueGenericSend)
    xQueueGiveMutexRecursive                 0x0800953d   Thumb Code    54  queue.o(.text.xQueueGiveMutexRecursive)
    xQueueReceive                            0x08009575   Thumb Code   346  queue.o(.text.xQueueReceive)
    xQueueSemaphoreTake                      0x080096d1   Thumb Code   378  queue.o(.text.xQueueSemaphoreTake)
    xQueueTakeMutexRecursive                 0x0800984d   Thumb Code    62  queue.o(.text.xQueueTakeMutexRecursive)
    xTaskCheckForTimeOut                     0x0800988d   Thumb Code   138  tasks.o(.text.xTaskCheckForTimeOut)
    xTaskCreate                              0x08009919   Thumb Code    96  tasks.o(.text.xTaskCreate)
    xTaskCreateStatic                        0x08009979   Thumb Code    82  tasks.o(.text.xTaskCreateStatic)
    xTaskGetCurrentTaskHandle                0x080099cd   Thumb Code    12  tasks.o(.text.xTaskGetCurrentTaskHandle)
    xTaskGetSchedulerState                   0x080099d9   Thumb Code    30  tasks.o(.text.xTaskGetSchedulerState)
    xTaskGetTickCount                        0x080099f9   Thumb Code    12  tasks.o(.text.xTaskGetTickCount)
    xTaskIncrementTick                       0x08009a05   Thumb Code   372  tasks.o(.text.xTaskIncrementTick)
    xTaskPriorityDisinherit                  0x08009b79   Thumb Code   138  tasks.o(.text.xTaskPriorityDisinherit)
    xTaskPriorityInherit                     0x08009c05   Thumb Code   166  tasks.o(.text.xTaskPriorityInherit)
    xTaskRemoveFromEventList                 0x08009cad   Thumb Code   248  tasks.o(.text.xTaskRemoveFromEventList)
    xTaskResumeAll                           0x08009da5   Thumb Code   330  tasks.o(.text.xTaskResumeAll)
    xTimerCreateTimerTask                    0x08009ef1   Thumb Code   164  timers.o(.text.xTimerCreateTimerTask)
    __0printf                                0x08009f9d   Thumb Code    22  printfa.o(i.__0printf)
    __1printf                                0x08009f9d   Thumb Code     0  printfa.o(i.__0printf)
    __2printf                                0x08009f9d   Thumb Code     0  printfa.o(i.__0printf)
    __c89printf                              0x08009f9d   Thumb Code     0  printfa.o(i.__0printf)
    printf                                   0x08009f9d   Thumb Code     0  printfa.o(i.__0printf)
    __scatterload_copy                       0x08009fbd   Thumb Code    14  handlers.o(i.__scatterload_copy)
    __scatterload_null                       0x08009fcb   Thumb Code     2  handlers.o(i.__scatterload_null)
    __scatterload_zeroinit                   0x08009fcd   Thumb Code    14  handlers.o(i.__scatterload_zeroinit)
    puts                                     0x0800a891   Thumb Code    30  puts.o(i.puts)
    AHBPrescTable                            0x0800a90c   Data          16  system_stm32u5xx.o(.rodata.AHBPrescTable)
    APBPrescTable                            0x0800a91c   Data           8  system_stm32u5xx.o(.rodata.APBPrescTable)
    MSIRangeTable                            0x0800a9a4   Data          64  system_stm32u5xx.o(.rodata.MSIRangeTable)
    UARTPrescTable                           0x0800a9e4   Data          24  stm32u5xx_hal_uart.o(.rodata.UARTPrescTable)
    blueBlinkTask_attributes                 0x0800a9fc   Data          36  app_freertos.o(.rodata.blueBlinkTask_attributes)
    defaultTask_attributes                   0x0800aa30   Data          36  app_freertos.o(.rodata.defaultTask_attributes)
    greenBlinkTask_attributes                0x0800aa54   Data          36  app_freertos.o(.rodata.greenBlinkTask_attributes)
    h3lis100dlTask_attributes                0x0800aa78   Data          36  app_freertos.o(.rodata.h3lis100dlTask_attributes)
    lsm6dsoxTask_attributes                  0x0800aa9c   Data          36  app_freertos.o(.rodata.lsm6dsoxTask_attributes)
    qma6100pTask_attributes                  0x0800aac0   Data          36  app_freertos.o(.rodata.qma6100pTask_attributes)
    uxTopUsedPriority                        0x0800b30c   Data           4  tasks.o(.rodata.uxTopUsedPriority)
    Region$$Table$$Base                      0x0800b310   Number         0  anon$$obj.o(Region$$Table)
    Region$$Table$$Limit                     0x0800b330   Number         0  anon$$obj.o(Region$$Table)
    __stdout                                 0x20000000   Data           4  stdout.o(.data)
    uwTickFreq                               0x20000004   Data           1  stm32u5xx_hal.o(.data..L_MergedGlobals)
    uwTickPrio                               0x20000008   Data           4  stm32u5xx_hal.o(.data..L_MergedGlobals)
    SystemCoreClock                          0x20000014   Data           4  system_stm32u5xx.o(.data.SystemCoreClock)
    defaultTaskHandle                        0x20000024   Data           4  app_freertos.o(.bss..L_MergedGlobals)
    blueBlinkTaskHandle                      0x20000028   Data           4  app_freertos.o(.bss..L_MergedGlobals)
    greenBlinkTaskHandle                     0x2000002c   Data           4  app_freertos.o(.bss..L_MergedGlobals)
    lsm6dsoxTaskHandle                       0x20000030   Data           4  app_freertos.o(.bss..L_MergedGlobals)
    h3lis100dlTaskHandle                     0x20000034   Data           4  app_freertos.o(.bss..L_MergedGlobals)
    qma6100pTaskHandle                       0x20000038   Data           4  app_freertos.o(.bss..L_MergedGlobals)
    pxCurrentTCB                             0x2000003c   Data           4  tasks.o(.bss..L_MergedGlobals)
    hspi1                                    0x20000160   Data         144  bsp_spi.o(.bss.hspi1)
    hspi2                                    0x200001f0   Data         144  bsp_spi.o(.bss.hspi2)
    htim6                                    0x20000280   Data          76  stm32u5xx_hal_timebase_tim.o(.bss.htim6)
    huart1                                   0x200002cc   Data         148  usart.o(.bss.huart1)
    uwTick                                   0x200048b0   Data           4  stm32u5xx_hal.o(.bss.uwTick)
    xQueueRegistry                           0x20004f74   Data          64  queue.o(.bss.xQueueRegistry)
    __initial_sp                             0x200053b8   Data           0  startup_stm32u575xx.o(STACK)



==============================================================================

Memory Map of the image

  Image Entry point : 0x08000239

  Load Region LR_IROM1 (Base: 0x08000000, Size: 0x0000b350, Max: 0x00200000, ABSOLUTE)

    Execution Region ER_IROM1 (Exec base: 0x08000000, Load base: 0x08000000, Size: 0x0000b330, Max: 0x00200000, ABSOLUTE)

    Exec Addr    Load Addr    Size         Type   Attr      Idx    E Section Name        Object

    0x08000000   0x08000000   0x00000238   Data   RO            3    RESET               startup_stm32u575xx.o
    0x08000238   0x08000238   0x00000000   Code   RO         2465  * .ARM.Collect$$$$00000000  mc_w.l(entry.o)
    0x08000238   0x08000238   0x00000004   Code   RO         2747    .ARM.Collect$$$$00000001  mc_w.l(entry2.o)
    0x0800023c   0x0800023c   0x00000004   Code   RO         2750    .ARM.Collect$$$$00000004  mc_w.l(entry5.o)
    0x08000240   0x08000240   0x00000000   Code   RO         2752    .ARM.Collect$$$$00000008  mc_w.l(entry7b.o)
    0x08000240   0x08000240   0x00000000   Code   RO         2754    .ARM.Collect$$$$0000000A  mc_w.l(entry8b.o)
    0x08000240   0x08000240   0x00000008   Code   RO         2755    .ARM.Collect$$$$0000000B  mc_w.l(entry9a.o)
    0x08000248   0x08000248   0x00000000   Code   RO         2757    .ARM.Collect$$$$0000000D  mc_w.l(entry10a.o)
    0x08000248   0x08000248   0x00000000   Code   RO         2759    .ARM.Collect$$$$0000000F  mc_w.l(entry11a.o)
    0x08000248   0x08000248   0x00000004   Code   RO         2748    .ARM.Collect$$$$00002712  mc_w.l(entry2.o)
    0x0800024c   0x0800024c   0x00000028   Code   RO            4    .text               startup_stm32u575xx.o
    0x08000274   0x08000274   0x00000062   Code   RO         2472    .text               mc_w.l(uldiv.o)
    0x080002d6   0x080002d6   0x00000024   Code   RO         2474    .text               mc_w.l(memcpya.o)
    0x080002fa   0x080002fa   0x00000024   Code   RO         2476    .text               mc_w.l(memseta.o)
    0x0800031e   0x0800031e   0x00000026   Code   RO         2745    .text               mf_w.l(f2d.o)
    0x08000344   0x08000344   0x0000002c   Code   RO         2771    .text               mc_w.l(uidiv.o)
    0x08000370   0x08000370   0x0000001e   Code   RO         2773    .text               mc_w.l(llshl.o)
    0x0800038e   0x0800038e   0x00000020   Code   RO         2775    .text               mc_w.l(llushr.o)
    0x080003ae   0x080003ae   0x00000000   Code   RO         2777    .text               mc_w.l(iusefp.o)
    0x080003ae   0x080003ae   0x0000014e   Code   RO         2778    .text               mf_w.l(dadd.o)
    0x080004fc   0x080004fc   0x000000e4   Code   RO         2780    .text               mf_w.l(dmul.o)
    0x080005e0   0x080005e0   0x000000de   Code   RO         2782    .text               mf_w.l(ddiv.o)
    0x080006be   0x080006be   0x00000030   Code   RO         2784    .text               mf_w.l(dfixul.o)
    0x080006ee   0x080006ee   0x00000002   PAD
    0x080006f0   0x080006f0   0x00000030   Code   RO         2786    .text               mf_w.l(cdrcmple.o)
    0x08000720   0x08000720   0x00000024   Code   RO         2788    .text               mc_w.l(init.o)
    0x08000744   0x08000744   0x00000024   Code   RO         2790    .text               mc_w.l(llsshr.o)
    0x08000768   0x08000768   0x000000ba   Code   RO         2792    .text               mf_w.l(depilogue.o)
    0x08000822   0x08000822   0x00000002   PAD
    0x08000824   0x08000824   0x00000002   Code   RO           91    .text.BusFault_Handler  stm32u5xx_it.o
    0x08000826   0x08000826   0x00000002   PAD
    0x08000828   0x08000828   0x00000002   Code   RO           95    .text.DebugMon_Handler  stm32u5xx_it.o
    0x0800082a   0x0800082a   0x00000002   PAD
    0x0800082c   0x0800082c   0x0000000a   Code   RO           15    .text.Error_Handler  main.o
    0x08000836   0x08000836   0x00000002   PAD
    0x08000838   0x08000838   0x000004b0   Code   RO         2445    .text.H3LIS100DL_Init  h3lis100dl.o
    0x08000ce8   0x08000ce8   0x00000194   Code   RO         2449    .text.H3LIS100DL_ReadAccXYZ  h3lis100dl.o
    0x08000e7c   0x08000e7c   0x00000028   Code   RO          261    .text.HAL_Delay     stm32u5xx_hal.o
    0x08000ea4   0x08000ea4   0x0000021a   Code   RO          817    .text.HAL_GPIO_Init  stm32u5xx_hal_gpio.o
    0x080010be   0x080010be   0x00000002   PAD
    0x080010c0   0x080010c0   0x0000000a   Code   RO          821    .text.HAL_GPIO_ReadPin  stm32u5xx_hal_gpio.o
    0x080010ca   0x080010ca   0x00000002   PAD
    0x080010cc   0x080010cc   0x00000010   Code   RO          827    .text.HAL_GPIO_TogglePin  stm32u5xx_hal_gpio.o
    0x080010dc   0x080010dc   0x0000000c   Code   RO          823    .text.HAL_GPIO_WritePin  stm32u5xx_hal_gpio.o
    0x080010e8   0x080010e8   0x0000000c   Code   RO          253    .text.HAL_GetTick   stm32u5xx_hal.o
    0x080010f4   0x080010f4   0x00000044   Code   RO          211    .text.HAL_ICACHE_Disable  stm32u5xx_hal_icache.o
    0x08001138   0x08001138   0x0000004c   Code   RO          231    .text.HAL_ICACHE_EnableRemapRegion  stm32u5xx_hal_icache.o
    0x08001184   0x08001184   0x0000001a   Code   RO          251    .text.HAL_IncTick   stm32u5xx_hal.o
    0x0800119e   0x0800119e   0x00000002   PAD
    0x080011a0   0x080011a0   0x00000056   Code   RO          241    .text.HAL_Init      stm32u5xx_hal.o
    0x080011f6   0x080011f6   0x00000002   PAD
    0x080011f8   0x080011f8   0x000000a2   Code   RO          115    .text.HAL_InitTick  stm32u5xx_hal_timebase_tim.o
    0x0800129a   0x0800129a   0x00000002   PAD
    0x0800129c   0x0800129c   0x0000002a   Code   RO          106    .text.HAL_MspInit   stm32u5xx_hal_msp.o
    0x080012c6   0x080012c6   0x00000002   PAD
    0x080012c8   0x080012c8   0x00000020   Code   RO          153    .text.HAL_NVIC_EnableIRQ  stm32u5xx_hal_cortex.o
    0x080012e8   0x080012e8   0x00000056   Code   RO          151    .text.HAL_NVIC_SetPriority  stm32u5xx_hal_cortex.o
    0x0800133e   0x0800133e   0x00000002   PAD
    0x08001340   0x08001340   0x00000020   Code   RO          149    .text.HAL_NVIC_SetPriorityGrouping  stm32u5xx_hal_cortex.o
    0x08001360   0x08001360   0x0000012e   Code   RO         1039    .text.HAL_PWREx_ControlVoltageScaling  stm32u5xx_hal_pwr_ex.o
    0x0800148e   0x0800148e   0x00000002   PAD
    0x08001490   0x08001490   0x00000012   Code   RO         1109    .text.HAL_PWREx_DisableUCPDDeadBattery  stm32u5xx_hal_pwr_ex.o
    0x080014a2   0x080014a2   0x00000002   PAD
    0x080014a4   0x080014a4   0x00000010   Code   RO         1041    .text.HAL_PWREx_GetVoltageRange  stm32u5xx_hal_pwr_ex.o
    0x080014b4   0x080014b4   0x00000198   Code   RO          668    .text.HAL_RCCEx_GetPLL1ClockFreq  stm32u5xx_hal_rcc_ex.o
    0x0800164c   0x0800164c   0x00000198   Code   RO          670    .text.HAL_RCCEx_GetPLL2ClockFreq  stm32u5xx_hal_rcc_ex.o
    0x080017e4   0x080017e4   0x00000198   Code   RO          672    .text.HAL_RCCEx_GetPLL3ClockFreq  stm32u5xx_hal_rcc_ex.o
    0x0800197c   0x0800197c   0x00000a8e   Code   RO          674    .text.HAL_RCCEx_GetPeriphCLKFreq  stm32u5xx_hal_rcc_ex.o
    0x0800240a   0x0800240a   0x00000002   PAD
    0x0800240c   0x0800240c   0x00000656   Code   RO          660    .text.HAL_RCCEx_PeriphCLKConfig  stm32u5xx_hal_rcc_ex.o
    0x08002a62   0x08002a62   0x00000002   PAD
    0x08002a64   0x08002a64   0x000002fe   Code   RO          624    .text.HAL_RCC_ClockConfig  stm32u5xx_hal_rcc.o
    0x08002d62   0x08002d62   0x00000002   PAD
    0x08002d64   0x08002d64   0x0000004c   Code   RO          638    .text.HAL_RCC_GetClockConfig  stm32u5xx_hal_rcc.o
    0x08002db0   0x08002db0   0x0000002c   Code   RO          622    .text.HAL_RCC_GetHCLKFreq  stm32u5xx_hal_rcc.o
    0x08002ddc   0x08002ddc   0x0000003e   Code   RO          630    .text.HAL_RCC_GetPCLK1Freq  stm32u5xx_hal_rcc.o
    0x08002e1a   0x08002e1a   0x00000002   PAD
    0x08002e1c   0x08002e1c   0x0000003e   Code   RO          632    .text.HAL_RCC_GetPCLK2Freq  stm32u5xx_hal_rcc.o
    0x08002e5a   0x08002e5a   0x00000002   PAD
    0x08002e5c   0x08002e5c   0x0000003e   Code   RO          634    .text.HAL_RCC_GetPCLK3Freq  stm32u5xx_hal_rcc.o
    0x08002e9a   0x08002e9a   0x00000002   PAD
    0x08002e9c   0x08002e9c   0x00000110   Code   RO          626    .text.HAL_RCC_GetSysClockFreq  stm32u5xx_hal_rcc.o
    0x08002fac   0x08002fac   0x00000b8c   Code   RO          620    .text.HAL_RCC_OscConfig  stm32u5xx_hal_rcc.o
    0x08003b38   0x08003b38   0x0000017c   Code   RO          496    .text.HAL_SPI_Init  stm32u5xx_hal_spi.o
    0x08003cb4   0x08003cb4   0x00000002   Code   RO          498    .text.HAL_SPI_MspInit  stm32u5xx_hal_spi.o
    0x08003cb6   0x08003cb6   0x00000002   PAD
    0x08003cb8   0x08003cb8   0x000003d2   Code   RO          504    .text.HAL_SPI_Transmit  stm32u5xx_hal_spi.o
    0x0800408a   0x0800408a   0x00000002   PAD
    0x0800408c   0x0800408c   0x00000420   Code   RO          510    .text.HAL_SPI_TransmitReceive  stm32u5xx_hal_spi.o
    0x080044ac   0x080044ac   0x00000002   Code   RO         1529    .text.HAL_TIMEx_Break2Callback  stm32u5xx_hal_tim_ex.o
    0x080044ae   0x080044ae   0x00000002   PAD
    0x080044b0   0x080044b0   0x00000002   Code   RO         1527    .text.HAL_TIMEx_BreakCallback  stm32u5xx_hal_tim_ex.o
    0x080044b2   0x080044b2   0x00000002   PAD
    0x080044b4   0x080044b4   0x00000002   Code   RO         1523    .text.HAL_TIMEx_CommutCallback  stm32u5xx_hal_tim_ex.o
    0x080044b6   0x080044b6   0x00000002   PAD
    0x080044b8   0x080044b8   0x00000002   Code   RO         1533    .text.HAL_TIMEx_DirectionChangeCallback  stm32u5xx_hal_tim_ex.o
    0x080044ba   0x080044ba   0x00000002   PAD
    0x080044bc   0x080044bc   0x00000002   Code   RO         1531    .text.HAL_TIMEx_EncoderIndexCallback  stm32u5xx_hal_tim_ex.o
    0x080044be   0x080044be   0x00000002   PAD
    0x080044c0   0x080044c0   0x00000002   Code   RO         1535    .text.HAL_TIMEx_IndexErrorCallback  stm32u5xx_hal_tim_ex.o
    0x080044c2   0x080044c2   0x00000002   PAD
    0x080044c4   0x080044c4   0x00000002   Code   RO         1537    .text.HAL_TIMEx_TransitionErrorCallback  stm32u5xx_hal_tim_ex.o
    0x080044c6   0x080044c6   0x00000002   PAD
    0x080044c8   0x080044c8   0x00000062   Code   RO         1170    .text.HAL_TIM_Base_Init  stm32u5xx_hal_tim.o
    0x0800452a   0x0800452a   0x00000002   PAD
    0x0800452c   0x0800452c   0x00000002   Code   RO         1172    .text.HAL_TIM_Base_MspInit  stm32u5xx_hal_tim.o
    0x0800452e   0x0800452e   0x00000002   PAD
    0x08004530   0x08004530   0x0000010c   Code   RO         1184    .text.HAL_TIM_Base_Start_IT  stm32u5xx_hal_tim.o
    0x0800463c   0x0800463c   0x00000002   Code   RO         1308    .text.HAL_TIM_IC_CaptureCallback  stm32u5xx_hal_tim.o
    0x0800463e   0x0800463e   0x00000002   PAD
    0x08004640   0x08004640   0x00000210   Code   RO         1306    .text.HAL_TIM_IRQHandler  stm32u5xx_hal_tim.o
    0x08004850   0x08004850   0x00000002   Code   RO         1310    .text.HAL_TIM_OC_DelayElapsedCallback  stm32u5xx_hal_tim.o
    0x08004852   0x08004852   0x00000002   PAD
    0x08004854   0x08004854   0x00000002   Code   RO         1312    .text.HAL_TIM_PWM_PulseFinishedCallback  stm32u5xx_hal_tim.o
    0x08004856   0x08004856   0x00000002   PAD
    0x08004858   0x08004858   0x00000014   Code   RO           17    .text.HAL_TIM_PeriodElapsedCallback  main.o
    0x0800486c   0x0800486c   0x00000002   Code   RO         1316    .text.HAL_TIM_TriggerCallback  stm32u5xx_hal_tim.o
    0x0800486e   0x0800486e   0x00000002   PAD
    0x08004870   0x08004870   0x00000036   Code   RO         1715    .text.HAL_UARTEx_DisableFifoMode  stm32u5xx_hal_uart_ex.o
    0x080048a6   0x080048a6   0x00000002   PAD
    0x080048a8   0x080048a8   0x0000008c   Code   RO         1719    .text.HAL_UARTEx_SetRxFifoThreshold  stm32u5xx_hal_uart_ex.o
    0x08004934   0x08004934   0x0000008c   Code   RO         1717    .text.HAL_UARTEx_SetTxFifoThreshold  stm32u5xx_hal_uart_ex.o
    0x080049c0   0x080049c0   0x00000068   Code   RO         1556    .text.HAL_UART_Init  stm32u5xx_hal_uart.o
    0x08004a28   0x08004a28   0x00000096   Code   RO          132    .text.HAL_UART_MspInit  usart.o
    0x08004abe   0x08004abe   0x00000002   PAD
    0x08004ac0   0x08004ac0   0x000000de   Code   RO         1576    .text.HAL_UART_Transmit  stm32u5xx_hal_uart.o
    0x08004b9e   0x08004b9e   0x00000002   PAD
    0x08004ba0   0x08004ba0   0x00000002   Code   RO           87    .text.HardFault_Handler  stm32u5xx_it.o
    0x08004ba2   0x08004ba2   0x00000002   PAD
    0x08004ba4   0x08004ba4   0x000002dc   Code   RO         2395    .text.LSM6DSOX_Configure  lsm6dsox.o
    0x08004e80   0x08004e80   0x0000022c   Code   RO         2397    .text.LSM6DSOX_Init  lsm6dsox.o
    0x080050ac   0x080050ac   0x0000018c   Code   RO         2405    .text.LSM6DSOX_ReadAllData  lsm6dsox.o
    0x08005238   0x08005238   0x000000c8   Code   RO         2391    .text.LSM6DSOX_ReadID  lsm6dsox.o
    0x08005300   0x08005300   0x000000c8   Code   RO         2393    .text.LSM6DSOX_ReadStatus  lsm6dsox.o
    0x080053c8   0x080053c8   0x000000b2   Code   RO           46    .text.MX_FREERTOS_Init  app_freertos.o
    0x0800547a   0x0800547a   0x00000002   PAD
    0x0800547c   0x0800547c   0x00000076   Code   RO           29    .text.MX_GPIO_Init  gpio.o
    0x080054f2   0x080054f2   0x00000002   PAD
    0x080054f4   0x080054f4   0x00000032   Code   RO           77    .text.MX_ICACHE_Init  icache.o
    0x08005526   0x08005526   0x00000002   PAD
    0x08005528   0x08005528   0x000000e6   Code   RO         2378    .text.MX_SPI1_Init  bsp_spi.o
    0x0800560e   0x0800560e   0x00000002   PAD
    0x08005610   0x08005610   0x000000f6   Code   RO         2380    .text.MX_SPI2_Init  bsp_spi.o
    0x08005706   0x08005706   0x00000002   PAD
    0x08005708   0x08005708   0x00000084   Code   RO          130    .text.MX_USART1_UART_Init  usart.o
    0x0800578c   0x0800578c   0x00000002   Code   RO           89    .text.MemManage_Handler  stm32u5xx_it.o
    0x0800578e   0x0800578e   0x00000002   PAD
    0x08005790   0x08005790   0x00000002   Code   RO           85    .text.NMI_Handler   stm32u5xx_it.o
    0x08005792   0x08005792   0x0000000e   PAD
    0x080057a0   0x080057a0   0x00000064   Code   RO         2170    .text.PendSV_Handler  portasm.o
    0x08005804   0x08005804   0x00000002   Code   RO           44    .text.PostSleepProcessing  app_freertos.o
    0x08005806   0x08005806   0x00000002   PAD
    0x08005808   0x08005808   0x00000002   Code   RO           42    .text.PreSleepProcessing  app_freertos.o
    0x0800580a   0x0800580a   0x00000002   PAD
    0x0800580c   0x0800580c   0x00000130   Code   RO         2420    .text.QMA6100P_DumpKeyRegs  qma6100p.o
    0x0800593c   0x0800593c   0x00000120   Code   RO         2422    .text.QMA6100P_DumpRegs  qma6100p.o
    0x08005a5c   0x08005a5c   0x00000814   Code   RO         2418    .text.QMA6100P_Init  qma6100p.o
    0x08006270   0x08006270   0x00000084   Code   RO         2428    .text.QMA6100P_ReadAccXYZ  qma6100p.o
    0x080062f4   0x080062f4   0x000000e4   Code   RO         2426    .text.QMA6100P_ReadRawXYZ  qma6100p.o
    0x080063d8   0x080063d8   0x000000f8   Code   RO          662    .text.RCCEx_PLL2_Config  stm32u5xx_hal_rcc_ex.o
    0x080064d0   0x080064d0   0x000000f8   Code   RO          664    .text.RCCEx_PLL3_Config  stm32u5xx_hal_rcc_ex.o
    0x080065c8   0x080065c8   0x000000ca   Code   RO          506    .text.SPI_CloseTransfer  stm32u5xx_hal_spi.o
    0x08006692   0x08006692   0x0000000e   PAD
    0x080066a0   0x080066a0   0x00000024   Code   RO         2172    .text.SVC_Handler   portasm.o
    0x080066c4   0x080066c4   0x0000001a   Code   RO         2366    .text.StartBlueBlinkTask  user_app.o
    0x080066de   0x080066de   0x00000002   PAD
    0x080066e0   0x080066e0   0x00000008   Code   RO           48    .text.StartDefaultTask  app_freertos.o
    0x080066e8   0x080066e8   0x0000001a   Code   RO         2368    .text.StartGreenBlinkTask  user_app.o
    0x08006702   0x08006702   0x00000002   PAD
    0x08006704   0x08006704   0x000001dc   Code   RO           56    .text.StartH3lis100dlTask  app_freertos.o
    0x080068e0   0x080068e0   0x000001f4   Code   RO           54    .text.StartLsm6dsoxTask  app_freertos.o
    0x08006ad4   0x08006ad4   0x000001ac   Code   RO           58    .text.StartQma6100pTask  app_freertos.o
    0x08006c80   0x08006c80   0x0000001e   Code   RO         2181    .text.SysTick_Handler  cmsis_os2.o
    0x08006c9e   0x08006c9e   0x00000002   PAD
    0x08006ca0   0x08006ca0   0x0000004c   Code   RO         1744    .text.SystemInit    system_stm32u5xx.o
    0x08006cec   0x08006cec   0x0000000c   Code   RO           97    .text.TIM6_IRQHandler  stm32u5xx_it.o
    0x08006cf8   0x08006cf8   0x0000027a   Code   RO         1174    .text.TIM_Base_SetConfig  stm32u5xx_hal_tim.o
    0x08006f72   0x08006f72   0x00000002   PAD
    0x08006f74   0x08006f74   0x000000e8   Code   RO         1562    .text.UART_AdvFeatureConfig  stm32u5xx_hal_uart.o
    0x0800705c   0x0800705c   0x0000016e   Code   RO         1564    .text.UART_CheckIdleState  stm32u5xx_hal_uart.o
    0x080071ca   0x080071ca   0x00000002   PAD
    0x080071cc   0x080071cc   0x0000021a   Code   RO         1560    .text.UART_SetConfig  stm32u5xx_hal_uart.o
    0x080073e6   0x080073e6   0x00000002   PAD
    0x080073e8   0x080073e8   0x000002e0   Code   RO         1578    .text.UART_WaitOnFlagUntilTimeout  stm32u5xx_hal_uart.o
    0x080076c8   0x080076c8   0x00000002   Code   RO           93    .text.UsageFault_Handler  stm32u5xx_it.o
    0x080076ca   0x080076ca   0x00000002   PAD
    0x080076cc   0x080076cc   0x00000002   Code   RO           38    .text.configureTimerForRunTimeStats  app_freertos.o
    0x080076ce   0x080076ce   0x00000002   PAD
    0x080076d0   0x080076d0   0x00000030   Code   RO         2020    .text.eTaskConfirmSleepModeStatus  tasks.o
    0x08007700   0x08007700   0x00000020   Code   RO          136    .text.fputc         usart.o
    0x08007720   0x08007720   0x00000004   Code   RO           40    .text.getRunTimeCounterValue  app_freertos.o
    0x08007724   0x08007724   0x000001ac   Code   RO           11    .text.main          main.o
    0x080078d0   0x080078d0   0x0000003e   Code   RO         2241    .text.osDelay       cmsis_os2.o
    0x0800790e   0x0800790e   0x00000002   PAD
    0x08007910   0x08007910   0x0000004e   Code   RO         2183    .text.osKernelInitialize  cmsis_os2.o
    0x0800795e   0x0800795e   0x00000002   PAD
    0x08007960   0x08007960   0x0000005e   Code   RO         2189    .text.osKernelStart  cmsis_os2.o
    0x080079be   0x080079be   0x00000002   PAD
    0x080079c0   0x080079c0   0x00000070   Code   RO         2273    .text.osMutexAcquire  cmsis_os2.o
    0x08007a30   0x08007a30   0x000000a8   Code   RO         2271    .text.osMutexNew    cmsis_os2.o
    0x08007ad8   0x08007ad8   0x00000066   Code   RO         2275    .text.osMutexRelease  cmsis_os2.o
    0x08007b3e   0x08007b3e   0x00000002   PAD
    0x08007b40   0x08007b40   0x000000d4   Code   RO         2205    .text.osThreadNew   cmsis_os2.o
    0x08007c14   0x08007c14   0x00000042   Code   RO         2221    .text.osThreadSuspend  cmsis_os2.o
    0x08007c56   0x08007c56   0x00000002   PAD
    0x08007c58   0x08007c58   0x0000007e   Code   RO         1950    .text.prvAddCurrentTaskToDelayedList  tasks.o
    0x08007cd6   0x08007cd6   0x00000002   PAD
    0x08007cd8   0x08007cd8   0x00000296   Code   RO         1940    .text.prvAddNewTaskToReadyList  tasks.o
    0x08007f6e   0x08007f6e   0x00000002   PAD
    0x08007f70   0x08007f70   0x000000be   Code   RO         1974    .text.prvIdleTask   tasks.o
    0x0800802e   0x0800802e   0x00000002   PAD
    0x08008030   0x08008030   0x00000132   Code   RO         1938    .text.prvInitialiseNewTask  tasks.o
    0x08008162   0x08008162   0x00000002   PAD
    0x08008164   0x08008164   0x0000009c   Code   RO         2108    .text.prvSampleTimeNow  timers.o
    0x08008200   0x08008200   0x00000036   Code   RO         2138    .text.prvTaskExitError  port.o
    0x08008236   0x08008236   0x00000002   PAD
    0x08008238   0x08008238   0x000001fe   Code   RO         2072    .text.prvTimerTask  timers.o
    0x08008436   0x08008436   0x00000002   PAD
    0x08008438   0x08008438   0x00000074   Code   RO         1841    .text.prvUnlockQueue  queue.o
    0x080084ac   0x080084ac   0x000001ee   Code   RO         2344    .text.pvPortMalloc  heap_4.o
    0x0800869a   0x0800869a   0x00000002   PAD
    0x0800869c   0x0800869c   0x00000018   Code   RO         2042    .text.pvTaskIncrementMutexHeldCount  tasks.o
    0x080086b4   0x080086b4   0x0000006e   Code   RO         2136    .text.pxPortInitialiseStack  port.o
    0x08008722   0x08008722   0x00000002   PAD
    0x08008724   0x08008724   0x00000016   Code   RO         2166    .text.ulSetInterruptMask  portasm.o
    0x0800873a   0x0800873a   0x00000002   PAD
    0x0800873c   0x0800873c   0x00000024   Code   RO         1805    .text.uxListRemove  list.o
    0x08008760   0x08008760   0x0000001a   Code   RO         2327    .text.vApplicationGetIdleTaskMemory  cmsis_os2.o
    0x0800877a   0x0800877a   0x00000002   PAD
    0x0800877c   0x0800877c   0x0000001c   Code   RO         2329    .text.vApplicationGetTimerTaskMemory  cmsis_os2.o
    0x08008798   0x08008798   0x0000000e   Code   RO         2168    .text.vClearInterruptMask  portasm.o
    0x080087a6   0x080087a6   0x00000002   PAD
    0x080087a8   0x080087a8   0x00000016   Code   RO         1797    .text.vListInitialise  list.o
    0x080087be   0x080087be   0x00000002   PAD
    0x080087c0   0x080087c0   0x00000006   Code   RO         1799    .text.vListInitialiseItem  list.o
    0x080087c6   0x080087c6   0x00000002   PAD
    0x080087c8   0x080087c8   0x00000062   Code   RO         1803    .text.vListInsert   list.o
    0x0800882a   0x0800882a   0x00000002   PAD
    0x0800882c   0x0800882c   0x0000001c   Code   RO         1801    .text.vListInsertEnd  list.o
    0x08008848   0x08008848   0x0000001e   Code   RO         2128    .text.vPortEnterCritical  port.o
    0x08008866   0x08008866   0x00000002   PAD
    0x08008868   0x08008868   0x0000002e   Code   RO         2130    .text.vPortExitCritical  port.o
    0x08008896   0x08008896   0x00000002   PAD
    0x08008898   0x08008898   0x000000bc   Code   RO         2346    .text.vPortFree     heap_4.o
    0x08008954   0x08008954   0x00000036   Code   RO         2134    .text.vPortSVCHandler_C  port.o
    0x0800898a   0x0800898a   0x00000002   PAD
    0x0800898c   0x0800898c   0x00000058   Code   RO         2124    .text.vPortSetupTimerInterrupt  port.o
    0x080089e4   0x080089e4   0x00000106   Code   RO         2122    .text.vPortSuppressTicksAndSleep  port.o
    0x08008aea   0x08008aea   0x00000002   PAD
    0x08008aec   0x08008aec   0x00000018   Code   RO         2126    .text.vPortYield    port.o
    0x08008b04   0x08008b04   0x0000011e   Code   RO         1875    .text.vQueueAddToRegistry  queue.o
    0x08008c22   0x08008c22   0x00000002   PAD
    0x08008c24   0x08008c24   0x00000052   Code   RO         1879    .text.vQueueWaitForMessageRestricted  queue.o
    0x08008c76   0x08008c76   0x0000000a   PAD
    0x08008c80   0x08008c80   0x00000034   Code   RO         2156    .text.vRestoreContextOfFirstTask  portasm.o
    0x08008cb4   0x08008cb4   0x0000000c   PAD
    0x08008cc0   0x08008cc0   0x00000024   Code   RO         2164    .text.vStartFirstTask  portasm.o
    0x08008ce4   0x08008ce4   0x00000064   Code   RO         1954    .text.vTaskDelay    tasks.o
    0x08008d48   0x08008d48   0x00000012   Code   RO         2010    .text.vTaskInternalSetTimeOutState  tasks.o
    0x08008d5a   0x08008d5a   0x00000002   PAD
    0x08008d5c   0x08008d5c   0x0000000e   Code   RO         2014    .text.vTaskMissedYield  tasks.o
    0x08008d6a   0x08008d6a   0x00000002   PAD
    0x08008d6c   0x08008d6c   0x0000002a   Code   RO         1998    .text.vTaskPlaceOnEventList  tasks.o
    0x08008d96   0x08008d96   0x00000002   PAD
    0x08008d98   0x08008d98   0x00000084   Code   RO         2002    .text.vTaskPlaceOnEventListRestricted  tasks.o
    0x08008e1c   0x08008e1c   0x0000009c   Code   RO         2034    .text.vTaskPriorityDisinheritAfterTimeout  tasks.o
    0x08008eb8   0x08008eb8   0x000000c0   Code   RO         1972    .text.vTaskStartScheduler  tasks.o
    0x08008f78   0x08008f78   0x00000024   Code   RO         1994    .text.vTaskStepTick  tasks.o
    0x08008f9c   0x08008f9c   0x00000148   Code   RO         1964    .text.vTaskSuspend  tasks.o
    0x080090e4   0x080090e4   0x00000010   Code   RO         1948    .text.vTaskSuspendAll  tasks.o
    0x080090f4   0x080090f4   0x000000bc   Code   RO         1966    .text.vTaskSwitchContext  tasks.o
    0x080091b0   0x080091b0   0x0000005c   Code   RO         2140    .text.xPortStartScheduler  port.o
    0x0800920c   0x0800920c   0x00000026   Code   RO         2132    .text.xPortSysTickHandler  port.o
    0x08009232   0x08009232   0x00000002   PAD
    0x08009234   0x08009234   0x00000074   Code   RO         1821    .text.xQueueCreateMutex  queue.o
    0x080092a8   0x080092a8   0x00000030   Code   RO         1823    .text.xQueueCreateMutexStatic  queue.o
    0x080092d8   0x080092d8   0x000000a0   Code   RO         1817    .text.xQueueGenericCreateStatic  queue.o
    0x08009378   0x08009378   0x000001c4   Code   RO         1831    .text.xQueueGenericSend  queue.o
    0x0800953c   0x0800953c   0x00000036   Code   RO         1829    .text.xQueueGiveMutexRecursive  queue.o
    0x08009572   0x08009572   0x00000002   PAD
    0x08009574   0x08009574   0x0000015a   Code   RO         1847    .text.xQueueReceive  queue.o
    0x080096ce   0x080096ce   0x00000002   PAD
    0x080096d0   0x080096d0   0x0000017a   Code   RO         1835    .text.xQueueSemaphoreTake  queue.o
    0x0800984a   0x0800984a   0x00000002   PAD
    0x0800984c   0x0800984c   0x0000003e   Code   RO         1833    .text.xQueueTakeMutexRecursive  queue.o
    0x0800988a   0x0800988a   0x00000002   PAD
    0x0800988c   0x0800988c   0x0000008a   Code   RO         2012    .text.xTaskCheckForTimeOut  tasks.o
    0x08009916   0x08009916   0x00000002   PAD
    0x08009918   0x08009918   0x00000060   Code   RO         1942    .text.xTaskCreate   tasks.o
    0x08009978   0x08009978   0x00000052   Code   RO         1936    .text.xTaskCreateStatic  tasks.o
    0x080099ca   0x080099ca   0x00000002   PAD
    0x080099cc   0x080099cc   0x0000000c   Code   RO         2026    .text.xTaskGetCurrentTaskHandle  tasks.o
    0x080099d8   0x080099d8   0x0000001e   Code   RO         2028    .text.xTaskGetSchedulerState  tasks.o
    0x080099f6   0x080099f6   0x00000002   PAD
    0x080099f8   0x080099f8   0x0000000c   Code   RO         1980    .text.xTaskGetTickCount  tasks.o
    0x08009a04   0x08009a04   0x00000174   Code   RO         1978    .text.xTaskIncrementTick  tasks.o
    0x08009b78   0x08009b78   0x0000008a   Code   RO         2032    .text.xTaskPriorityDisinherit  tasks.o
    0x08009c02   0x08009c02   0x00000002   PAD
    0x08009c04   0x08009c04   0x000000a6   Code   RO         2030    .text.xTaskPriorityInherit  tasks.o
    0x08009caa   0x08009caa   0x00000002   PAD
    0x08009cac   0x08009cac   0x000000f8   Code   RO         2004    .text.xTaskRemoveFromEventList  tasks.o
    0x08009da4   0x08009da4   0x0000014a   Code   RO         1952    .text.xTaskResumeAll  tasks.o
    0x08009eee   0x08009eee   0x00000002   PAD
    0x08009ef0   0x08009ef0   0x000000ac   Code   RO         2070    .text.xTimerCreateTimerTask  timers.o
    0x08009f9c   0x08009f9c   0x00000020   Code   RO         2717    i.__0printf         mc_w.l(printfa.o)
    0x08009fbc   0x08009fbc   0x0000000e   Code   RO         2796    i.__scatterload_copy  mc_w.l(handlers.o)
    0x08009fca   0x08009fca   0x00000002   Code   RO         2797    i.__scatterload_null  mc_w.l(handlers.o)
    0x08009fcc   0x08009fcc   0x0000000e   Code   RO         2798    i.__scatterload_zeroinit  mc_w.l(handlers.o)
    0x08009fda   0x08009fda   0x00000002   PAD
    0x08009fdc   0x08009fdc   0x00000184   Code   RO         2724    i._fp_digits        mc_w.l(printfa.o)
    0x0800a160   0x0800a160   0x000006dc   Code   RO         2725    i._printf_core      mc_w.l(printfa.o)
    0x0800a83c   0x0800a83c   0x00000024   Code   RO         2726    i._printf_post_padding  mc_w.l(printfa.o)
    0x0800a860   0x0800a860   0x0000002e   Code   RO         2727    i._printf_pre_padding  mc_w.l(printfa.o)
    0x0800a88e   0x0800a88e   0x00000002   PAD
    0x0800a890   0x0800a890   0x00000024   Code   RO         2468    i.puts              mc_w.l(puts.o)
    0x0800a8b4   0x0800a8b4   0x00000006   Data   RO         2407    .rodata..L__const.LSM6DSOX_Init.default_cfg  lsm6dsox.o
    0x0800a8ba   0x0800a8ba   0x00000002   PAD
    0x0800a8bc   0x0800a8bc   0x00000050   Data   RO         2436    .rodata..L__const.QMA6100P_DumpKeyRegs.reg_map  qma6100p.o
    0x0800a90c   0x0800a90c   0x00000010   Data   RO         1749    .rodata.AHBPrescTable  system_stm32u5xx.o
    0x0800a91c   0x0800a91c   0x00000008   Data   RO         1750    .rodata.APBPrescTable  system_stm32u5xx.o
    0x0800a924   0x0800a924   0x00000080   Data   RO          841    .rodata.LPGPIO_Map  stm32u5xx_hal_gpio.o
    0x0800a9a4   0x0800a9a4   0x00000040   Data   RO         1751    .rodata.MSIRangeTable  system_stm32u5xx.o
    0x0800a9e4   0x0800a9e4   0x00000018   Data   RO         1690    .rodata.UARTPrescTable  stm32u5xx_hal_uart.o
    0x0800a9fc   0x0800a9fc   0x00000024   Data   RO           62    .rodata.blueBlinkTask_attributes  app_freertos.o
    0x0800aa20   0x0800aa20   0x00000010   Data   RO         1735    .rodata.cst8        stm32u5xx_hal_uart_ex.o
    0x0800aa30   0x0800aa30   0x00000024   Data   RO           61    .rodata.defaultTask_attributes  app_freertos.o
    0x0800aa54   0x0800aa54   0x00000024   Data   RO           63    .rodata.greenBlinkTask_attributes  app_freertos.o
    0x0800aa78   0x0800aa78   0x00000024   Data   RO           66    .rodata.h3lis100dlTask_attributes  app_freertos.o
    0x0800aa9c   0x0800aa9c   0x00000024   Data   RO           64    .rodata.lsm6dsoxTask_attributes  app_freertos.o
    0x0800aac0   0x0800aac0   0x00000024   Data   RO           65    .rodata.qma6100pTask_attributes  app_freertos.o
    0x0800aae4   0x0800aae4   0x00000010   Data   RO           67    .rodata.spi2_mutex_attr  app_freertos.o
    0x0800aaf4   0x0800aaf4   0x000000f3   Data   RO           19    .rodata.str1.1      main.o
    0x0800abe7   0x0800abe7   0x000002d2   Data   RO           60    .rodata.str1.1      app_freertos.o
    0x0800aeb9   0x0800aeb9   0x00000005   Data   RO         2112    .rodata.str1.1      timers.o
    0x0800aebe   0x0800aebe   0x00000050   Data   RO         2408    .rodata.str1.1      lsm6dsox.o
    0x0800af0e   0x0800af0e   0x0000006f   Data   RO         2435    .rodata.str1.1      qma6100p.o
    0x0800af7d   0x0800af7d   0x0000038f   Data   RO         2457    .rodata.str1.1      h3lis100dl.o
    0x0800b30c   0x0800b30c   0x00000004   Data   RO         2058    .rodata.uxTopUsedPriority  tasks.o
    0x0800b310   0x0800b310   0x00000020   Data   RO         2795    Region$$Table       anon$$obj.o


    Execution Region RW_IRAM1 (Exec base: 0x20000000, Load base: 0x0800b330, Size: 0x000053b8, Max: 0x000c0000, ABSOLUTE)

    Exec Addr    Load Addr    Size         Type   Attr      Idx    E Section Name        Object

    0x20000000   0x0800b330   0x00000004   Data   RW         2761    .data               mc_w.l(stdout.o)
    0x20000004   0x0800b334   0x00000008   Data   RW          314    .data..L_MergedGlobals  stm32u5xx_hal.o
    0x2000000c   0x0800b33c   0x00000008   Data   RW         2409    .data..L_MergedGlobals  lsm6dsox.o
    0x20000014   0x0800b344   0x00000004   Data   RW         1748    .data.SystemCoreClock  system_stm32u5xx.o
    0x20000018   0x0800b348   0x00000004   Data   RW         2146    .data.ulCriticalNesting  port.o
    0x2000001c   0x0800b34c   0x00000004   PAD
    0x20000020        -       0x0000001c   Zero   RW           68    .bss..L_MergedGlobals  app_freertos.o
    0x2000003c        -       0x0000006c   Zero   RW         2060    .bss..L_MergedGlobals  tasks.o
    0x200000a8        -       0x0000003c   Zero   RW         2113    .bss..L_MergedGlobals  timers.o
    0x200000e4        -       0x0000000c   Zero   RW         2147    .bss..L_MergedGlobals  port.o
    0x200000f0        -       0x00000020   Zero   RW         2357    .bss..L_MergedGlobals  heap_4.o
    0x20000110        -       0x0000003c   Zero   RW         2061    .bss..L_MergedGlobals.4  tasks.o
    0x2000014c        -       0x00000004   Zero   RW         2331    .bss.KernelState    cmsis_os2.o
    0x20000150        -       0x00000010   Zero   RW         2434    .bss.g_qma          qma6100p.o
    0x20000160        -       0x00000090   Zero   RW         2382    .bss.hspi1          bsp_spi.o
    0x200001f0        -       0x00000090   Zero   RW         2383    .bss.hspi2          bsp_spi.o
    0x20000280        -       0x0000004c   Zero   RW          121    .bss.htim6          stm32u5xx_hal_timebase_tim.o
    0x200002cc        -       0x00000094   Zero   RW          140    .bss.huart1         usart.o
    0x20000360        -       0x000000a0   Zero   RW         2111    .bss.prvCheckForValidListAndQueue.ucStaticTimerQueueStorage  timers.o
    0x20000400        -       0x00000050   Zero   RW         2110    .bss.prvCheckForValidListAndQueue.xStaticTimerQueue  timers.o
    0x20000450        -       0x00000460   Zero   RW         2059    .bss.pxReadyTasksLists  tasks.o
    0x200008b0        -       0x00004000   Zero   RW         2356    .bss.ucHeap         heap_4.o
    0x200048b0        -       0x00000004   Zero   RW          313    .bss.uwTick         stm32u5xx_hal.o
    0x200048b4        -       0x00000200   Zero   RW         2333    .bss.vApplicationGetIdleTaskMemory.Idle_Stack  cmsis_os2.o
    0x20004ab4        -       0x00000060   Zero   RW         2332    .bss.vApplicationGetIdleTaskMemory.Idle_TCB  cmsis_os2.o
    0x20004b14        -       0x00000400   Zero   RW         2335    .bss.vApplicationGetTimerTaskMemory.Timer_Stack  cmsis_os2.o
    0x20004f14        -       0x00000060   Zero   RW         2334    .bss.vApplicationGetTimerTaskMemory.Timer_TCB  cmsis_os2.o
    0x20004f74        -       0x00000040   Zero   RW         1881    .bss.xQueueRegistry  queue.o
    0x20004fb4   0x0800b34c   0x00000004   PAD
    0x20004fb8        -       0x00000400   Zero   RW            1    STACK               startup_stm32u575xx.o


==============================================================================

Image component sizes


      Code (inc. data)   RO Data    RW Data    ZI Data      Debug   Object Name

      1600        332        954          0         28       7500   app_freertos.o
       476          0          0          0        288       7045   bsp_spi.o
       978          0          0          0       1732      61340   cmsis_os2.o
       118          0          0          0          0       2919   gpio.o
      1604        140        911          0          0       9421   h3lis100dl.o
       682          0          0          0      16416       5539   heap_4.o
        50          0          0          0          0        941   icache.o
       190          0          0          0          0       2352   list.o
      2084         84         86          8          0       8756   lsm6dsox.o
       458        140        243          0          0       6882   main.o
       798          0          0          4         12       4579   port.o
       260         16          0          0          0       1354   portasm.o
      3020        256        191          0         16      11422   qma6100p.o
      2100          0          0          0         64      25899   queue.o
        40         10        568          0       1024        864   startup_stm32u575xx.o
       164          0          0          8          4      11744   stm32u5xx_hal.o
       150          0          0          0          0      14123   stm32u5xx_hal_cortex.o
       576          0        128          0          0       7065   stm32u5xx_hal_gpio.o
       144          0          0          0          0       6459   stm32u5xx_hal_icache.o
        42          0          0          0          0       5060   stm32u5xx_hal_msp.o
       336          0          0          0          0      14727   stm32u5xx_hal_pwr_ex.o
      4300         12          0          0          0      15492   stm32u5xx_hal_rcc.o
      6044        294          0          0          0      22375   stm32u5xx_hal_rcc_ex.o
      2618          0          0          0          0      24672   stm32u5xx_hal_spi.o
      1538          0          0          0          0      75187   stm32u5xx_hal_tim.o
        14          0          0          0          0      32931   stm32u5xx_hal_tim_ex.o
       162          0          0          0         76       9803   stm32u5xx_hal_timebase_tim.o
      2198          0         24          0          0      38674   stm32u5xx_hal_uart.o
       334          0         16          0          0      12948   stm32u5xx_hal_uart_ex.o
        24          0          0          0          0       5066   stm32u5xx_it.o
        76          0         88          4          0       4259   system_stm32u5xx.o
      4202          8          4          0       1288      46933   tasks.o
       838         18          5          0        300      15653   timers.o
       314          0          0          0        148       9287   usart.o
        52          0          0          0          0       1480   user_app.o

    ----------------------------------------------------------------------
     38816       1322       3252         24      21404     530751   Object Totals
         0          0         32          0          0          0   (incl. Generated)
       232         12          2          0          8          0   (incl. Padding)

    ----------------------------------------------------------------------

      Code (inc. data)   RO Data    RW Data    ZI Data      Debug   Library Member Name

         0          0          0          0          0          0   entry.o
         0          0          0          0          0          0   entry10a.o
         0          0          0          0          0          0   entry11a.o
         8          4          0          0          0          0   entry2.o
         4          0          0          0          0          0   entry5.o
         0          0          0          0          0          0   entry7b.o
         0          0          0          0          0          0   entry8b.o
         8          4          0          0          0          0   entry9a.o
        30          0          0          0          0          0   handlers.o
        36          8          0          0          0         68   init.o
         0          0          0          0          0          0   iusefp.o
        30          0          0          0          0         68   llshl.o
        36          0          0          0          0         68   llsshr.o
        32          0          0          0          0         68   llushr.o
        36          0          0          0          0         68   memcpya.o
        36          0          0          0          0        108   memseta.o
      2258         90          0          0          0        452   printfa.o
        36          6          0          0          0         80   puts.o
         0          0          0          4          0          0   stdout.o
        44          0          0          0          0         80   uidiv.o
        98          0          0          0          0         92   uldiv.o
        48          0          0          0          0         68   cdrcmple.o
       334          0          0          0          0        148   dadd.o
       222          0          0          0          0        100   ddiv.o
       186          0          0          0          0        176   depilogue.o
        48          0          0          0          0         68   dfixul.o
       228          0          0          0          0         96   dmul.o
        38          0          0          0          0         68   f2d.o

    ----------------------------------------------------------------------
      3804        112          0          4          0       1876   Library Totals
         8          0          0          0          0          0   (incl. Padding)

    ----------------------------------------------------------------------

      Code (inc. data)   RO Data    RW Data    ZI Data      Debug   Library Name

      2692        112          0          4          0       1152   mc_w.l
      1104          0          0          0          0        724   mf_w.l

    ----------------------------------------------------------------------
      3804        112          0          4          0       1876   Library Totals

    ----------------------------------------------------------------------

==============================================================================


      Code (inc. data)   RO Data    RW Data    ZI Data      Debug   

     42620       1434       3252         28      21404     531235   Grand Totals
     42620       1434       3252         28      21404     531235   ELF Image Totals
     42620       1434       3252         28          0          0   ROM Totals

==============================================================================

    Total RO  Size (Code + RO Data)                45872 (  44.80kB)
    Total RW  Size (RW Data + ZI Data)             21432 (  20.93kB)
    Total ROM Size (Code + RO Data + RW Data)      45900 (  44.82kB)

==============================================================================

