Component: ARM Compiler 6.16 Tool: armlink [5dfeaa00]

==============================================================================

Section Cross References

    startup_stm32u575xx.o(RESET) refers to startup_stm32u575xx.o(STACK) for __initial_sp
    startup_stm32u575xx.o(RESET) refers to startup_stm32u575xx.o(.text) for Reset_Handler
    startup_stm32u575xx.o(RESET) refers to stm32u5xx_it.o(.text.NMI_Handler) for NMI_Handler
    startup_stm32u575xx.o(RESET) refers to stm32u5xx_it.o(.text.HardFault_Handler) for HardFault_Handler
    startup_stm32u575xx.o(RESET) refers to stm32u5xx_it.o(.text.MemManage_Handler) for MemManage_Handler
    startup_stm32u575xx.o(RESET) refers to stm32u5xx_it.o(.text.BusFault_Handler) for BusFault_Handler
    startup_stm32u575xx.o(RESET) refers to stm32u5xx_it.o(.text.UsageFault_Handler) for UsageFault_Handler
    startup_stm32u575xx.o(RESET) refers to portasm.o(.text.SVC_Handler) for SVC_Handler
    startup_stm32u575xx.o(RESET) refers to stm32u5xx_it.o(.text.DebugMon_Handler) for DebugMon_Handler
    startup_stm32u575xx.o(RESET) refers to portasm.o(.text.PendSV_Handler) for PendSV_Handler
    startup_stm32u575xx.o(RESET) refers to cmsis_os2.o(.text.SysTick_Handler) for SysTick_Handler
    startup_stm32u575xx.o(RESET) refers to stm32u5xx_it.o(.text.TIM6_IRQHandler) for TIM6_IRQHandler
    startup_stm32u575xx.o(RESET) refers to stm32u5xx_it.o(.text.OTG_FS_IRQHandler) for OTG_FS_IRQHandler
    startup_stm32u575xx.o(RESET) refers to stm32u5xx_it.o(.text.SDMMC1_IRQHandler) for SDMMC1_IRQHandler
    startup_stm32u575xx.o(.text) refers to system_stm32u5xx.o(.text.SystemInit) for SystemInit
    startup_stm32u575xx.o(.text) refers to entry.o(.ARM.Collect$$$$00000000) for __main
    main.o(.text.main) refers to stm32u5xx_hal.o(.text.HAL_Init) for HAL_Init
    main.o(.text.main) refers to memseta.o(.text) for __aeabi_memclr4
    main.o(.text.main) refers to stm32u5xx_hal_pwr_ex.o(.text.HAL_PWREx_ControlVoltageScaling) for HAL_PWREx_ControlVoltageScaling
    main.o(.text.main) refers to stm32u5xx_hal_rcc.o(.text.HAL_RCC_OscConfig) for HAL_RCC_OscConfig
    main.o(.text.main) refers to stm32u5xx_hal_rcc.o(.text.HAL_RCC_ClockConfig) for HAL_RCC_ClockConfig
    main.o(.text.main) refers to stm32u5xx_hal_pwr_ex.o(.text.HAL_PWREx_DisableUCPDDeadBattery) for HAL_PWREx_DisableUCPDDeadBattery
    main.o(.text.main) refers to gpio.o(.text.MX_GPIO_Init) for MX_GPIO_Init
    main.o(.text.main) refers to icache.o(.text.MX_ICACHE_Init) for MX_ICACHE_Init
    main.o(.text.main) refers to usart.o(.text.MX_USART1_UART_Init) for MX_USART1_UART_Init
    main.o(.text.main) refers to puts.o(i.puts) for puts
    main.o(.text.main) refers to stm32u5xx_hal_gpio.o(.text.HAL_GPIO_ReadPin) for HAL_GPIO_ReadPin
    main.o(.text.main) refers to printfa.o(i.__0printf) for __2printf
    main.o(.text.main) refers to sdmmc.o(.text.SDMMC1_IsCardDetected) for SDMMC1_IsCardDetected
    main.o(.text.main) refers to sdmmc.o(.text.MX_SDMMC1_SD_Init) for MX_SDMMC1_SD_Init
    main.o(.text.main) refers to main.o(.rodata.str1.1) for .Lstr.29
    main.o(.text.main) refers to fatfs_sd.o(.text.FatFs_SD_RunPhaseBSmokeTest) for FatFs_SD_RunPhaseBSmokeTest
    main.o(.text.main) refers to usb_otg.o(.text.MX_USB_OTG_FS_PCD_Init) for MX_USB_OTG_FS_PCD_Init
    main.o(.text.main) refers to bsp_spi.o(.text.MX_SPI1_Init) for MX_SPI1_Init
    main.o(.text.main) refers to bsp_spi.o(.text.MX_SPI2_Init) for MX_SPI2_Init
    main.o(.text.main) refers to cmsis_os2.o(.text.osKernelInitialize) for osKernelInitialize
    main.o(.text.main) refers to app_freertos.o(.text.MX_FREERTOS_Init) for MX_FREERTOS_Init
    main.o(.text.main) refers to cmsis_os2.o(.text.osKernelStart) for osKernelStart
    main.o(.ARM.exidx.text.main) refers to main.o(.text.main) for [Anonymous Symbol]
    main.o(.text.SystemClock_Config) refers to memseta.o(.text) for __aeabi_memclr4
    main.o(.text.SystemClock_Config) refers to stm32u5xx_hal_pwr_ex.o(.text.HAL_PWREx_ControlVoltageScaling) for HAL_PWREx_ControlVoltageScaling
    main.o(.text.SystemClock_Config) refers to stm32u5xx_hal_rcc.o(.text.HAL_RCC_OscConfig) for HAL_RCC_OscConfig
    main.o(.text.SystemClock_Config) refers to stm32u5xx_hal_rcc.o(.text.HAL_RCC_ClockConfig) for HAL_RCC_ClockConfig
    main.o(.ARM.exidx.text.SystemClock_Config) refers to main.o(.text.SystemClock_Config) for [Anonymous Symbol]
    main.o(.ARM.exidx.text.Error_Handler) refers to main.o(.text.Error_Handler) for [Anonymous Symbol]
    main.o(.text.HAL_TIM_PeriodElapsedCallback) refers to stm32u5xx_hal.o(.text.HAL_IncTick) for HAL_IncTick
    main.o(.ARM.exidx.text.HAL_TIM_PeriodElapsedCallback) refers to main.o(.text.HAL_TIM_PeriodElapsedCallback) for [Anonymous Symbol]
    gpio.o(.text.MX_GPIO_Init) refers to stm32u5xx_hal_gpio.o(.text.HAL_GPIO_Init) for HAL_GPIO_Init
    gpio.o(.ARM.exidx.text.MX_GPIO_Init) refers to gpio.o(.text.MX_GPIO_Init) for [Anonymous Symbol]
[...]
    HAL_PCD_ResetCallback                    0x080034f9   Thumb Code     2  stm32u5xx_hal_pcd.o(.text.HAL_PCD_ResetCallback)
    HAL_PCD_ResumeCallback                   0x080034fd   Thumb Code     2  stm32u5xx_hal_pcd.o(.text.HAL_PCD_ResumeCallback)
    HAL_PCD_SOFCallback                      0x08003501   Thumb Code     2  stm32u5xx_hal_pcd.o(.text.HAL_PCD_SOFCallback)
    HAL_PCD_SetupStageCallback               0x08003505   Thumb Code     2  stm32u5xx_hal_pcd.o(.text.HAL_PCD_SetupStageCallback)
    HAL_PCD_SuspendCallback                  0x08003509   Thumb Code     2  stm32u5xx_hal_pcd.o(.text.HAL_PCD_SuspendCallback)
    HAL_PWREx_ControlVoltageScaling          0x0800350d   Thumb Code   302  stm32u5xx_hal_pwr_ex.o(.text.HAL_PWREx_ControlVoltageScaling)
    HAL_PWREx_DisableUCPDDeadBattery         0x0800363d   Thumb Code    18  stm32u5xx_hal_pwr_ex.o(.text.HAL_PWREx_DisableUCPDDeadBattery)
    HAL_PWREx_EnableVddUSB                   0x08003651   Thumb Code    18  stm32u5xx_hal_pwr_ex.o(.text.HAL_PWREx_EnableVddUSB)
    HAL_PWREx_GetVoltageRange                0x08003665   Thumb Code    16  stm32u5xx_hal_pwr_ex.o(.text.HAL_PWREx_GetVoltageRange)
    HAL_RCCEx_GetPLL1ClockFreq               0x08003675   Thumb Code   408  stm32u5xx_hal_rcc_ex.o(.text.HAL_RCCEx_GetPLL1ClockFreq)
    HAL_RCCEx_GetPLL2ClockFreq               0x0800380d   Thumb Code   408  stm32u5xx_hal_rcc_ex.o(.text.HAL_RCCEx_GetPLL2ClockFreq)
    HAL_RCCEx_GetPLL3ClockFreq               0x080039a5   Thumb Code   408  stm32u5xx_hal_rcc_ex.o(.text.HAL_RCCEx_GetPLL3ClockFreq)
    HAL_RCCEx_GetPeriphCLKFreq               0x08003b3d   Thumb Code  2702  stm32u5xx_hal_rcc_ex.o(.text.HAL_RCCEx_GetPeriphCLKFreq)
    HAL_RCCEx_PeriphCLKConfig                0x080045cd   Thumb Code  1622  stm32u5xx_hal_rcc_ex.o(.text.HAL_RCCEx_PeriphCLKConfig)
    HAL_RCC_ClockConfig                      0x08004c25   Thumb Code   766  stm32u5xx_hal_rcc.o(.text.HAL_RCC_ClockConfig)
    HAL_RCC_GetClockConfig                   0x08004f25   Thumb Code    76  stm32u5xx_hal_rcc.o(.text.HAL_RCC_GetClockConfig)
    HAL_RCC_GetHCLKFreq                      0x08004f71   Thumb Code    44  stm32u5xx_hal_rcc.o(.text.HAL_RCC_GetHCLKFreq)
    HAL_RCC_GetPCLK1Freq                     0x08004f9d   Thumb Code    62  stm32u5xx_hal_rcc.o(.text.HAL_RCC_GetPCLK1Freq)
    HAL_RCC_GetPCLK2Freq                     0x08004fdd   Thumb Code    62  stm32u5xx_hal_rcc.o(.text.HAL_RCC_GetPCLK2Freq)
    HAL_RCC_GetPCLK3Freq                     0x0800501d   Thumb Code    62  stm32u5xx_hal_rcc.o(.text.HAL_RCC_GetPCLK3Freq)
    HAL_RCC_GetSysClockFreq                  0x0800505d   Thumb Code   272  stm32u5xx_hal_rcc.o(.text.HAL_RCC_GetSysClockFreq)
    HAL_RCC_OscConfig                        0x0800516d   Thumb Code  2956  stm32u5xx_hal_rcc.o(.text.HAL_RCC_OscConfig)
    HAL_SDEx_Read_DMALnkLstBufCpltCallback   0x08005cf9   Thumb Code     2  stm32u5xx_hal_sd.o(.text.HAL_SDEx_Read_DMALnkLstBufCpltCallback)
    HAL_SDEx_Write_DMALnkLstBufCpltCallback  0x08005cfd   Thumb Code     2  stm32u5xx_hal_sd.o(.text.HAL_SDEx_Write_DMALnkLstBufCpltCallback)
    HAL_SD_ConfigWideBusOperation            0x08005d01   Thumb Code   430  stm32u5xx_hal_sd.o(.text.HAL_SD_ConfigWideBusOperation)
    HAL_SD_ErrorCallback                     0x08005eb1   Thumb Code     2  stm32u5xx_hal_sd.o(.text.HAL_SD_ErrorCallback)
    HAL_SD_GetCardCSD                        0x08005eb5   Thumb Code   386  stm32u5xx_hal_sd.o(.text.HAL_SD_GetCardCSD)
    HAL_SD_GetCardInfo                       0x08006039   Thumb Code    36  stm32u5xx_hal_sd.o(.text.HAL_SD_GetCardInfo)
    HAL_SD_GetCardState                      0x0800605d   Thumb Code    42  stm32u5xx_hal_sd.o(.text.HAL_SD_GetCardState)
    HAL_SD_GetCardStatus                     0x08006089   Thumb Code   474  stm32u5xx_hal_sd.o(.text.HAL_SD_GetCardStatus)
    HAL_SD_IRQHandler                        0x08006265   Thumb Code   734  stm32u5xx_hal_sd.o(.text.HAL_SD_IRQHandler)
    HAL_SD_Init                              0x08006545   Thumb Code   194  stm32u5xx_hal_sd.o(.text.HAL_SD_Init)
    HAL_SD_InitCard                          0x08006609   Thumb Code   654  stm32u5xx_hal_sd.o(.text.HAL_SD_InitCard)
    HAL_SD_MspInit                           0x08006899   Thumb Code   212  sdmmc.o(.text.HAL_SD_MspInit)
    HAL_SD_ReadBlocks                        0x0800696d   Thumb Code   526  stm32u5xx_hal_sd.o(.text.HAL_SD_ReadBlocks)
    HAL_SD_RxCpltCallback                    0x08006b7d   Thumb Code     2  stm32u5xx_hal_sd.o(.text.HAL_SD_RxCpltCallback)
    HAL_SD_TxCpltCallback                    0x08006b81   Thumb Code     2  stm32u5xx_hal_sd.o(.text.HAL_SD_TxCpltCallback)
    HAL_SD_WriteBlocks                       0x08006b85   Thumb Code   578  stm32u5xx_hal_sd.o(.text.HAL_SD_WriteBlocks)
    HAL_SPI_DeInit                           0x08006dc9   Thumb Code    50  stm32u5xx_hal_spi.o(.text.HAL_SPI_DeInit)
    HAL_SPI_Init                             0x08006dfd   Thumb Code   380  stm32u5xx_hal_spi.o(.text.HAL_SPI_Init)
    HAL_SPI_MspDeInit                        0x08006f79   Thumb Code     2  stm32u5xx_hal_spi.o(.text.HAL_SPI_MspDeInit)
    HAL_SPI_MspInit                          0x08006f7d   Thumb Code     2  stm32u5xx_hal_spi.o(.text.HAL_SPI_MspInit)
    HAL_SPI_Transmit                         0x08006f81   Thumb Code   978  stm32u5xx_hal_spi.o(.text.HAL_SPI_Transmit)
    HAL_SPI_TransmitReceive                  0x08007355   Thumb Code  1056  stm32u5xx_hal_spi.o(.text.HAL_SPI_TransmitReceive)
    HAL_TIMEx_Break2Callback                 0x08007775   Thumb Code     2  stm32u5xx_hal_tim_ex.o(.text.HAL_TIMEx_Break2Callback)
    HAL_TIMEx_BreakCallback                  0x08007779   Thumb Code     2  stm32u5xx_hal_tim_ex.o(.text.HAL_TIMEx_BreakCallback)
    HAL_TIMEx_CommutCallback                 0x0800777d   Thumb Code     2  stm32u5xx_hal_tim_ex.o(.text.HAL_TIMEx_CommutCallback)
    HAL_TIMEx_DirectionChangeCallback        0x08007781   Thumb Code     2  stm32u5xx_hal_tim_ex.o(.text.HAL_TIMEx_DirectionChangeCallback)
    HAL_TIMEx_EncoderIndexCallback           0x08007785   Thumb Code     2  stm32u5xx_hal_tim_ex.o(.text.HAL_TIMEx_EncoderIndexCallback)
    HAL_TIMEx_IndexErrorCallback             0x08007789   Thumb Code     2  stm32u5xx_hal_tim_ex.o(.text.HAL_TIMEx_IndexErrorCallback)
    HAL_TIMEx_TransitionErrorCallback        0x0800778d   Thumb Code     2  stm32u5xx_hal_tim_ex.o(.text.HAL_TIMEx_TransitionErrorCallback)
    HAL_TIM_Base_Init                        0x08007791   Thumb Code    98  stm32u5xx_hal_tim.o(.text.HAL_TIM_Base_Init)
    HAL_TIM_Base_MspInit                     0x080077f5   Thumb Code     2  stm32u5xx_hal_tim.o(.text.HAL_TIM_Base_MspInit)
    HAL_TIM_Base_Start_IT                    0x080077f9   Thumb Code   268  stm32u5xx_hal_tim.o(.text.HAL_TIM_Base_Start_IT)
    HAL_TIM_IC_CaptureCallback               0x08007905   Thumb Code     2  stm32u5xx_hal_tim.o(.text.HAL_TIM_IC_CaptureCallback)
    HAL_TIM_IRQHandler                       0x08007909   Thumb Code   528  stm32u5xx_hal_tim.o(.text.HAL_TIM_IRQHandler)
    HAL_TIM_OC_DelayElapsedCallback          0x08007b19   Thumb Code     2  stm32u5xx_hal_tim.o(.text.HAL_TIM_OC_DelayElapsedCallback)
    HAL_TIM_PWM_PulseFinishedCallback        0x08007b1d   Thumb Code     2  stm32u5xx_hal_tim.o(.text.HAL_TIM_PWM_PulseFinishedCallback)
    HAL_TIM_PeriodElapsedCallback            0x08007b21   Thumb Code    20  main.o(.text.HAL_TIM_PeriodElapsedCallback)
    HAL_TIM_TriggerCallback                  0x08007b35   Thumb Code     2  stm32u5xx_hal_tim.o(.text.HAL_TIM_TriggerCallback)
    HAL_UARTEx_DisableFifoMode               0x08007b39   Thumb Code    54  stm32u5xx_hal_uart_ex.o(.text.HAL_UARTEx_DisableFifoMode)
    HAL_UARTEx_SetRxFifoThreshold            0x08007b71   Thumb Code   140  stm32u5xx_hal_uart_ex.o(.text.HAL_UARTEx_SetRxFifoThreshold)
    HAL_UARTEx_SetTxFifoThreshold            0x08007bfd   Thumb Code   140  stm32u5xx_hal_uart_ex.o(.text.HAL_UARTEx_SetTxFifoThreshold)
    HAL_UART_Init                            0x08007c89   Thumb Code   104  stm32u5xx_hal_uart.o(.text.HAL_UART_Init)
    HAL_UART_MspInit                         0x08007cf1   Thumb Code   150  usart.o(.text.HAL_UART_MspInit)
    HAL_UART_Transmit                        0x08007d89   Thumb Code   222  stm32u5xx_hal_uart.o(.text.HAL_UART_Transmit)
    HardFault_Handler                        0x08007e69   Thumb Code     2  stm32u5xx_it.o(.text.HardFault_Handler)
    LSM6DSOX_Configure                       0x08007e6d   Thumb Code   732  lsm6dsox.o(.text.LSM6DSOX_Configure)
    LSM6DSOX_Init                            0x08008149   Thumb Code   500  lsm6dsox.o(.text.LSM6DSOX_Init)
    LSM6DSOX_ReadAllData                     0x08008375   Thumb Code   396  lsm6dsox.o(.text.LSM6DSOX_ReadAllData)
    LSM6DSOX_ReadID                          0x08008501   Thumb Code   200  lsm6dsox.o(.text.LSM6DSOX_ReadID)
    LSM6DSOX_ReadStatus                      0x080085c9   Thumb Code   200  lsm6dsox.o(.text.LSM6DSOX_ReadStatus)
    MX_FREERTOS_Init                         0x08008691   Thumb Code   136  app_freertos.o(.text.MX_FREERTOS_Init)
    MX_GPIO_Init                             0x08008719   Thumb Code    66  gpio.o(.text.MX_GPIO_Init)
    MX_ICACHE_Init                           0x0800875d   Thumb Code    50  icache.o(.text.MX_ICACHE_Init)
    MX_SDMMC1_SD_Init                        0x08008791   Thumb Code    76  sdmmc.o(.text.MX_SDMMC1_SD_Init)
    MX_SPI1_Init                             0x080087dd   Thumb Code   250  bsp_spi.o(.text.MX_SPI1_Init)
    MX_SPI2_Init                             0x080088d9   Thumb Code   316  bsp_spi.o(.text.MX_SPI2_Init)
    MX_USART1_UART_Init                      0x08008a15   Thumb Code   132  usart.o(.text.MX_USART1_UART_Init)
    MX_USB_OTG_FS_PCD_Init                   0x08008a99   Thumb Code    58  usb_otg.o(.text.MX_USB_OTG_FS_PCD_Init)
    MemManage_Handler                        0x08008ad5   Thumb Code     2  stm32u5xx_it.o(.text.MemManage_Handler)
    NMI_Handler                              0x08008ad9   Thumb Code     2  stm32u5xx_it.o(.text.NMI_Handler)
    OTG_FS_IRQHandler                        0x08008add   Thumb Code    12  stm32u5xx_it.o(.text.OTG_FS_IRQHandler)
    PendSV_Handler                           0x08008af1   Thumb Code   100  portasm.o(.text.PendSV_Handler)
    PostSleepProcessing                      0x08008b55   Thumb Code     2  app_freertos.o(.text.PostSleepProcessing)
    PreSleepProcessing                       0x08008b59   Thumb Code     2  app_freertos.o(.text.PreSleepProcessing)
    QMA6100P_Init                            0x08008f45   Thumb Code  2332  qma6100p.o(.text.QMA6100P_Init)
    QMA6100P_ReadAccXYZ                      0x08009f91   Thumb Code   132  qma6100p.o(.text.QMA6100P_ReadAccXYZ)
    QMA6100P_ReadRawXYZ                      0x0800a015   Thumb Code   356  qma6100p.o(.text.QMA6100P_ReadRawXYZ)
    SDMMC1_IRQHandler                        0x0800a369   Thumb Code    12  stm32u5xx_it.o(.text.SDMMC1_IRQHandler)
    SDMMC1_IsCardDetected                    0x0800a375   Thumb Code    26  sdmmc.o(.text.SDMMC1_IsCardDetected)
    SDMMC_CmdAppCommand                      0x0800a391   Thumb Code    34  stm32u5xx_ll_sdmmc.o(.text.SDMMC_CmdAppCommand)
    SDMMC_CmdAppOperCommand                  0x0800a3b5   Thumb Code   150  stm32u5xx_ll_sdmmc.o(.text.SDMMC_CmdAppOperCommand)
    SDMMC_CmdBlockLength                     0x0800a44d   Thumb Code    34  stm32u5xx_ll_sdmmc.o(.text.SDMMC_CmdBlockLength)
    SDMMC_CmdBusWidth                        0x0800a471   Thumb Code    34  stm32u5xx_ll_sdmmc.o(.text.SDMMC_CmdBusWidth)
    SDMMC_CmdGoIdleState                     0x0800a495   Thumb Code   106  stm32u5xx_ll_sdmmc.o(.text.SDMMC_CmdGoIdleState)
    SDMMC_CmdOperCond                        0x0800a501   Thumb Code   176  stm32u5xx_ll_sdmmc.o(.text.SDMMC_CmdOperCond)
    SDMMC_CmdReadMultiBlock                  0x0800a5b1   Thumb Code    34  stm32u5xx_ll_sdmmc.o(.text.SDMMC_CmdReadMultiBlock)
    SDMMC_CmdReadSingleBlock                 0x0800a5d5   Thumb Code    34  stm32u5xx_ll_sdmmc.o(.text.SDMMC_CmdReadSingleBlock)
    SDMMC_CmdSelDesel                        0x0800a5f9   Thumb Code    34  stm32u5xx_ll_sdmmc.o(.text.SDMMC_CmdSelDesel)
    SDMMC_CmdSendCID                         0x0800a61d   Thumb Code   172  stm32u5xx_ll_sdmmc.o(.text.SDMMC_CmdSendCID)
    SDMMC_CmdSendCSD                         0x0800a6c9   Thumb Code   172  stm32u5xx_ll_sdmmc.o(.text.SDMMC_CmdSendCSD)
    SDMMC_CmdSendSCR                         0x0800a775   Thumb Code    36  stm32u5xx_ll_sdmmc.o(.text.SDMMC_CmdSendSCR)
    SDMMC_CmdSendStatus                      0x0800a799   Thumb Code    34  stm32u5xx_ll_sdmmc.o(.text.SDMMC_CmdSendStatus)
    SDMMC_CmdSetRelAdd                       0x0800a7bd   Thumb Code   226  stm32u5xx_ll_sdmmc.o(.text.SDMMC_CmdSetRelAdd)
    SDMMC_CmdStatusRegister                  0x0800a8a1   Thumb Code    36  stm32u5xx_ll_sdmmc.o(.text.SDMMC_CmdStatusRegister)
    SDMMC_CmdStopTransfer                    0x0800a8c5   Thumb Code    78  stm32u5xx_ll_sdmmc.o(.text.SDMMC_CmdStopTransfer)
    SDMMC_CmdWriteMultiBlock                 0x0800a915   Thumb Code    34  stm32u5xx_ll_sdmmc.o(.text.SDMMC_CmdWriteMultiBlock)
    SDMMC_CmdWriteSingleBlock                0x0800a939   Thumb Code    34  stm32u5xx_ll_sdmmc.o(.text.SDMMC_CmdWriteSingleBlock)
    SDMMC_ConfigData                         0x0800a95d   Thumb Code    38  stm32u5xx_ll_sdmmc.o(.text.SDMMC_ConfigData)
    SDMMC_GetCmdResp1                        0x0800a985   Thumb Code   378  stm32u5xx_ll_sdmmc.o(.text.SDMMC_GetCmdResp1)
    SDMMC_GetPowerState                      0x0800ab01   Thumb Code     8  stm32u5xx_ll_sdmmc.o(.text.SDMMC_GetPowerState)
    SDMMC_GetResponse                        0x0800ab09   Thumb Code     6  stm32u5xx_ll_sdmmc.o(.text.SDMMC_GetResponse)
    SDMMC_Init                               0x0800ab11   Thumb Code    42  stm32u5xx_ll_sdmmc.o(.text.SDMMC_Init)
    SDMMC_PowerState_ON                      0x0800ab3d   Thumb Code    14  stm32u5xx_ll_sdmmc.o(.text.SDMMC_PowerState_ON)
    SDMMC_ReadFIFO                           0x0800ab4d   Thumb Code     6  stm32u5xx_ll_sdmmc.o(.text.SDMMC_ReadFIFO)
    SDMMC_WriteFIFO                          0x0800ab55   Thumb Code    12  stm32u5xx_ll_sdmmc.o(.text.SDMMC_WriteFIFO)
    SD_disk_initialize                       0x0800ac4d   Thumb Code    42  sd_diskio.o(.text.SD_disk_initialize)
    SD_disk_ioctl                            0x0800ac79   Thumb Code   152  sd_diskio.o(.text.SD_disk_ioctl)
    SD_disk_read                             0x0800ad11   Thumb Code   110  sd_diskio.o(.text.SD_disk_read)
    SD_disk_status                           0x0800ad81   Thumb Code    42  sd_diskio.o(.text.SD_disk_status)
    SD_disk_write                            0x0800adad   Thumb Code   110  sd_diskio.o(.text.SD_disk_write)
    SVC_Handler                              0x0800aef1   Thumb Code    36  portasm.o(.text.SVC_Handler)
    StartH3lis100dlTask                      0x0800af15   Thumb Code   148  app_freertos.o(.text.StartH3lis100dlTask)
    StartLoggerTask                          0x0800afd1   Thumb Code   188  app_freertos.o(.text.StartLoggerTask)
    StartLsm6dsoxTask                        0x0800b0fd   Thumb Code   152  app_freertos.o(.text.StartLsm6dsoxTask)
    StartQma6100pTask                        0x0800b1b9   Thumb Code   148  app_freertos.o(.text.StartQma6100pTask)
    SysTick_Handler                          0x0800b271   Thumb Code    30  cmsis_os2.o(.text.SysTick_Handler)
    SystemInit                               0x0800b291   Thumb Code    76  system_stm32u5xx.o(.text.SystemInit)
    TIM6_IRQHandler                          0x0800b2dd   Thumb Code    12  stm32u5xx_it.o(.text.TIM6_IRQHandler)
    TIM_Base_SetConfig                       0x0800b2e9   Thumb Code   634  stm32u5xx_hal_tim.o(.text.TIM_Base_SetConfig)
    UART_AdvFeatureConfig                    0x0800b565   Thumb Code   232  stm32u5xx_hal_uart.o(.text.UART_AdvFeatureConfig)
    UART_CheckIdleState                      0x0800b64d   Thumb Code   366  stm32u5xx_hal_uart.o(.text.UART_CheckIdleState)
    UART_SetConfig                           0x0800b7bd   Thumb Code   538  stm32u5xx_hal_uart.o(.text.UART_SetConfig)
    UART_WaitOnFlagUntilTimeout              0x0800b9d9   Thumb Code   736  stm32u5xx_hal_uart.o(.text.UART_WaitOnFlagUntilTimeout)
    USB_ActivateSetup                        0x0800bcb9   Thumb Code    32  stm32u5xx_ll_usb.o(.text.USB_ActivateSetup)
    USB_CoreInit                             0x0800bcd9   Thumb Code   260  stm32u5xx_ll_usb.o(.text.USB_CoreInit)
    USB_DevDisconnect                        0x0800bddd   Thumb Code    30  stm32u5xx_ll_usb.o(.text.USB_DevDisconnect)
    USB_DevInit                              0x0800bdfd   Thumb Code   798  stm32u5xx_ll_usb.o(.text.USB_DevInit)
    USB_DisableGlobalInt                     0x0800c11d   Thumb Code    14  stm32u5xx_ll_usb.o(.text.USB_DisableGlobalInt)
    USB_EP0_OutStart                         0x0800c12d   Thumb Code    90  stm32u5xx_ll_usb.o(.text.USB_EP0_OutStart)
    USB_EPStopXfer                           0x0800c189   Thumb Code   274  stm32u5xx_ll_usb.o(.text.USB_EPStopXfer)
    USB_FlushTxFifo                          0x0800c29d   Thumb Code   194  stm32u5xx_ll_usb.o(.text.USB_FlushTxFifo)
    USB_GetDevSpeed                          0x0800c361   Thumb Code    26  stm32u5xx_ll_usb.o(.text.USB_GetDevSpeed)
    USB_GetMode                              0x0800c37d   Thumb Code     8  stm32u5xx_ll_usb.o(.text.USB_GetMode)
    USB_ReadDevAllInEpInterrupt              0x0800c385   Thumb Code    14  stm32u5xx_ll_usb.o(.text.USB_ReadDevAllInEpInterrupt)
    USB_ReadDevAllOutEpInterrupt             0x0800c395   Thumb Code    14  stm32u5xx_ll_usb.o(.text.USB_ReadDevAllOutEpInterrupt)
    USB_ReadDevInEPInterrupt                 0x0800c3a5   Thumb Code    36  stm32u5xx_ll_usb.o(.text.USB_ReadDevInEPInterrupt)
    USB_ReadDevOutEPInterrupt                0x0800c3c9   Thumb Code    16  stm32u5xx_ll_usb.o(.text.USB_ReadDevOutEPInterrupt)
    USB_ReadInterrupts                       0x0800c3d9   Thumb Code     8  stm32u5xx_ll_usb.o(.text.USB_ReadInterrupts)
    USB_ReadPacket                           0x0800c3e1   Thumb Code   190  stm32u5xx_ll_usb.o(.text.USB_ReadPacket)
    USB_SetCurrentMode                       0x0800c4a1   Thumb Code   106  stm32u5xx_ll_usb.o(.text.USB_SetCurrentMode)
    USB_SetTurnaroundTime                    0x0800c50d   Thumb Code   288  stm32u5xx_ll_usb.o(.text.USB_SetTurnaroundTime)
    USB_WritePacket                          0x0800c62d   Thumb Code   118  stm32u5xx_ll_usb.o(.text.USB_WritePacket)
    UsageFault_Handler                       0x0800c6a5   Thumb Code     2  stm32u5xx_it.o(.text.UsageFault_Handler)
    configureTimerForRunTimeStats            0x0800c6a9   Thumb Code     2  app_freertos.o(.text.configureTimerForRunTimeStats)
    disk_initialize                          0x0800cc49   Thumb Code     4  diskio.o(.text.disk_initialize)
    disk_ioctl                               0x0800cc4d   Thumb Code     4  diskio.o(.text.disk_ioctl)
    disk_read                                0x0800cc51   Thumb Code     4  diskio.o(.text.disk_read)
    disk_status                              0x0800cc55   Thumb Code     4  diskio.o(.text.disk_status)
    disk_write                               0x0800cc59   Thumb Code     4  diskio.o(.text.disk_write)
    eTaskConfirmSleepModeStatus              0x0800cc5d   Thumb Code    48  tasks.o(.text.eTaskConfirmSleepModeStatus)
    eTaskGetState                            0x0800cc8d   Thumb Code   128  tasks.o(.text.eTaskGetState)
    f_close                                  0x0800cd0d   Thumb Code    52  ff.o(.text.f_close)
    f_mkdir                                  0x0800cd41   Thumb Code   728  ff.o(.text.f_mkdir)
    f_mount                                  0x0800d019   Thumb Code   258  ff.o(.text.f_mount)
    f_open                                   0x0800d11d   Thumb Code   900  ff.o(.text.f_open)
    f_read                                   0x0800d4a1   Thumb Code   610  ff.o(.text.f_read)
    f_stat                                   0x0800d705   Thumb Code   184  ff.o(.text.f_stat)
    f_sync                                   0x0800d7bd   Thumb Code   300  ff.o(.text.f_sync)
    f_write                                  0x0800d8e9   Thumb Code   662  ff.o(.text.f_write)
    fputc                                    0x0800e749   Thumb Code    32  usart.o(.text.fputc)
    getRunTimeCounterValue                   0x0800e769   Thumb Code     4  app_freertos.o(.text.getRunTimeCounterValue)
    main                                     0x0800ea39   Thumb Code   416  main.o(.text.main)
    osDelay                                  0x0800ec5d   Thumb Code    62  cmsis_os2.o(.text.osDelay)
    osKernelGetTickCount                     0x0800ec9d   Thumb Code    54  cmsis_os2.o(.text.osKernelGetTickCount)
    osKernelInitialize                       0x0800ecd5   Thumb Code    78  cmsis_os2.o(.text.osKernelInitialize)
    osKernelStart                            0x0800ed25   Thumb Code    94  cmsis_os2.o(.text.osKernelStart)
    osMutexAcquire                           0x0800ed85   Thumb Code   112  cmsis_os2.o(.text.osMutexAcquire)
    osMutexNew                               0x0800edf5   Thumb Code   168  cmsis_os2.o(.text.osMutexNew)
    osMutexRelease                           0x0800ee9d   Thumb Code   102  cmsis_os2.o(.text.osMutexRelease)
    osThreadNew                              0x0800ef05   Thumb Code   212  cmsis_os2.o(.text.osThreadNew)
    osThreadTerminate                        0x0800efd9   Thumb Code    82  cmsis_os2.o(.text.osThreadTerminate)
    pvPortMalloc                             0x0800fbb1   Thumb Code   494  heap_4.o(.text.pvPortMalloc)
    pvTaskIncrementMutexHeldCount            0x0800fda1   Thumb Code    24  tasks.o(.text.pvTaskIncrementMutexHeldCount)
    pxPortInitialiseStack                    0x0800fdb9   Thumb Code   110  port.o(.text.pxPortInitialiseStack)
    ulSetInterruptMask                       0x0800ff05   Thumb Code    22  portasm.o(.text.ulSetInterruptMask)
    uxListRemove                             0x0800ff1d   Thumb Code    36  list.o(.text.uxListRemove)
    vApplicationGetIdleTaskMemory            0x0800ff41   Thumb Code    26  cmsis_os2.o(.text.vApplicationGetIdleTaskMemory)
    vApplicationGetTimerTaskMemory           0x0800ff5d   Thumb Code    28  cmsis_os2.o(.text.vApplicationGetTimerTaskMemory)
    vClearInterruptMask                      0x0800ff79   Thumb Code    14  portasm.o(.text.vClearInterruptMask)
    vListInitialise                          0x0800ff89   Thumb Code    22  list.o(.text.vListInitialise)
    vListInitialiseItem                      0x0800ffa1   Thumb Code     6  list.o(.text.vListInitialiseItem)
    vListInsert                              0x0800ffa9   Thumb Code    98  list.o(.text.vListInsert)
    vListInsertEnd                           0x0801000d   Thumb Code    28  list.o(.text.vListInsertEnd)
    vPortEnterCritical                       0x08010029   Thumb Code    30  port.o(.text.vPortEnterCritical)
    vPortExitCritical                        0x08010049   Thumb Code    46  port.o(.text.vPortExitCritical)
    vPortFree                                0x08010079   Thumb Code   188  heap_4.o(.text.vPortFree)
    vPortSVCHandler_C                        0x08010135   Thumb Code    54  port.o(.text.vPortSVCHandler_C)
    vPortSetupTimerInterrupt                 0x0801016d   Thumb Code    88  port.o(.text.vPortSetupTimerInterrupt)
    vPortSuppressTicksAndSleep               0x080101c5   Thumb Code   262  port.o(.text.vPortSuppressTicksAndSleep)
    vPortYield                               0x080102cd   Thumb Code    24  port.o(.text.vPortYield)
    vQueueAddToRegistry                      0x080102e5   Thumb Code   286  queue.o(.text.vQueueAddToRegistry)
    vQueueWaitForMessageRestricted           0x08010405   Thumb Code    82  queue.o(.text.vQueueWaitForMessageRestricted)
    vRestoreContextOfFirstTask               0x08010461   Thumb Code    52  portasm.o(.text.vRestoreContextOfFirstTask)
    vStartFirstTask                          0x080104a1   Thumb Code    36  portasm.o(.text.vStartFirstTask)
    vTaskDelay                               0x080104c5   Thumb Code   100  tasks.o(.text.vTaskDelay)
    vTaskDelete                              0x08010529   Thumb Code   194  tasks.o(.text.vTaskDelete)
    vTaskInternalSetTimeOutState             0x080105ed   Thumb Code    18  tasks.o(.text.vTaskInternalSetTimeOutState)
    vTaskMissedYield                         0x08010601   Thumb Code    14  tasks.o(.text.vTaskMissedYield)
    vTaskPlaceOnEventList                    0x08010611   Thumb Code    42  tasks.o(.text.vTaskPlaceOnEventList)
    vTaskPlaceOnEventListRestricted          0x0801063d   Thumb Code   132  tasks.o(.text.vTaskPlaceOnEventListRestricted)
    vTaskPriorityDisinheritAfterTimeout      0x080106c1   Thumb Code   156  tasks.o(.text.vTaskPriorityDisinheritAfterTimeout)
    vTaskStartScheduler                      0x0801075d   Thumb Code   184  tasks.o(.text.vTaskStartScheduler)
    vTaskStepTick                            0x0801081d   Thumb Code    36  tasks.o(.text.vTaskStepTick)
    vTaskSuspendAll                          0x08010841   Thumb Code    16  tasks.o(.text.vTaskSuspendAll)
    vTaskSwitchContext                       0x08010851   Thumb Code   188  tasks.o(.text.vTaskSwitchContext)
    xPortStartScheduler                      0x0801090d   Thumb Code    92  port.o(.text.xPortStartScheduler)
    xPortSysTickHandler                      0x08010969   Thumb Code    38  port.o(.text.xPortSysTickHandler)
    xQueueCreateMutex                        0x08010991   Thumb Code   116  queue.o(.text.xQueueCreateMutex)
    xQueueCreateMutexStatic                  0x08010a05   Thumb Code    48  queue.o(.text.xQueueCreateMutexStatic)
    xQueueGenericCreateStatic                0x08010a35   Thumb Code   160  queue.o(.text.xQueueGenericCreateStatic)
    xQueueGenericSend                        0x08010ad5   Thumb Code   452  queue.o(.text.xQueueGenericSend)
    xQueueGiveMutexRecursive                 0x08010c99   Thumb Code    54  queue.o(.text.xQueueGiveMutexRecursive)
    xQueueReceive                            0x08010cd1   Thumb Code   346  queue.o(.text.xQueueReceive)
    xQueueSemaphoreTake                      0x08010e2d   Thumb Code   378  queue.o(.text.xQueueSemaphoreTake)
    xQueueTakeMutexRecursive                 0x08010fa9   Thumb Code    62  queue.o(.text.xQueueTakeMutexRecursive)
    xTaskCheckForTimeOut                     0x08010fe9   Thumb Code   138  tasks.o(.text.xTaskCheckForTimeOut)
    xTaskCreate                              0x08011075   Thumb Code    96  tasks.o(.text.xTaskCreate)
    xTaskCreateStatic                        0x080110d5   Thumb Code    82  tasks.o(.text.xTaskCreateStatic)
    xTaskGetCurrentTaskHandle                0x08011129   Thumb Code    12  tasks.o(.text.xTaskGetCurrentTaskHandle)
    xTaskGetSchedulerState                   0x08011135   Thumb Code    30  tasks.o(.text.xTaskGetSchedulerState)
    xTaskGetTickCount                        0x08011155   Thumb Code    12  tasks.o(.text.xTaskGetTickCount)
    xTaskGetTickCountFromISR                 0x08011161   Thumb Code    12  tasks.o(.text.xTaskGetTickCountFromISR)
    xTaskIncrementTick                       0x0801116d   Thumb Code   372  tasks.o(.text.xTaskIncrementTick)
    xTaskPriorityDisinherit                  0x080112e1   Thumb Code   138  tasks.o(.text.xTaskPriorityDisinherit)
    xTaskPriorityInherit                     0x0801136d   Thumb Code   166  tasks.o(.text.xTaskPriorityInherit)
    xTaskRemoveFromEventList                 0x08011415   Thumb Code   248  tasks.o(.text.xTaskRemoveFromEventList)
    xTaskResumeAll                           0x0801150d   Thumb Code   330  tasks.o(.text.xTaskResumeAll)
    xTimerCreateTimerTask                    0x08011659   Thumb Code   164  timers.o(.text.xTimerCreateTimerTask)
    __0printf                                0x08011705   Thumb Code    22  printfa.o(i.__0printf)
    __1printf                                0x08011705   Thumb Code     0  printfa.o(i.__0printf)
    __2printf                                0x08011705   Thumb Code     0  printfa.o(i.__0printf)
    __c89printf                              0x08011705   Thumb Code     0  printfa.o(i.__0printf)
    printf                                   0x08011705   Thumb Code     0  printfa.o(i.__0printf)
    __0snprintf                              0x08011725   Thumb Code    48  printfa.o(i.__0snprintf)
    __1snprintf                              0x08011725   Thumb Code     0  printfa.o(i.__0snprintf)
    __2snprintf                              0x08011725   Thumb Code     0  printfa.o(i.__0snprintf)
    __c89snprintf                            0x08011725   Thumb Code     0  printfa.o(i.__0snprintf)
    snprintf                                 0x08011725   Thumb Code     0  printfa.o(i.__0snprintf)
    __scatterload_copy                       0x08011759   Thumb Code    14  handlers.o(i.__scatterload_copy)
    __scatterload_null                       0x08011767   Thumb Code     2  handlers.o(i.__scatterload_null)
    __scatterload_zeroinit                   0x08011769   Thumb Code    14  handlers.o(i.__scatterload_zeroinit)
    puts                                     0x08012041   Thumb Code    30  puts.o(i.puts)
    AHBPrescTable                            0x08012108   Data          16  system_stm32u5xx.o(.rodata.AHBPrescTable)
    APBPrescTable                            0x08012118   Data           8  system_stm32u5xx.o(.rodata.APBPrescTable)
    MSIRangeTable                            0x08012370   Data          64  system_stm32u5xx.o(.rodata.MSIRangeTable)
    UARTPrescTable                           0x080123b0   Data          24  stm32u5xx_hal_uart.o(.rodata.UARTPrescTable)
    h3lis100dlTask_attributes                0x080123d8   Data          36  app_freertos.o(.rodata.h3lis100dlTask_attributes)
    loggerTask_attributes                    0x080123fc   Data          36  app_freertos.o(.rodata.loggerTask_attributes)
    lsm6dsoxTask_attributes                  0x08012420   Data          36  app_freertos.o(.rodata.lsm6dsoxTask_attributes)
    qma6100pTask_attributes                  0x08012444   Data          36  app_freertos.o(.rodata.qma6100pTask_attributes)
    uxTopUsedPriority                        0x08013130   Data           4  tasks.o(.rodata.uxTopUsedPriority)
    Region$$Table$$Base                      0x08013134   Number         0  anon$$obj.o(Region$$Table)
    Region$$Table$$Limit                     0x08013154   Number         0  anon$$obj.o(Region$$Table)
    __stdout                                 0x20000000   Data           4  stdout.o(.data)
    uwTickFreq                               0x20000004   Data           1  stm32u5xx_hal.o(.data..L_MergedGlobals)
    uwTickPrio                               0x20000008   Data           4  stm32u5xx_hal.o(.data..L_MergedGlobals)
    SystemCoreClock                          0x20000014   Data           4  system_stm32u5xx.o(.data.SystemCoreClock)
    lsm6dsoxTaskHandle                       0x20000028   Data           4  app_freertos.o(.bss..L_MergedGlobals)
    h3lis100dlTaskHandle                     0x2000002c   Data           4  app_freertos.o(.bss..L_MergedGlobals)
    qma6100pTaskHandle                       0x20000030   Data           4  app_freertos.o(.bss..L_MergedGlobals)
    loggerTaskHandle                         0x20000034   Data           4  app_freertos.o(.bss..L_MergedGlobals)
    pxCurrentTCB                             0x200000b4   Data           4  tasks.o(.bss..L_MergedGlobals)
    hpcd_USB_OTG_FS                          0x20000634   Data        1252  usb_otg.o(.bss.hpcd_USB_OTG_FS)
    hsd1                                     0x20000b18   Data         124  sdmmc.o(.bss.hsd1)
    hspi1                                    0x20000b94   Data         144  bsp_spi.o(.bss.hspi1)
    hspi2                                    0x20000c24   Data         144  bsp_spi.o(.bss.hspi2)
    htim6                                    0x20000cb4   Data          76  stm32u5xx_hal_timebase_tim.o(.bss.htim6)
    huart1                                   0x20000d00   Data         148  usart.o(.bss.huart1)
    uwTick                                   0x200052e4   Data           4  stm32u5xx_hal.o(.bss.uwTick)
    xQueueRegistry                           0x200059a8   Data          64  queue.o(.bss.xQueueRegistry)
    __initial_sp                             0x20005de8   Data           0  startup_stm32u575xx.o(STACK)



==============================================================================

Memory Map of the image

  Image Entry point : 0x08000239

  Load Region LR_IROM1 (Base: 0x08000000, Size: 0x00013178, Max: 0x00200000, ABSOLUTE)

    Execution Region ER_IROM1 (Exec base: 0x08000000, Load base: 0x08000000, Size: 0x00013154, Max: 0x00200000, ABSOLUTE)

    Exec Addr    Load Addr    Size         Type   Attr      Idx    E Section Name        Object

    0x08000000   0x08000000   0x00000238   Data   RO            3    RESET               startup_stm32u575xx.o
    0x08000238   0x08000238   0x00000000   Code   RO         3072  * .ARM.Collect$$$$00000000  mc_w.l(entry.o)
    0x08000238   0x08000238   0x00000004   Code   RO         3356    .ARM.Collect$$$$00000001  mc_w.l(entry2.o)
    0x0800023c   0x0800023c   0x00000004   Code   RO         3359    .ARM.Collect$$$$00000004  mc_w.l(entry5.o)
    0x08000240   0x08000240   0x00000000   Code   RO         3361    .ARM.Collect$$$$00000008  mc_w.l(entry7b.o)
    0x08000240   0x08000240   0x00000000   Code   RO         3363    .ARM.Collect$$$$0000000A  mc_w.l(entry8b.o)
    0x08000240   0x08000240   0x00000008   Code   RO         3364    .ARM.Collect$$$$0000000B  mc_w.l(entry9a.o)
    0x08000248   0x08000248   0x00000000   Code   RO         3366    .ARM.Collect$$$$0000000D  mc_w.l(entry10a.o)
    0x08000248   0x08000248   0x00000000   Code   RO         3368    .ARM.Collect$$$$0000000F  mc_w.l(entry11a.o)
    0x08000248   0x08000248   0x00000004   Code   RO         3357    .ARM.Collect$$$$00002712  mc_w.l(entry2.o)
    0x0800024c   0x0800024c   0x00000028   Code   RO            4    .text               startup_stm32u575xx.o
    0x08000274   0x08000274   0x00000062   Code   RO         3079    .text               mc_w.l(uldiv.o)
    0x080002d6   0x080002d6   0x00000024   Code   RO         3081    .text               mc_w.l(memcpya.o)
    0x080002fa   0x080002fa   0x00000024   Code   RO         3083    .text               mc_w.l(memseta.o)
    0x0800031e   0x0800031e   0x0000001a   Code   RO         3087    .text               mc_w.l(memcmp.o)
    0x08000338   0x08000338   0x00000026   Code   RO         3354    .text               mf_w.l(f2d.o)
    0x0800035e   0x0800035e   0x0000002c   Code   RO         3380    .text               mc_w.l(uidiv.o)
    0x0800038a   0x0800038a   0x0000001e   Code   RO         3382    .text               mc_w.l(llshl.o)
    0x080003a8   0x080003a8   0x00000020   Code   RO         3384    .text               mc_w.l(llushr.o)
    0x080003c8   0x080003c8   0x00000000   Code   RO         3386    .text               mc_w.l(iusefp.o)
    0x080003c8   0x080003c8   0x0000014e   Code   RO         3387    .text               mf_w.l(dadd.o)
    0x08000516   0x08000516   0x000000e4   Code   RO         3389    .text               mf_w.l(dmul.o)
    0x080005fa   0x080005fa   0x000000de   Code   RO         3391    .text               mf_w.l(ddiv.o)
    0x080006d8   0x080006d8   0x00000030   Code   RO         3393    .text               mf_w.l(dfixul.o)
    0x08000708   0x08000708   0x00000030   Code   RO         3395    .text               mf_w.l(cdrcmple.o)
    0x08000738   0x08000738   0x00000024   Code   RO         3397    .text               mc_w.l(init.o)
    0x0800075c   0x0800075c   0x00000024   Code   RO         3399    .text               mc_w.l(llsshr.o)
    0x08000780   0x08000780   0x000000ba   Code   RO         3401    .text               mf_w.l(depilogue.o)
    0x0800083a   0x0800083a   0x00000002   PAD
    0x0800083c   0x0800083c   0x00000002   Code   RO           85    .text.BusFault_Handler  stm32u5xx_it.o
    0x0800083e   0x0800083e   0x00000002   PAD
    0x08000840   0x08000840   0x00000002   Code   RO           89    .text.DebugMon_Handler  stm32u5xx_it.o
    0x08000842   0x08000842   0x00000002   PAD
    0x08000844   0x08000844   0x0000000a   Code   RO           15    .text.Error_Handler  main.o
    0x0800084e   0x0800084e   0x00000002   PAD
    0x08000850   0x08000850   0x00000246   Code   RO          189    .text.FatFs_SD_LoggerAppendRow  fatfs_sd.o
    0x08000a96   0x08000a96   0x00000002   PAD
    0x08000a98   0x08000a98   0x00000280   Code   RO          187    .text.FatFs_SD_LoggerStart  fatfs_sd.o
    0x08000d18   0x08000d18   0x00000048   Code   RO          193    .text.FatFs_SD_LoggerStop  fatfs_sd.o
    0x08000d60   0x08000d60   0x0000001e   Code   RO          191    .text.FatFs_SD_LoggerSync  fatfs_sd.o
    0x08000d7e   0x08000d7e   0x00000002   PAD
    0x08000d80   0x08000d80   0x0000001e   Code   RO          181    .text.FatFs_SD_ResultToString  fatfs_sd.o
    0x08000d9e   0x08000d9e   0x00000002   PAD
    0x08000da0   0x08000da0   0x0000058c   Code   RO          195    .text.FatFs_SD_RunPhaseBSmokeTest  fatfs_sd.o
    0x0800132c   0x0800132c   0x000000d4   Code   RO         2984    .text.H3LIS100DL_DiagBitBangTransfer  h3lis100dl.o
    0x08001400   0x08001400   0x000000fe   Code   RO         2982    .text.H3LIS100DL_DiagReadWhoAmIRaw  h3lis100dl.o
    0x080014fe   0x080014fe   0x00000002   PAD
    0x08001500   0x08001500   0x0000021c   Code   RO         2980    .text.H3LIS100DL_DiagRunBitBangRead  h3lis100dl.o
    0x0800171c   0x0800171c   0x00000340   Code   RO         2966    .text.H3LIS100DL_Init  h3lis100dl.o
    0x08001a5c   0x08001a5c   0x000006c0   Code   RO         2968    .text.H3LIS100DL_PrintInitDiagnostics  h3lis100dl.o
    0x0800211c   0x0800211c   0x00000184   Code   RO         2972    .text.H3LIS100DL_ReadAccXYZ  h3lis100dl.o
    0x080022a0   0x080022a0   0x00000028   Code   RO          340    .text.HAL_Delay     stm32u5xx_hal.o
    0x080022c8   0x080022c8   0x0000021a   Code   RO          896    .text.HAL_GPIO_Init  stm32u5xx_hal_gpio.o
    0x080024e2   0x080024e2   0x00000002   PAD
    0x080024e4   0x080024e4   0x0000000a   Code   RO          900    .text.HAL_GPIO_ReadPin  stm32u5xx_hal_gpio.o
    0x080024ee   0x080024ee   0x00000002   PAD
    0x080024f0   0x080024f0   0x0000000c   Code   RO          902    .text.HAL_GPIO_WritePin  stm32u5xx_hal_gpio.o
    0x080024fc   0x080024fc   0x0000000c   Code   RO          332    .text.HAL_GetTick   stm32u5xx_hal.o
    0x08002508   0x08002508   0x00000044   Code   RO          290    .text.HAL_ICACHE_Disable  stm32u5xx_hal_icache.o
    0x0800254c   0x0800254c   0x0000004c   Code   RO          310    .text.HAL_ICACHE_EnableRemapRegion  stm32u5xx_hal_icache.o
    0x08002598   0x08002598   0x0000001a   Code   RO          330    .text.HAL_IncTick   stm32u5xx_hal.o
    0x080025b2   0x080025b2   0x00000002   PAD
    0x080025b4   0x080025b4   0x00000056   Code   RO          320    .text.HAL_Init      stm32u5xx_hal.o
    0x0800260a   0x0800260a   0x00000002   PAD
    0x0800260c   0x0800260c   0x000000a2   Code   RO          112    .text.HAL_InitTick  stm32u5xx_hal_timebase_tim.o
    0x080026ae   0x080026ae   0x00000002   PAD
    0x080026b0   0x080026b0   0x00000034   Code   RO          104    .text.HAL_MspInit   stm32u5xx_hal_msp.o
    0x080026e4   0x080026e4   0x00000020   Code   RO          232    .text.HAL_NVIC_EnableIRQ  stm32u5xx_hal_cortex.o
    0x08002704   0x08002704   0x00000056   Code   RO          230    .text.HAL_NVIC_SetPriority  stm32u5xx_hal_cortex.o
    0x0800275a   0x0800275a   0x00000002   PAD
    0x0800275c   0x0800275c   0x00000020   Code   RO          228    .text.HAL_NVIC_SetPriorityGrouping  stm32u5xx_hal_cortex.o
    0x0800277c   0x0800277c   0x00000026   Code   RO         2145    .text.HAL_PCDEx_ActivateLPM  stm32u5xx_hal_pcd_ex.o
    0x080027a2   0x080027a2   0x00000002   PAD
    0x080027a4   0x080027a4   0x00000002   Code   RO         2157    .text.HAL_PCDEx_LPM_Callback  stm32u5xx_hal_pcd_ex.o
    0x080027a6   0x080027a6   0x00000002   PAD
    0x080027a8   0x080027a8   0x00000002   Code   RO         2095    .text.HAL_PCD_ConnectCallback  stm32u5xx_hal_pcd.o
    0x080027aa   0x080027aa   0x00000002   PAD
    0x080027ac   0x080027ac   0x00000002   Code   RO         2081    .text.HAL_PCD_DataInStageCallback  stm32u5xx_hal_pcd.o
    0x080027ae   0x080027ae   0x00000002   PAD
    0x080027b0   0x080027b0   0x00000002   Code   RO         2099    .text.HAL_PCD_DataOutStageCallback  stm32u5xx_hal_pcd.o
    0x080027b2   0x080027b2   0x00000002   PAD
    0x080027b4   0x080027b4   0x00000002   Code   RO         2097    .text.HAL_PCD_DisconnectCallback  stm32u5xx_hal_pcd.o
    0x080027b6   0x080027b6   0x00000002   PAD
    0x080027b8   0x080027b8   0x000009e4   Code   RO         2077    .text.HAL_PCD_IRQHandler  stm32u5xx_hal_pcd.o
    0x0800319c   0x0800319c   0x00000002   Code   RO         2083    .text.HAL_PCD_ISOINIncompleteCallback  stm32u5xx_hal_pcd.o
    0x0800319e   0x0800319e   0x00000002   PAD
    0x080031a0   0x080031a0   0x00000002   Code   RO         2079    .text.HAL_PCD_ISOOUTIncompleteCallback  stm32u5xx_hal_pcd.o
    0x080031a2   0x080031a2   0x00000002   PAD
    0x080031a4   0x080031a4   0x00000282   Code   RO         2065    .text.HAL_PCD_Init  stm32u5xx_hal_pcd.o
    0x08003426   0x08003426   0x00000002   PAD
    0x08003428   0x08003428   0x000000d0   Code   RO          215    .text.HAL_PCD_MspInit  usb_otg.o
    0x080034f8   0x080034f8   0x00000002   Code   RO         2089    .text.HAL_PCD_ResetCallback  stm32u5xx_hal_pcd.o
    0x080034fa   0x080034fa   0x00000002   PAD
    0x080034fc   0x080034fc   0x00000002   Code   RO         2085    .text.HAL_PCD_ResumeCallback  stm32u5xx_hal_pcd.o
    0x080034fe   0x080034fe   0x00000002   PAD
    0x08003500   0x08003500   0x00000002   Code   RO         2091    .text.HAL_PCD_SOFCallback  stm32u5xx_hal_pcd.o
    0x08003502   0x08003502   0x00000002   PAD
    0x08003504   0x08003504   0x00000002   Code   RO         2101    .text.HAL_PCD_SetupStageCallback  stm32u5xx_hal_pcd.o
    0x08003506   0x08003506   0x00000002   PAD
    0x08003508   0x08003508   0x00000002   Code   RO         2087    .text.HAL_PCD_SuspendCallback  stm32u5xx_hal_pcd.o
    0x0800350a   0x0800350a   0x00000002   PAD
    0x0800350c   0x0800350c   0x0000012e   Code   RO         1118    .text.HAL_PWREx_ControlVoltageScaling  stm32u5xx_hal_pwr_ex.o
    0x0800363a   0x0800363a   0x00000002   PAD
    0x0800363c   0x0800363c   0x00000012   Code   RO         1188    .text.HAL_PWREx_DisableUCPDDeadBattery  stm32u5xx_hal_pwr_ex.o
    0x0800364e   0x0800364e   0x00000002   PAD
    0x08003650   0x08003650   0x00000012   Code   RO         1150    .text.HAL_PWREx_EnableVddUSB  stm32u5xx_hal_pwr_ex.o
    0x08003662   0x08003662   0x00000002   PAD
    0x08003664   0x08003664   0x00000010   Code   RO         1120    .text.HAL_PWREx_GetVoltageRange  stm32u5xx_hal_pwr_ex.o
    0x08003674   0x08003674   0x00000198   Code   RO          747    .text.HAL_RCCEx_GetPLL1ClockFreq  stm32u5xx_hal_rcc_ex.o
    0x0800380c   0x0800380c   0x00000198   Code   RO          749    .text.HAL_RCCEx_GetPLL2ClockFreq  stm32u5xx_hal_rcc_ex.o
    0x080039a4   0x080039a4   0x00000198   Code   RO          751    .text.HAL_RCCEx_GetPLL3ClockFreq  stm32u5xx_hal_rcc_ex.o
    0x08003b3c   0x08003b3c   0x00000a8e   Code   RO          753    .text.HAL_RCCEx_GetPeriphCLKFreq  stm32u5xx_hal_rcc_ex.o
    0x080045ca   0x080045ca   0x00000002   PAD
    0x080045cc   0x080045cc   0x00000656   Code   RO          739    .text.HAL_RCCEx_PeriphCLKConfig  stm32u5xx_hal_rcc_ex.o
    0x08004c22   0x08004c22   0x00000002   PAD
    0x08004c24   0x08004c24   0x000002fe   Code   RO          703    .text.HAL_RCC_ClockConfig  stm32u5xx_hal_rcc.o
    0x08004f22   0x08004f22   0x00000002   PAD
    0x08004f24   0x08004f24   0x0000004c   Code   RO          717    .text.HAL_RCC_GetClockConfig  stm32u5xx_hal_rcc.o
    0x08004f70   0x08004f70   0x0000002c   Code   RO          701    .text.HAL_RCC_GetHCLKFreq  stm32u5xx_hal_rcc.o
    0x08004f9c   0x08004f9c   0x0000003e   Code   RO          709    .text.HAL_RCC_GetPCLK1Freq  stm32u5xx_hal_rcc.o
    0x08004fda   0x08004fda   0x00000002   PAD
    0x08004fdc   0x08004fdc   0x0000003e   Code   RO          711    .text.HAL_RCC_GetPCLK2Freq  stm32u5xx_hal_rcc.o
    0x0800501a   0x0800501a   0x00000002   PAD
    0x0800501c   0x0800501c   0x0000003e   Code   RO          713    .text.HAL_RCC_GetPCLK3Freq  stm32u5xx_hal_rcc.o
    0x0800505a   0x0800505a   0x00000002   PAD
    0x0800505c   0x0800505c   0x00000110   Code   RO          705    .text.HAL_RCC_GetSysClockFreq  stm32u5xx_hal_rcc.o
    0x0800516c   0x0800516c   0x00000b8c   Code   RO          699    .text.HAL_RCC_OscConfig  stm32u5xx_hal_rcc.o
    0x08005cf8   0x08005cf8   0x00000002   Code   RO         1863    .text.HAL_SDEx_Read_DMALnkLstBufCpltCallback  stm32u5xx_hal_sd.o
    0x08005cfa   0x08005cfa   0x00000002   PAD
    0x08005cfc   0x08005cfc   0x00000002   Code   RO         1861    .text.HAL_SDEx_Write_DMALnkLstBufCpltCallback  stm32u5xx_hal_sd.o
    0x08005cfe   0x08005cfe   0x00000002   PAD
    0x08005d00   0x08005d00   0x000001ae   Code   RO         1831    .text.HAL_SD_ConfigWideBusOperation  stm32u5xx_hal_sd.o
    0x08005eae   0x08005eae   0x00000002   PAD
    0x08005eb0   0x08005eb0   0x00000002   Code   RO         1855    .text.HAL_SD_ErrorCallback  stm32u5xx_hal_sd.o
    0x08005eb2   0x08005eb2   0x00000002   PAD
    0x08005eb4   0x08005eb4   0x00000182   Code   RO         1873    .text.HAL_SD_GetCardCSD  stm32u5xx_hal_sd.o
    0x08006036   0x08006036   0x00000002   PAD
    0x08006038   0x08006038   0x00000024   Code   RO         1875    .text.HAL_SD_GetCardInfo  stm32u5xx_hal_sd.o
    0x0800605c   0x0800605c   0x0000002a   Code   RO         1833    .text.HAL_SD_GetCardState  stm32u5xx_hal_sd.o
    0x08006086   0x08006086   0x00000002   PAD
    0x08006088   0x08006088   0x000001da   Code   RO         1829    .text.HAL_SD_GetCardStatus  stm32u5xx_hal_sd.o
    0x08006262   0x08006262   0x00000002   PAD
    0x08006264   0x08006264   0x000002de   Code   RO         1853    .text.HAL_SD_IRQHandler  stm32u5xx_hal_sd.o
    0x08006542   0x08006542   0x00000002   PAD
    0x08006544   0x08006544   0x000000c2   Code   RO         1823    .text.HAL_SD_Init   stm32u5xx_hal_sd.o
    0x08006606   0x08006606   0x00000002   PAD
    0x08006608   0x08006608   0x0000028e   Code   RO         1827    .text.HAL_SD_InitCard  stm32u5xx_hal_sd.o
    0x08006896   0x08006896   0x00000002   PAD
    0x08006898   0x08006898   0x000000d4   Code   RO          150    .text.HAL_SD_MspInit  sdmmc.o
    0x0800696c   0x0800696c   0x0000020e   Code   RO         1839    .text.HAL_SD_ReadBlocks  stm32u5xx_hal_sd.o
    0x08006b7a   0x08006b7a   0x00000002   PAD
    0x08006b7c   0x08006b7c   0x00000002   Code   RO         1857    .text.HAL_SD_RxCpltCallback  stm32u5xx_hal_sd.o
    0x08006b7e   0x08006b7e   0x00000002   PAD
    0x08006b80   0x08006b80   0x00000002   Code   RO         1859    .text.HAL_SD_TxCpltCallback  stm32u5xx_hal_sd.o
    0x08006b82   0x08006b82   0x00000002   PAD
    0x08006b84   0x08006b84   0x00000242   Code   RO         1841    .text.HAL_SD_WriteBlocks  stm32u5xx_hal_sd.o
    0x08006dc6   0x08006dc6   0x00000002   PAD
    0x08006dc8   0x08006dc8   0x00000032   Code   RO          579    .text.HAL_SPI_DeInit  stm32u5xx_hal_spi.o
    0x08006dfa   0x08006dfa   0x00000002   PAD
    0x08006dfc   0x08006dfc   0x0000017c   Code   RO          575    .text.HAL_SPI_Init  stm32u5xx_hal_spi.o
    0x08006f78   0x08006f78   0x00000002   Code   RO          581    .text.HAL_SPI_MspDeInit  stm32u5xx_hal_spi.o
    0x08006f7a   0x08006f7a   0x00000002   PAD
    0x08006f7c   0x08006f7c   0x00000002   Code   RO          577    .text.HAL_SPI_MspInit  stm32u5xx_hal_spi.o
    0x08006f7e   0x08006f7e   0x00000002   PAD
    0x08006f80   0x08006f80   0x000003d2   Code   RO          583    .text.HAL_SPI_Transmit  stm32u5xx_hal_spi.o
    0x08007352   0x08007352   0x00000002   PAD
    0x08007354   0x08007354   0x00000420   Code   RO          589    .text.HAL_SPI_TransmitReceive  stm32u5xx_hal_spi.o
    0x08007774   0x08007774   0x00000002   Code   RO         1608    .text.HAL_TIMEx_Break2Callback  stm32u5xx_hal_tim_ex.o
    0x08007776   0x08007776   0x00000002   PAD
    0x08007778   0x08007778   0x00000002   Code   RO         1606    .text.HAL_TIMEx_BreakCallback  stm32u5xx_hal_tim_ex.o
    0x0800777a   0x0800777a   0x00000002   PAD
    0x0800777c   0x0800777c   0x00000002   Code   RO         1602    .text.HAL_TIMEx_CommutCallback  stm32u5xx_hal_tim_ex.o
    0x0800777e   0x0800777e   0x00000002   PAD
    0x08007780   0x08007780   0x00000002   Code   RO         1612    .text.HAL_TIMEx_DirectionChangeCallback  stm32u5xx_hal_tim_ex.o
    0x08007782   0x08007782   0x00000002   PAD
    0x08007784   0x08007784   0x00000002   Code   RO         1610    .text.HAL_TIMEx_EncoderIndexCallback  stm32u5xx_hal_tim_ex.o
    0x08007786   0x08007786   0x00000002   PAD
    0x08007788   0x08007788   0x00000002   Code   RO         1614    .text.HAL_TIMEx_IndexErrorCallback  stm32u5xx_hal_tim_ex.o
    0x0800778a   0x0800778a   0x00000002   PAD
    0x0800778c   0x0800778c   0x00000002   Code   RO         1616    .text.HAL_TIMEx_TransitionErrorCallback  stm32u5xx_hal_tim_ex.o
    0x0800778e   0x0800778e   0x00000002   PAD
    0x08007790   0x08007790   0x00000062   Code   RO         1249    .text.HAL_TIM_Base_Init  stm32u5xx_hal_tim.o
    0x080077f2   0x080077f2   0x00000002   PAD
    0x080077f4   0x080077f4   0x00000002   Code   RO         1251    .text.HAL_TIM_Base_MspInit  stm32u5xx_hal_tim.o
    0x080077f6   0x080077f6   0x00000002   PAD
    0x080077f8   0x080077f8   0x0000010c   Code   RO         1263    .text.HAL_TIM_Base_Start_IT  stm32u5xx_hal_tim.o
    0x08007904   0x08007904   0x00000002   Code   RO         1387    .text.HAL_TIM_IC_CaptureCallback  stm32u5xx_hal_tim.o
    0x08007906   0x08007906   0x00000002   PAD
    0x08007908   0x08007908   0x00000210   Code   RO         1385    .text.HAL_TIM_IRQHandler  stm32u5xx_hal_tim.o
    0x08007b18   0x08007b18   0x00000002   Code   RO         1389    .text.HAL_TIM_OC_DelayElapsedCallback  stm32u5xx_hal_tim.o
    0x08007b1a   0x08007b1a   0x00000002   PAD
    0x08007b1c   0x08007b1c   0x00000002   Code   RO         1391    .text.HAL_TIM_PWM_PulseFinishedCallback  stm32u5xx_hal_tim.o
    0x08007b1e   0x08007b1e   0x00000002   PAD
    0x08007b20   0x08007b20   0x00000014   Code   RO           17    .text.HAL_TIM_PeriodElapsedCallback  main.o
    0x08007b34   0x08007b34   0x00000002   Code   RO         1395    .text.HAL_TIM_TriggerCallback  stm32u5xx_hal_tim.o
    0x08007b36   0x08007b36   0x00000002   PAD
    0x08007b38   0x08007b38   0x00000036   Code   RO         1794    .text.HAL_UARTEx_DisableFifoMode  stm32u5xx_hal_uart_ex.o
    0x08007b6e   0x08007b6e   0x00000002   PAD
    0x08007b70   0x08007b70   0x0000008c   Code   RO         1798    .text.HAL_UARTEx_SetRxFifoThreshold  stm32u5xx_hal_uart_ex.o
    0x08007bfc   0x08007bfc   0x0000008c   Code   RO         1796    .text.HAL_UARTEx_SetTxFifoThreshold  stm32u5xx_hal_uart_ex.o
    0x08007c88   0x08007c88   0x00000068   Code   RO         1635    .text.HAL_UART_Init  stm32u5xx_hal_uart.o
    0x08007cf0   0x08007cf0   0x00000096   Code   RO          129    .text.HAL_UART_MspInit  usart.o
    0x08007d86   0x08007d86   0x00000002   PAD
    0x08007d88   0x08007d88   0x000000de   Code   RO         1655    .text.HAL_UART_Transmit  stm32u5xx_hal_uart.o
    0x08007e66   0x08007e66   0x00000002   PAD
    0x08007e68   0x08007e68   0x00000002   Code   RO           81    .text.HardFault_Handler  stm32u5xx_it.o
    0x08007e6a   0x08007e6a   0x00000002   PAD
    0x08007e6c   0x08007e6c   0x000002dc   Code   RO         2911    .text.LSM6DSOX_Configure  lsm6dsox.o
    0x08008148   0x08008148   0x0000022c   Code   RO         2913    .text.LSM6DSOX_Init  lsm6dsox.o
    0x08008374   0x08008374   0x0000018c   Code   RO         2921    .text.LSM6DSOX_ReadAllData  lsm6dsox.o
    0x08008500   0x08008500   0x000000c8   Code   RO         2907    .text.LSM6DSOX_ReadID  lsm6dsox.o
    0x080085c8   0x080085c8   0x000000c8   Code   RO         2909    .text.LSM6DSOX_ReadStatus  lsm6dsox.o
    0x08008690   0x08008690   0x00000088   Code   RO           45    .text.MX_FREERTOS_Init  app_freertos.o
    0x08008718   0x08008718   0x00000042   Code   RO           29    .text.MX_GPIO_Init  gpio.o
    0x0800875a   0x0800875a   0x00000002   PAD
    0x0800875c   0x0800875c   0x00000032   Code   RO           71    .text.MX_ICACHE_Init  icache.o
    0x0800878e   0x0800878e   0x00000002   PAD
    0x08008790   0x08008790   0x0000004c   Code   RO          148    .text.MX_SDMMC1_SD_Init  sdmmc.o
    0x080087dc   0x080087dc   0x000000fa   Code   RO         2894    .text.MX_SPI1_Init  bsp_spi.o
    0x080088d6   0x080088d6   0x00000002   PAD
    0x080088d8   0x080088d8   0x0000013c   Code   RO         2896    .text.MX_SPI2_Init  bsp_spi.o
    0x08008a14   0x08008a14   0x00000084   Code   RO          127    .text.MX_USART1_UART_Init  usart.o
    0x08008a98   0x08008a98   0x0000003a   Code   RO          213    .text.MX_USB_OTG_FS_PCD_Init  usb_otg.o
    0x08008ad2   0x08008ad2   0x00000002   PAD
    0x08008ad4   0x08008ad4   0x00000002   Code   RO           83    .text.MemManage_Handler  stm32u5xx_it.o
    0x08008ad6   0x08008ad6   0x00000002   PAD
    0x08008ad8   0x08008ad8   0x00000002   Code   RO           79    .text.NMI_Handler   stm32u5xx_it.o
    0x08008ada   0x08008ada   0x00000002   PAD
    0x08008adc   0x08008adc   0x0000000c   Code   RO           93    .text.OTG_FS_IRQHandler  stm32u5xx_it.o
    0x08008ae8   0x08008ae8   0x00000008   PAD
    0x08008af0   0x08008af0   0x00000064   Code   RO         2697    .text.PendSV_Handler  portasm.o
    0x08008b54   0x08008b54   0x00000002   Code   RO           43    .text.PostSleepProcessing  app_freertos.o
    0x08008b56   0x08008b56   0x00000002   PAD
    0x08008b58   0x08008b58   0x00000002   Code   RO           41    .text.PreSleepProcessing  app_freertos.o
    0x08008b5a   0x08008b5a   0x00000002   PAD
    0x08008b5c   0x08008b5c   0x000000d4   Code   RO         2954    .text.QMA6100P_DiagBitBangTransfer  qma6100p.o
    0x08008c30   0x08008c30   0x000000fa   Code   RO         2952    .text.QMA6100P_DiagReadChipIdRaw  qma6100p.o
    0x08008d2a   0x08008d2a   0x00000002   PAD
    0x08008d2c   0x08008d2c   0x00000218   Code   RO         2950    .text.QMA6100P_DiagRunBitBangRead  qma6100p.o
    0x08008f44   0x08008f44   0x00000934   Code   RO         2934    .text.QMA6100P_Init  qma6100p.o
    0x08009878   0x08009878   0x00000718   Code   RO         2936    .text.QMA6100P_PrintInitDiagnostics  qma6100p.o
    0x08009f90   0x08009f90   0x00000084   Code   RO         2942    .text.QMA6100P_ReadAccXYZ  qma6100p.o
    0x0800a014   0x0800a014   0x00000164   Code   RO         2940    .text.QMA6100P_ReadRawXYZ  qma6100p.o
    0x0800a178   0x0800a178   0x000000f8   Code   RO          741    .text.RCCEx_PLL2_Config  stm32u5xx_hal_rcc_ex.o
    0x0800a270   0x0800a270   0x000000f8   Code   RO          743    .text.RCCEx_PLL3_Config  stm32u5xx_hal_rcc_ex.o
    0x0800a368   0x0800a368   0x0000000c   Code   RO           95    .text.SDMMC1_IRQHandler  stm32u5xx_it.o
    0x0800a374   0x0800a374   0x0000001a   Code   RO          146    .text.SDMMC1_IsCardDetected  sdmmc.o
    0x0800a38e   0x0800a38e   0x00000002   PAD
    0x0800a390   0x0800a390   0x00000022   Code   RO         1983    .text.SDMMC_CmdAppCommand  stm32u5xx_ll_sdmmc.o
    0x0800a3b2   0x0800a3b2   0x00000002   PAD
    0x0800a3b4   0x0800a3b4   0x00000096   Code   RO         1985    .text.SDMMC_CmdAppOperCommand  stm32u5xx_ll_sdmmc.o
    0x0800a44a   0x0800a44a   0x00000002   PAD
    0x0800a44c   0x0800a44c   0x00000022   Code   RO         1949    .text.SDMMC_CmdBlockLength  stm32u5xx_ll_sdmmc.o
    0x0800a46e   0x0800a46e   0x00000002   PAD
    0x0800a470   0x0800a470   0x00000022   Code   RO         1989    .text.SDMMC_CmdBusWidth  stm32u5xx_ll_sdmmc.o
    0x0800a492   0x0800a492   0x00000002   PAD
    0x0800a494   0x0800a494   0x0000006a   Code   RO         1977    .text.SDMMC_CmdGoIdleState  stm32u5xx_ll_sdmmc.o
    0x0800a4fe   0x0800a4fe   0x00000002   PAD
    0x0800a500   0x0800a500   0x000000b0   Code   RO         1979    .text.SDMMC_CmdOperCond  stm32u5xx_ll_sdmmc.o
    0x0800a5b0   0x0800a5b0   0x00000022   Code   RO         1957    .text.SDMMC_CmdReadMultiBlock  stm32u5xx_ll_sdmmc.o
    0x0800a5d2   0x0800a5d2   0x00000002   PAD
    0x0800a5d4   0x0800a5d4   0x00000022   Code   RO         1955    .text.SDMMC_CmdReadSingleBlock  stm32u5xx_ll_sdmmc.o
    0x0800a5f6   0x0800a5f6   0x00000002   PAD
    0x0800a5f8   0x0800a5f8   0x00000022   Code   RO         1975    .text.SDMMC_CmdSelDesel  stm32u5xx_ll_sdmmc.o
    0x0800a61a   0x0800a61a   0x00000002   PAD
    0x0800a61c   0x0800a61c   0x000000ac   Code   RO         1993    .text.SDMMC_CmdSendCID  stm32u5xx_ll_sdmmc.o
    0x0800a6c8   0x0800a6c8   0x000000ac   Code   RO         1997    .text.SDMMC_CmdSendCSD  stm32u5xx_ll_sdmmc.o
    0x0800a774   0x0800a774   0x00000024   Code   RO         1991    .text.SDMMC_CmdSendSCR  stm32u5xx_ll_sdmmc.o
    0x0800a798   0x0800a798   0x00000022   Code   RO         2007    .text.SDMMC_CmdSendStatus  stm32u5xx_ll_sdmmc.o
    0x0800a7ba   0x0800a7ba   0x00000002   PAD
    0x0800a7bc   0x0800a7bc   0x000000e2   Code   RO         1999    .text.SDMMC_CmdSetRelAdd  stm32u5xx_ll_sdmmc.o
    0x0800a89e   0x0800a89e   0x00000002   PAD
    0x0800a8a0   0x0800a8a0   0x00000024   Code   RO         2009    .text.SDMMC_CmdStatusRegister  stm32u5xx_ll_sdmmc.o
    0x0800a8c4   0x0800a8c4   0x0000004e   Code   RO         1973    .text.SDMMC_CmdStopTransfer  stm32u5xx_ll_sdmmc.o
    0x0800a912   0x0800a912   0x00000002   PAD
    0x0800a914   0x0800a914   0x00000022   Code   RO         1961    .text.SDMMC_CmdWriteMultiBlock  stm32u5xx_ll_sdmmc.o
    0x0800a936   0x0800a936   0x00000002   PAD
    0x0800a938   0x0800a938   0x00000022   Code   RO         1959    .text.SDMMC_CmdWriteSingleBlock  stm32u5xx_ll_sdmmc.o
    0x0800a95a   0x0800a95a   0x00000002   PAD
    0x0800a95c   0x0800a95c   0x00000026   Code   RO         1941    .text.SDMMC_ConfigData  stm32u5xx_ll_sdmmc.o
    0x0800a982   0x0800a982   0x00000002   PAD
    0x0800a984   0x0800a984   0x0000017a   Code   RO         1951    .text.SDMMC_GetCmdResp1  stm32u5xx_ll_sdmmc.o
    0x0800aafe   0x0800aafe   0x00000002   PAD
    0x0800ab00   0x0800ab00   0x00000008   Code   RO         1933    .text.SDMMC_GetPowerState  stm32u5xx_ll_sdmmc.o
    0x0800ab08   0x0800ab08   0x00000006   Code   RO         1939    .text.SDMMC_GetResponse  stm32u5xx_ll_sdmmc.o
    0x0800ab0e   0x0800ab0e   0x00000002   PAD
    0x0800ab10   0x0800ab10   0x0000002a   Code   RO         1921    .text.SDMMC_Init    stm32u5xx_ll_sdmmc.o
    0x0800ab3a   0x0800ab3a   0x00000002   PAD
    0x0800ab3c   0x0800ab3c   0x0000000e   Code   RO         1927    .text.SDMMC_PowerState_ON  stm32u5xx_ll_sdmmc.o
    0x0800ab4a   0x0800ab4a   0x00000002   PAD
    0x0800ab4c   0x0800ab4c   0x00000006   Code   RO         1923    .text.SDMMC_ReadFIFO  stm32u5xx_ll_sdmmc.o
    0x0800ab52   0x0800ab52   0x00000002   PAD
    0x0800ab54   0x0800ab54   0x0000000c   Code   RO         1925    .text.SDMMC_WriteFIFO  stm32u5xx_ll_sdmmc.o
    0x0800ab60   0x0800ab60   0x000000ea   Code   RO         1885    .text.SD_FindSCR    stm32u5xx_hal_sd.o
    0x0800ac4a   0x0800ac4a   0x00000002   PAD
    0x0800ac4c   0x0800ac4c   0x0000002a   Code   RO          165    .text.SD_disk_initialize  sd_diskio.o
    0x0800ac76   0x0800ac76   0x00000002   PAD
    0x0800ac78   0x0800ac78   0x00000098   Code   RO          171    .text.SD_disk_ioctl  sd_diskio.o
    0x0800ad10   0x0800ad10   0x0000006e   Code   RO          167    .text.SD_disk_read  sd_diskio.o
    0x0800ad7e   0x0800ad7e   0x00000002   PAD
    0x0800ad80   0x0800ad80   0x0000002a   Code   RO          163    .text.SD_disk_status  sd_diskio.o
    0x0800adaa   0x0800adaa   0x00000002   PAD
    0x0800adac   0x0800adac   0x0000006e   Code   RO          169    .text.SD_disk_write  sd_diskio.o
    0x0800ae1a   0x0800ae1a   0x00000002   PAD
    0x0800ae1c   0x0800ae1c   0x000000ca   Code   RO          585    .text.SPI_CloseTransfer  stm32u5xx_hal_spi.o
    0x0800aee6   0x0800aee6   0x0000000a   PAD
    0x0800aef0   0x0800aef0   0x00000024   Code   RO         2699    .text.SVC_Handler   portasm.o
    0x0800af14   0x0800af14   0x000000bc   Code   RO           49    .text.StartH3lis100dlTask  app_freertos.o
    0x0800afd0   0x0800afd0   0x0000012c   Code   RO           53    .text.StartLoggerTask  app_freertos.o
    0x0800b0fc   0x0800b0fc   0x000000bc   Code   RO           47    .text.StartLsm6dsoxTask  app_freertos.o
    0x0800b1b8   0x0800b1b8   0x000000b8   Code   RO           51    .text.StartQma6100pTask  app_freertos.o
    0x0800b270   0x0800b270   0x0000001e   Code   RO         2708    .text.SysTick_Handler  cmsis_os2.o
    0x0800b28e   0x0800b28e   0x00000002   PAD
    0x0800b290   0x0800b290   0x0000004c   Code   RO         2271    .text.SystemInit    system_stm32u5xx.o
    0x0800b2dc   0x0800b2dc   0x0000000c   Code   RO           91    .text.TIM6_IRQHandler  stm32u5xx_it.o
    0x0800b2e8   0x0800b2e8   0x0000027a   Code   RO         1253    .text.TIM_Base_SetConfig  stm32u5xx_hal_tim.o
    0x0800b562   0x0800b562   0x00000002   PAD
    0x0800b564   0x0800b564   0x000000e8   Code   RO         1641    .text.UART_AdvFeatureConfig  stm32u5xx_hal_uart.o
    0x0800b64c   0x0800b64c   0x0000016e   Code   RO         1643    .text.UART_CheckIdleState  stm32u5xx_hal_uart.o
    0x0800b7ba   0x0800b7ba   0x00000002   PAD
    0x0800b7bc   0x0800b7bc   0x0000021a   Code   RO         1639    .text.UART_SetConfig  stm32u5xx_hal_uart.o
    0x0800b9d6   0x0800b9d6   0x00000002   PAD
    0x0800b9d8   0x0800b9d8   0x000002e0   Code   RO         1657    .text.UART_WaitOnFlagUntilTimeout  stm32u5xx_hal_uart.o
    0x0800bcb8   0x0800bcb8   0x00000020   Code   RO         2231    .text.USB_ActivateSetup  stm32u5xx_ll_usb.o
    0x0800bcd8   0x0800bcd8   0x00000104   Code   RO         2167    .text.USB_CoreInit  stm32u5xx_ll_usb.o
    0x0800bddc   0x0800bddc   0x0000001e   Code   RO         2215    .text.USB_DevDisconnect  stm32u5xx_ll_usb.o
    0x0800bdfa   0x0800bdfa   0x00000002   PAD
    0x0800bdfc   0x0800bdfc   0x0000031e   Code   RO         2179    .text.USB_DevInit   stm32u5xx_ll_usb.o
    0x0800c11a   0x0800c11a   0x00000002   PAD
    0x0800c11c   0x0800c11c   0x0000000e   Code   RO         2173    .text.USB_DisableGlobalInt  stm32u5xx_ll_usb.o
    0x0800c12a   0x0800c12a   0x00000002   PAD
    0x0800c12c   0x0800c12c   0x0000005a   Code   RO         2233    .text.USB_EP0_OutStart  stm32u5xx_ll_usb.o
    0x0800c186   0x0800c186   0x00000002   PAD
    0x0800c188   0x0800c188   0x00000112   Code   RO         2201    .text.USB_EPStopXfer  stm32u5xx_ll_usb.o
    0x0800c29a   0x0800c29a   0x00000002   PAD
    0x0800c29c   0x0800c29c   0x000000c2   Code   RO         2183    .text.USB_FlushTxFifo  stm32u5xx_ll_usb.o
    0x0800c35e   0x0800c35e   0x00000002   PAD
    0x0800c360   0x0800c360   0x0000001a   Code   RO         2187    .text.USB_GetDevSpeed  stm32u5xx_ll_usb.o
    0x0800c37a   0x0800c37a   0x00000002   PAD
    0x0800c37c   0x0800c37c   0x00000008   Code   RO         2177    .text.USB_GetMode   stm32u5xx_ll_usb.o
    0x0800c384   0x0800c384   0x0000000e   Code   RO         2223    .text.USB_ReadDevAllInEpInterrupt  stm32u5xx_ll_usb.o
    0x0800c392   0x0800c392   0x00000002   PAD
    0x0800c394   0x0800c394   0x0000000e   Code   RO         2221    .text.USB_ReadDevAllOutEpInterrupt  stm32u5xx_ll_usb.o
    0x0800c3a2   0x0800c3a2   0x00000002   PAD
    0x0800c3a4   0x0800c3a4   0x00000024   Code   RO         2227    .text.USB_ReadDevInEPInterrupt  stm32u5xx_ll_usb.o
    0x0800c3c8   0x0800c3c8   0x00000010   Code   RO         2225    .text.USB_ReadDevOutEPInterrupt  stm32u5xx_ll_usb.o
    0x0800c3d8   0x0800c3d8   0x00000008   Code   RO         2217    .text.USB_ReadInterrupts  stm32u5xx_ll_usb.o
    0x0800c3e0   0x0800c3e0   0x000000be   Code   RO         2203    .text.USB_ReadPacket  stm32u5xx_ll_usb.o
    0x0800c49e   0x0800c49e   0x00000002   PAD
    0x0800c4a0   0x0800c4a0   0x0000006a   Code   RO         2175    .text.USB_SetCurrentMode  stm32u5xx_ll_usb.o
    0x0800c50a   0x0800c50a   0x00000002   PAD
    0x0800c50c   0x0800c50c   0x00000120   Code   RO         2169    .text.USB_SetTurnaroundTime  stm32u5xx_ll_usb.o
    0x0800c62c   0x0800c62c   0x00000076   Code   RO         2199    .text.USB_WritePacket  stm32u5xx_ll_usb.o
    0x0800c6a2   0x0800c6a2   0x00000002   PAD
    0x0800c6a4   0x0800c6a4   0x00000002   Code   RO           87    .text.UsageFault_Handler  stm32u5xx_it.o
    0x0800c6a6   0x0800c6a6   0x00000002   PAD
    0x0800c6a8   0x0800c6a8   0x00000002   Code   RO           37    .text.configureTimerForRunTimeStats  app_freertos.o
    0x0800c6aa   0x0800c6aa   0x00000002   PAD
    0x0800c6ac   0x0800c6ac   0x0000011a   Code   RO         3011    .text.create_chain  ff.o
    0x0800c7c6   0x0800c7c6   0x00000002   PAD
    0x0800c7c8   0x0800c7c8   0x0000024e   Code   RO         3027    .text.dir_next      ff.o
    0x0800ca16   0x0800ca16   0x00000002   PAD
    0x0800ca18   0x0800ca18   0x00000230   Code   RO         3003    .text.dir_register  ff.o
    0x0800cc48   0x0800cc48   0x00000004   Code   RO         3056    .text.disk_initialize  diskio.o
    0x0800cc4c   0x0800cc4c   0x00000004   Code   RO         3062    .text.disk_ioctl    diskio.o
    0x0800cc50   0x0800cc50   0x00000004   Code   RO         3058    .text.disk_read     diskio.o
    0x0800cc54   0x0800cc54   0x00000004   Code   RO         3054    .text.disk_status   diskio.o
    0x0800cc58   0x0800cc58   0x00000004   Code   RO         3060    .text.disk_write    diskio.o
    0x0800cc5c   0x0800cc5c   0x00000030   Code   RO         2547    .text.eTaskConfirmSleepModeStatus  tasks.o
    0x0800cc8c   0x0800cc8c   0x00000080   Code   RO         2483    .text.eTaskGetState  tasks.o
    0x0800cd0c   0x0800cd0c   0x00000034   Code   RO         3017    .text.f_close       ff.o
    0x0800cd40   0x0800cd40   0x000002d8   Code   RO         3037    .text.f_mkdir       ff.o
    0x0800d018   0x0800d018   0x00000102   Code   RO         2995    .text.f_mount       ff.o
    0x0800d11a   0x0800d11a   0x00000002   PAD
    0x0800d11c   0x0800d11c   0x00000384   Code   RO         2999    .text.f_open        ff.o
    0x0800d4a0   0x0800d4a0   0x00000262   Code   RO         3007    .text.f_read        ff.o
    0x0800d702   0x0800d702   0x00000002   PAD
    0x0800d704   0x0800d704   0x000000b8   Code   RO         3029    .text.f_stat        ff.o
    0x0800d7bc   0x0800d7bc   0x0000012c   Code   RO         3013    .text.f_sync        ff.o
    0x0800d8e8   0x0800d8e8   0x00000296   Code   RO         3009    .text.f_write       ff.o
    0x0800db7e   0x0800db7e   0x00000002   PAD
    0x0800db80   0x0800db80   0x0000063a   Code   RO         2997    .text.find_volume   ff.o
    0x0800e1ba   0x0800e1ba   0x00000002   PAD
    0x0800e1bc   0x0800e1bc   0x0000058a   Code   RO         3001    .text.follow_path   ff.o
    0x0800e746   0x0800e746   0x00000002   PAD
    0x0800e748   0x0800e748   0x00000020   Code   RO          133    .text.fputc         usart.o
    0x0800e768   0x0800e768   0x00000004   Code   RO           39    .text.getRunTimeCounterValue  app_freertos.o
    0x0800e76c   0x0800e76c   0x000002ca   Code   RO         3005    .text.get_fat       ff.o
    0x0800ea36   0x0800ea36   0x00000002   PAD
    0x0800ea38   0x0800ea38   0x00000224   Code   RO           11    .text.main          main.o
    0x0800ec5c   0x0800ec5c   0x0000003e   Code   RO         2768    .text.osDelay       cmsis_os2.o
    0x0800ec9a   0x0800ec9a   0x00000002   PAD
    0x0800ec9c   0x0800ec9c   0x00000036   Code   RO         2724    .text.osKernelGetTickCount  cmsis_os2.o
    0x0800ecd2   0x0800ecd2   0x00000002   PAD
    0x0800ecd4   0x0800ecd4   0x0000004e   Code   RO         2710    .text.osKernelInitialize  cmsis_os2.o
    0x0800ed22   0x0800ed22   0x00000002   PAD
    0x0800ed24   0x0800ed24   0x0000005e   Code   RO         2716    .text.osKernelStart  cmsis_os2.o
    0x0800ed82   0x0800ed82   0x00000002   PAD
    0x0800ed84   0x0800ed84   0x00000070   Code   RO         2800    .text.osMutexAcquire  cmsis_os2.o
    0x0800edf4   0x0800edf4   0x000000a8   Code   RO         2798    .text.osMutexNew    cmsis_os2.o
    0x0800ee9c   0x0800ee9c   0x00000066   Code   RO         2802    .text.osMutexRelease  cmsis_os2.o
    0x0800ef02   0x0800ef02   0x00000002   PAD
    0x0800ef04   0x0800ef04   0x000000d4   Code   RO         2732    .text.osThreadNew   cmsis_os2.o
    0x0800efd8   0x0800efd8   0x00000052   Code   RO         2754    .text.osThreadTerminate  cmsis_os2.o
    0x0800f02a   0x0800f02a   0x00000002   PAD
    0x0800f02c   0x0800f02c   0x0000007e   Code   RO         2477    .text.prvAddCurrentTaskToDelayedList  tasks.o
    0x0800f0aa   0x0800f0aa   0x00000002   PAD
    0x0800f0ac   0x0800f0ac   0x00000296   Code   RO         2467    .text.prvAddNewTaskToReadyList  tasks.o
    0x0800f342   0x0800f342   0x00000002   PAD
    0x0800f344   0x0800f344   0x000000be   Code   RO         2501    .text.prvIdleTask   tasks.o
    0x0800f402   0x0800f402   0x00000002   PAD
    0x0800f404   0x0800f404   0x00000132   Code   RO         2465    .text.prvInitialiseNewTask  tasks.o
    0x0800f536   0x0800f536   0x00000002   PAD
    0x0800f538   0x0800f538   0x0000009c   Code   RO         2635    .text.prvSampleTimeNow  timers.o
    0x0800f5d4   0x0800f5d4   0x00000036   Code   RO         2665    .text.prvTaskExitError  port.o
    0x0800f60a   0x0800f60a   0x00000002   PAD
    0x0800f60c   0x0800f60c   0x000001fe   Code   RO         2599    .text.prvTimerTask  timers.o
    0x0800f80a   0x0800f80a   0x00000002   PAD
    0x0800f80c   0x0800f80c   0x00000074   Code   RO         2368    .text.prvUnlockQueue  queue.o
    0x0800f880   0x0800f880   0x00000330   Code   RO         3041    .text.put_fat       ff.o
    0x0800fbb0   0x0800fbb0   0x000001ee   Code   RO         2871    .text.pvPortMalloc  heap_4.o
    0x0800fd9e   0x0800fd9e   0x00000002   PAD
    0x0800fda0   0x0800fda0   0x00000018   Code   RO         2569    .text.pvTaskIncrementMutexHeldCount  tasks.o
    0x0800fdb8   0x0800fdb8   0x0000006e   Code   RO         2663    .text.pxPortInitialiseStack  port.o
    0x0800fe26   0x0800fe26   0x00000002   PAD
    0x0800fe28   0x0800fe28   0x000000dc   Code   RO         3015    .text.sync_fs       ff.o
    0x0800ff04   0x0800ff04   0x00000016   Code   RO         2693    .text.ulSetInterruptMask  portasm.o
    0x0800ff1a   0x0800ff1a   0x00000002   PAD
    0x0800ff1c   0x0800ff1c   0x00000024   Code   RO         2332    .text.uxListRemove  list.o
    0x0800ff40   0x0800ff40   0x0000001a   Code   RO         2854    .text.vApplicationGetIdleTaskMemory  cmsis_os2.o
    0x0800ff5a   0x0800ff5a   0x00000002   PAD
    0x0800ff5c   0x0800ff5c   0x0000001c   Code   RO         2856    .text.vApplicationGetTimerTaskMemory  cmsis_os2.o
    0x0800ff78   0x0800ff78   0x0000000e   Code   RO         2695    .text.vClearInterruptMask  portasm.o
    0x0800ff86   0x0800ff86   0x00000002   PAD
    0x0800ff88   0x0800ff88   0x00000016   Code   RO         2324    .text.vListInitialise  list.o
    0x0800ff9e   0x0800ff9e   0x00000002   PAD
    0x0800ffa0   0x0800ffa0   0x00000006   Code   RO         2326    .text.vListInitialiseItem  list.o
    0x0800ffa6   0x0800ffa6   0x00000002   PAD
    0x0800ffa8   0x0800ffa8   0x00000062   Code   RO         2330    .text.vListInsert   list.o
    0x0801000a   0x0801000a   0x00000002   PAD
    0x0801000c   0x0801000c   0x0000001c   Code   RO         2328    .text.vListInsertEnd  list.o
    0x08010028   0x08010028   0x0000001e   Code   RO         2655    .text.vPortEnterCritical  port.o
    0x08010046   0x08010046   0x00000002   PAD
    0x08010048   0x08010048   0x0000002e   Code   RO         2657    .text.vPortExitCritical  port.o
    0x08010076   0x08010076   0x00000002   PAD
    0x08010078   0x08010078   0x000000bc   Code   RO         2873    .text.vPortFree     heap_4.o
    0x08010134   0x08010134   0x00000036   Code   RO         2661    .text.vPortSVCHandler_C  port.o
    0x0801016a   0x0801016a   0x00000002   PAD
    0x0801016c   0x0801016c   0x00000058   Code   RO         2651    .text.vPortSetupTimerInterrupt  port.o
    0x080101c4   0x080101c4   0x00000106   Code   RO         2649    .text.vPortSuppressTicksAndSleep  port.o
    0x080102ca   0x080102ca   0x00000002   PAD
    0x080102cc   0x080102cc   0x00000018   Code   RO         2653    .text.vPortYield    port.o
    0x080102e4   0x080102e4   0x0000011e   Code   RO         2402    .text.vQueueAddToRegistry  queue.o
    0x08010402   0x08010402   0x00000002   PAD
    0x08010404   0x08010404   0x00000052   Code   RO         2406    .text.vQueueWaitForMessageRestricted  queue.o
    0x08010456   0x08010456   0x0000000a   PAD
    0x08010460   0x08010460   0x00000034   Code   RO         2683    .text.vRestoreContextOfFirstTask  portasm.o
    0x08010494   0x08010494   0x0000000c   PAD
    0x080104a0   0x080104a0   0x00000024   Code   RO         2691    .text.vStartFirstTask  portasm.o
    0x080104c4   0x080104c4   0x00000064   Code   RO         2481    .text.vTaskDelay    tasks.o
    0x08010528   0x08010528   0x000000c2   Code   RO         2471    .text.vTaskDelete   tasks.o
    0x080105ea   0x080105ea   0x00000002   PAD
    0x080105ec   0x080105ec   0x00000012   Code   RO         2537    .text.vTaskInternalSetTimeOutState  tasks.o
    0x080105fe   0x080105fe   0x00000002   PAD
    0x08010600   0x08010600   0x0000000e   Code   RO         2541    .text.vTaskMissedYield  tasks.o
    0x0801060e   0x0801060e   0x00000002   PAD
    0x08010610   0x08010610   0x0000002a   Code   RO         2525    .text.vTaskPlaceOnEventList  tasks.o
    0x0801063a   0x0801063a   0x00000002   PAD
    0x0801063c   0x0801063c   0x00000084   Code   RO         2529    .text.vTaskPlaceOnEventListRestricted  tasks.o
    0x080106c0   0x080106c0   0x0000009c   Code   RO         2561    .text.vTaskPriorityDisinheritAfterTimeout  tasks.o
    0x0801075c   0x0801075c   0x000000c0   Code   RO         2499    .text.vTaskStartScheduler  tasks.o
    0x0801081c   0x0801081c   0x00000024   Code   RO         2521    .text.vTaskStepTick  tasks.o
    0x08010840   0x08010840   0x00000010   Code   RO         2475    .text.vTaskSuspendAll  tasks.o
    0x08010850   0x08010850   0x000000bc   Code   RO         2493    .text.vTaskSwitchContext  tasks.o
    0x0801090c   0x0801090c   0x0000005c   Code   RO         2667    .text.xPortStartScheduler  port.o
    0x08010968   0x08010968   0x00000026   Code   RO         2659    .text.xPortSysTickHandler  port.o
    0x0801098e   0x0801098e   0x00000002   PAD
    0x08010990   0x08010990   0x00000074   Code   RO         2348    .text.xQueueCreateMutex  queue.o
    0x08010a04   0x08010a04   0x00000030   Code   RO         2350    .text.xQueueCreateMutexStatic  queue.o
    0x08010a34   0x08010a34   0x000000a0   Code   RO         2344    .text.xQueueGenericCreateStatic  queue.o
    0x08010ad4   0x08010ad4   0x000001c4   Code   RO         2358    .text.xQueueGenericSend  queue.o
    0x08010c98   0x08010c98   0x00000036   Code   RO         2356    .text.xQueueGiveMutexRecursive  queue.o
    0x08010cce   0x08010cce   0x00000002   PAD
    0x08010cd0   0x08010cd0   0x0000015a   Code   RO         2374    .text.xQueueReceive  queue.o
    0x08010e2a   0x08010e2a   0x00000002   PAD
    0x08010e2c   0x08010e2c   0x0000017a   Code   RO         2362    .text.xQueueSemaphoreTake  queue.o
    0x08010fa6   0x08010fa6   0x00000002   PAD
    0x08010fa8   0x08010fa8   0x0000003e   Code   RO         2360    .text.xQueueTakeMutexRecursive  queue.o
    0x08010fe6   0x08010fe6   0x00000002   PAD
    0x08010fe8   0x08010fe8   0x0000008a   Code   RO         2539    .text.xTaskCheckForTimeOut  tasks.o
    0x08011072   0x08011072   0x00000002   PAD
    0x08011074   0x08011074   0x00000060   Code   RO         2469    .text.xTaskCreate   tasks.o
    0x080110d4   0x080110d4   0x00000052   Code   RO         2463    .text.xTaskCreateStatic  tasks.o
    0x08011126   0x08011126   0x00000002   PAD
    0x08011128   0x08011128   0x0000000c   Code   RO         2553    .text.xTaskGetCurrentTaskHandle  tasks.o
    0x08011134   0x08011134   0x0000001e   Code   RO         2555    .text.xTaskGetSchedulerState  tasks.o
    0x08011152   0x08011152   0x00000002   PAD
    0x08011154   0x08011154   0x0000000c   Code   RO         2507    .text.xTaskGetTickCount  tasks.o
    0x08011160   0x08011160   0x0000000c   Code   RO         2509    .text.xTaskGetTickCountFromISR  tasks.o
    0x0801116c   0x0801116c   0x00000174   Code   RO         2505    .text.xTaskIncrementTick  tasks.o
    0x080112e0   0x080112e0   0x0000008a   Code   RO         2559    .text.xTaskPriorityDisinherit  tasks.o
    0x0801136a   0x0801136a   0x00000002   PAD
    0x0801136c   0x0801136c   0x000000a6   Code   RO         2557    .text.xTaskPriorityInherit  tasks.o
    0x08011412   0x08011412   0x00000002   PAD
    0x08011414   0x08011414   0x000000f8   Code   RO         2531    .text.xTaskRemoveFromEventList  tasks.o
    0x0801150c   0x0801150c   0x0000014a   Code   RO         2479    .text.xTaskResumeAll  tasks.o
    0x08011656   0x08011656   0x00000002   PAD
    0x08011658   0x08011658   0x000000ac   Code   RO         2597    .text.xTimerCreateTimerTask  timers.o
    0x08011704   0x08011704   0x00000020   Code   RO         3326    i.__0printf         mc_w.l(printfa.o)
    0x08011724   0x08011724   0x00000034   Code   RO         3327    i.__0snprintf       mc_w.l(printfa.o)
    0x08011758   0x08011758   0x0000000e   Code   RO         3405    i.__scatterload_copy  mc_w.l(handlers.o)
    0x08011766   0x08011766   0x00000002   Code   RO         3406    i.__scatterload_null  mc_w.l(handlers.o)
    0x08011768   0x08011768   0x0000000e   Code   RO         3407    i.__scatterload_zeroinit  mc_w.l(handlers.o)
    0x08011776   0x08011776   0x00000002   PAD
    0x08011778   0x08011778   0x00000184   Code   RO         3333    i._fp_digits        mc_w.l(printfa.o)
    0x080118fc   0x080118fc   0x000006dc   Code   RO         3334    i._printf_core      mc_w.l(printfa.o)
    0x08011fd8   0x08011fd8   0x00000024   Code   RO         3335    i._printf_post_padding  mc_w.l(printfa.o)
    0x08011ffc   0x08011ffc   0x0000002e   Code   RO         3336    i._printf_pre_padding  mc_w.l(printfa.o)
    0x0801202a   0x0801202a   0x00000016   Code   RO         3337    i._snputc           mc_w.l(printfa.o)
    0x08012040   0x08012040   0x00000024   Code   RO         3075    i.puts              mc_w.l(puts.o)
    0x08012064   0x08012064   0x00000006   Data   RO         2923    .rodata..L__const.LSM6DSOX_Init.default_cfg  lsm6dsox.o
    0x0801206a   0x0801206a   0x00000002   PAD
    0x0801206c   0x0801206c   0x00000050   Data   RO          202    .rodata..Lswitch.table.FatFs_SD_RunPhaseBSmokeTest.44  fatfs_sd.o
    0x080120bc   0x080120bc   0x0000004c   Data   RO          203    .rodata..Lswitch.table.FatFs_SD_RunPhaseBSmokeTest.48  fatfs_sd.o
    0x08012108   0x08012108   0x00000010   Data   RO         2276    .rodata.AHBPrescTable  system_stm32u5xx.o
    0x08012118   0x08012118   0x00000008   Data   RO         2277    .rodata.APBPrescTable  system_stm32u5xx.o
    0x08012120   0x08012120   0x00000080   Data   RO         3043    .rodata.ExCvt       ff.o
    0x080121a0   0x080121a0   0x00000135   Data   RO          200    .rodata.FatFs_SD_LoggerStart.kCsvHeader  fatfs_sd.o
    0x080122d5   0x080122d5   0x00000018   Data   RO          201    .rodata.FatFs_SD_RunPhaseBSmokeTest.kTestText  fatfs_sd.o
    0x080122ed   0x080122ed   0x00000003   PAD
    0x080122f0   0x080122f0   0x00000080   Data   RO          920    .rodata.LPGPIO_Map  stm32u5xx_hal_gpio.o
    0x08012370   0x08012370   0x00000040   Data   RO         2278    .rodata.MSIRangeTable  system_stm32u5xx.o
    0x080123b0   0x080123b0   0x00000018   Data   RO         1769    .rodata.UARTPrescTable  stm32u5xx_hal_uart.o
    0x080123c8   0x080123c8   0x00000010   Data   RO         1814    .rodata.cst8        stm32u5xx_hal_uart_ex.o
    0x080123d8   0x080123d8   0x00000024   Data   RO           58    .rodata.h3lis100dlTask_attributes  app_freertos.o
    0x080123fc   0x080123fc   0x00000024   Data   RO           59    .rodata.loggerTask_attributes  app_freertos.o
    0x08012420   0x08012420   0x00000024   Data   RO           56    .rodata.lsm6dsoxTask_attributes  app_freertos.o
    0x08012444   0x08012444   0x00000024   Data   RO           57    .rodata.qma6100pTask_attributes  app_freertos.o
    0x08012468   0x08012468   0x00000010   Data   RO           60    .rodata.snapshot_mutex_attr  app_freertos.o
    0x08012478   0x08012478   0x00000010   Data   RO           61    .rodata.spi2_mutex_attr  app_freertos.o
    0x08012488   0x08012488   0x00000236   Data   RO           19    .rodata.str1.1      main.o
    0x080126be   0x080126be   0x0000006c   Data   RO           55    .rodata.str1.1      app_freertos.o
    0x0801272a   0x0801272a   0x0000034e   Data   RO          197    .rodata.str1.1      fatfs_sd.o
    0x08012a78   0x08012a78   0x00000005   Data   RO         2639    .rodata.str1.1      timers.o
    0x08012a7d   0x08012a7d   0x00000050   Data   RO         2924    .rodata.str1.1      lsm6dsox.o
    0x08012acd   0x08012acd   0x0000031a   Data   RO         2957    .rodata.str1.1      qma6100p.o
    0x08012de7   0x08012de7   0x00000338   Data   RO         2986    .rodata.str1.1      h3lis100dl.o
    0x0801311f   0x0801311f   0x0000000f   Data   RO         3044    .rodata.str1.1      ff.o
    0x0801312e   0x0801312e   0x00000002   PAD
    0x08013130   0x08013130   0x00000004   Data   RO         2585    .rodata.uxTopUsedPriority  tasks.o
    0x08013134   0x08013134   0x00000020   Data   RO         3404    Region$$Table       anon$$obj.o


    Execution Region RW_IRAM1 (Exec base: 0x20000000, Load base: 0x08013158, Size: 0x00005de8, Max: 0x000c0000, ABSOLUTE)

    Exec Addr    Load Addr    Size         Type   Attr      Idx    E Section Name        Object

    0x20000000   0x08013158   0x00000004   Data   RW         3370    .data               mc_w.l(stdout.o)
    0x20000004   0x0801315c   0x00000008   Data   RW          393    .data..L_MergedGlobals  stm32u5xx_hal.o
    0x2000000c   0x08013164   0x00000008   Data   RW         2925    .data..L_MergedGlobals  lsm6dsox.o
    0x20000014   0x0801316c   0x00000004   Data   RW         2275    .data.SystemCoreClock  system_stm32u5xx.o
    0x20000018   0x08013170   0x00000004   Data   RW         2673    .data.ulCriticalNesting  port.o
    0x2000001c   0x08013174   0x00000004   PAD
    0x20000020        -       0x00000070   Zero   RW           62    .bss..L_MergedGlobals  app_freertos.o
    0x20000090        -       0x00000022   Zero   RW          204    .bss..L_MergedGlobals  fatfs_sd.o
    0x200000b2   0x08013174   0x00000002   PAD
    0x200000b4        -       0x0000006c   Zero   RW         2587    .bss..L_MergedGlobals  tasks.o
    0x20000120        -       0x0000003c   Zero   RW         2640    .bss..L_MergedGlobals  timers.o
    0x2000015c        -       0x0000000c   Zero   RW         2674    .bss..L_MergedGlobals  port.o
    0x20000168        -       0x00000020   Zero   RW         2884    .bss..L_MergedGlobals  heap_4.o
    0x20000188        -       0x00000008   Zero   RW         3045    .bss..L_MergedGlobals  ff.o
    0x20000190        -       0x0000003c   Zero   RW         2588    .bss..L_MergedGlobals.4  tasks.o
    0x200001cc        -       0x00000004   Zero   RW         2858    .bss.KernelState    cmsis_os2.o
    0x200001d0        -       0x00000228   Zero   RW          199    .bss.g_log_file     fatfs_sd.o
    0x200003f8        -       0x0000000a   Zero   RW         2956    .bss.g_qma          qma6100p.o
    0x20000402   0x08013174   0x00000002   PAD
    0x20000404        -       0x00000230   Zero   RW          198    .bss.g_sd_fatfs     fatfs_sd.o
    0x20000634        -       0x000004e4   Zero   RW          219    .bss.hpcd_USB_OTG_FS  usb_otg.o
    0x20000b18        -       0x0000007c   Zero   RW          154    .bss.hsd1           sdmmc.o
    0x20000b94        -       0x00000090   Zero   RW         2898    .bss.hspi1          bsp_spi.o
    0x20000c24        -       0x00000090   Zero   RW         2899    .bss.hspi2          bsp_spi.o
    0x20000cb4        -       0x0000004c   Zero   RW          118    .bss.htim6          stm32u5xx_hal_timebase_tim.o
    0x20000d00        -       0x00000094   Zero   RW          137    .bss.huart1         usart.o
    0x20000d94        -       0x000000a0   Zero   RW         2638    .bss.prvCheckForValidListAndQueue.ucStaticTimerQueueStorage  timers.o
    0x20000e34        -       0x00000050   Zero   RW         2637    .bss.prvCheckForValidListAndQueue.xStaticTimerQueue  timers.o
    0x20000e84        -       0x00000460   Zero   RW         2586    .bss.pxReadyTasksLists  tasks.o
    0x200012e4        -       0x00004000   Zero   RW         2883    .bss.ucHeap         heap_4.o
    0x200052e4        -       0x00000004   Zero   RW          392    .bss.uwTick         stm32u5xx_hal.o
    0x200052e8        -       0x00000200   Zero   RW         2860    .bss.vApplicationGetIdleTaskMemory.Idle_Stack  cmsis_os2.o
    0x200054e8        -       0x00000060   Zero   RW         2859    .bss.vApplicationGetIdleTaskMemory.Idle_TCB  cmsis_os2.o
    0x20005548        -       0x00000400   Zero   RW         2862    .bss.vApplicationGetTimerTaskMemory.Timer_Stack  cmsis_os2.o
    0x20005948        -       0x00000060   Zero   RW         2861    .bss.vApplicationGetTimerTaskMemory.Timer_TCB  cmsis_os2.o
    0x200059a8        -       0x00000040   Zero   RW         2408    .bss.xQueueRegistry  queue.o
    0x200059e8        -       0x00000400   Zero   RW            1    STACK               startup_stm32u575xx.o


==============================================================================

Image component sizes


      Code (inc. data)   RO Data    RW Data    ZI Data      Debug   Object Name

      1006        224        284          0        112       7232   app_freertos.o
       566          0          0          0        288       7214   bsp_spi.o
      1048          0          0          0       1732      61340   cmsis_os2.o
        20          0          0          0          0       1720   diskio.o
      2774        238       1335          0       1146      10090   fatfs_sd.o
      9888          0        143          0          8      58614   ff.o
        66          0          0          0          0       2739   gpio.o
      3954        292        824          0          0      19097   h3lis100dl.o
       682          0          0          0      16416       5539   heap_4.o
        50          0          0          0          0        941   icache.o
       190          0          0          0          0       2352   list.o
      2084         84         86          8          0       8756   lsm6dsox.o
       578        132        566          0          0       7317   main.o
       798          0          0          4         12       4579   port.o
       260         16          0          0          0       1354   portasm.o
      5658        200        794          0         10      21317   qma6100p.o
      2100          0          0          0         64      25899   queue.o
       456          4          0          0          0       3592   sd_diskio.o
       314          0          0          0        124       9701   sdmmc.o
        40         10        568          0       1024        864   startup_stm32u575xx.o
       164          0          0          8          4      11744   stm32u5xx_hal.o
       150          0          0          0          0      14123   stm32u5xx_hal_cortex.o
       560          0        128          0          0       7065   stm32u5xx_hal_gpio.o
       144          0          0          0          0       6459   stm32u5xx_hal_icache.o
        52          0          0          0          0       5040   stm32u5xx_hal_msp.o
      3196          0          0          0          0      17280   stm32u5xx_hal_pcd.o
        40          0          0          0          0       6219   stm32u5xx_hal_pcd_ex.o
       354          0          0          0          0      14727   stm32u5xx_hal_pwr_ex.o
      4300         12          0          0          0      15492   stm32u5xx_hal_rcc.o
      6044        294          0          0          0      22375   stm32u5xx_hal_rcc_ex.o
      4298          0          0          0          0      26858   stm32u5xx_hal_sd.o
      2670          0          0          0          0      24672   stm32u5xx_hal_spi.o
      1538          0          0          0          0      75187   stm32u5xx_hal_tim.o
        14          0          0          0          0      32931   stm32u5xx_hal_tim_ex.o
       162          0          0          0         76       9803   stm32u5xx_hal_timebase_tim.o
      2198          0         24          0          0      38674   stm32u5xx_hal_uart.o
       334          0         16          0          0      12948   stm32u5xx_hal_uart_ex.o
        48          0          0          0          0       9070   stm32u5xx_it.o
      1962          0          0          0          0      30023   stm32u5xx_ll_sdmmc.o
      2516          0          0          0          0      32247   stm32u5xx_ll_usb.o
        76          0         88          4          0       4259   system_stm32u5xx.o
      4208          8          4          0       1288      46933   tasks.o
       838         18          5          0        300      15653   timers.o
       314          0          0          0        148       9287   usart.o
       266          0          0          0       1252      10245   usb_otg.o

    ----------------------------------------------------------------------
     69360       1544       4904         24      24012     759571   Object Totals
         0          0         32          0          0          0   (incl. Generated)
       382         12          7          0          8          0   (incl. Padding)

    ----------------------------------------------------------------------

      Code (inc. data)   RO Data    RW Data    ZI Data      Debug   Library Member Name

         0          0          0          0          0          0   entry.o
         0          0          0          0          0          0   entry10a.o
         0          0          0          0          0          0   entry11a.o
         8          4          0          0          0          0   entry2.o
         4          0          0          0          0          0   entry5.o
         0          0          0          0          0          0   entry7b.o
         0          0          0          0          0          0   entry8b.o
         8          4          0          0          0          0   entry9a.o
        30          0          0          0          0          0   handlers.o
        36          8          0          0          0         68   init.o
         0          0          0          0          0          0   iusefp.o
        30          0          0          0          0         68   llshl.o
        36          0          0          0          0         68   llsshr.o
        32          0          0          0          0         68   llushr.o
        26          0          0          0          0         80   memcmp.o
        36          0          0          0          0         68   memcpya.o
        36          0          0          0          0        108   memseta.o
      2332         94          0          0          0        608   printfa.o
        36          6          0          0          0         80   puts.o
         0          0          0          4          0          0   stdout.o
        44          0          0          0          0         80   uidiv.o
        98          0          0          0          0         92   uldiv.o
        48          0          0          0          0         68   cdrcmple.o
       334          0          0          0          0        148   dadd.o
       222          0          0          0          0        100   ddiv.o
       186          0          0          0          0        176   depilogue.o
        48          0          0          0          0         68   dfixul.o
       228          0          0          0          0         96   dmul.o
        38          0          0          0          0         68   f2d.o

    ----------------------------------------------------------------------
      3900        116          0          4          0       2112   Library Totals
         4          0          0          0          0          0   (incl. Padding)

    ----------------------------------------------------------------------

      Code (inc. data)   RO Data    RW Data    ZI Data      Debug   Library Name

      2792        116          0          4          0       1388   mc_w.l
      1104          0          0          0          0        724   mf_w.l

    ----------------------------------------------------------------------
      3900        116          0          4          0       2112   Library Totals

    ----------------------------------------------------------------------

==============================================================================


      Code (inc. data)   RO Data    RW Data    ZI Data      Debug   

     73260       1660       4904         28      24012     759935   Grand Totals
     73260       1660       4904         28      24012     759935   ELF Image Totals
     73260       1660       4904         28          0          0   ROM Totals

==============================================================================

    Total RO  Size (Code + RO Data)                78164 (  76.33kB)
    Total RW  Size (RW Data + ZI Data)             24040 (  23.48kB)
    Total ROM Size (Code + RO Data + RW Data)      78192 (  76.36kB)

==============================================================================

