<html>
<body>
<pre>
<h1>µVision Build Log</h1>
<h2>Tool Versions:</h2>
IDE-Version: ¦ÌVision V5.36.0.0
Copyright (C) 2021 ARM Ltd and ARM Germany GmbH. All rights reserved.
License Information: 1 Q1, 11, LIC=YA39H-W9YYA-74SS0-BE1EP-JXCRS-3VUYB
 
Tool Versions:
Toolchain:       MDK-ARM Plus  Version: 5.36.0.0
Toolchain Path:  C:\Keil_v5\ARM\ARMCLANG\Bin
C Compiler:      ArmClang.exe V6.16
Assembler:       Armasm.exe V6.16
Linker/Locator:  ArmLink.exe V6.16
Library Manager: ArmAr.exe V6.16
Hex Converter:   FromElf.exe V6.16
CPU DLL:         
Dialog DLL:      
Target DLL:      Segger\JL2CM3.dll V2.99.40.0
Dialog DLL:      TCM.DLL V1.53.0.0
 
<h2>Project:</h2>
D:\ChengKe\Sensor_1\Test_Project\01-1_stm32u575_freertos_blink\MDK-ARM\01-1_stm32u575_freertos_blink.uvprojx
Project File Date:  03/25/2026

<h2>Output:</h2>
*** Using Compiler 'V6.16', folder: 'C:\Keil_v5\ARM\ARMCLANG\Bin'
Rebuild target '01-1_stm32u575_freertos_blink'
compiling stm32u5xx_hal_spi_ex.c...
compiling stm32u5xx_hal_msp.c...
compiling stm32u5xx_it.c...
compiling icache.c...
compiling stm32u5xx_hal_timebase_tim.c...
assembling startup_stm32u575xx.s...
compiling main.c...
compiling stm32u5xx_hal_flash.c...
compiling gpio.c...
compiling stm32u5xx_hal_icache.c...
compiling stm32u5xx_hal_cortex.c...
compiling stm32u5xx_hal.c...
compiling stm32u5xx_hal_i2c_ex.c...
compiling usart.c...
compiling stm32u5xx_hal_rcc.c...
compiling app_freertos.c...
compiling stm32u5xx_hal_flash_ex.c...
compiling stm32u5xx_hal_gpio.c...
compiling stm32u5xx_hal_exti.c...
compiling stm32u5xx_hal_gtzc.c...
compiling stm32u5xx_hal_pwr.c...
compiling stm32u5xx_hal_rcc_ex.c...
compiling stm32u5xx_hal_spi.c...
compiling stm32u5xx_hal_dma.c...
compiling croutine.c...
compiling list.c...
compiling system_stm32u5xx.c...
compiling event_groups.c...
compiling stm32u5xx_hal_pwr_ex.c...
compiling stm32u5xx_hal_uart_ex.c...
compiling portasm.c...
compiling port.c...
compiling timers.c...
compiling queue.c...
compiling stream_buffer.c...
compiling stm32u5xx_hal_tim_ex.c...
compiling stm32u5xx_hal_i2c.c...
compiling heap_4.c...
compiling user_app.c...
compiling bsp_spi.c...
compiling stm32u5xx_hal_dma_ex.c...
compiling lsm6dsox.c...
compiling h3lis100dl.c...
compiling stm32u5xx_hal_uart.c...
compiling qma6100p.c...
compiling tasks.c...
compiling cmsis_os2.c...
compiling stm32u5xx_hal_tim.c...
linking...
Program Size: Code=42620 RO-data=3252 RW-data=28 ZI-data=21404  
FromELF: creating hex file...
"01-1_stm32u575_freertos_blink\01-1_stm32u575_freertos_blink.axf" - 0 Error(s), 0 Warning(s).

<h2>Software Packages used:</h2>

Package Vendor: ARM
                http://www.keil.com/pack/ARM.CMSIS.5.8.0.pack
                ARM.CMSIS.5.8.0
                CMSIS (Common Microcontroller Software Interface Standard)
   * Component: CORE Version: 5.5.0

Package Vendor: Keil
                http://www.keil.com/pack/Keil.STM32U5xx_DFP.1.1.0.pack
                Keil.STM32U5xx_DFP.1.1.0
                STMicroelectronics STM32U5 Series Device Support

<h2>Collection of Component include folders:</h2>
  .\RTE\_01-1_stm32u575_freertos_blink
  C:\Users\Q1\AppData\Local\Arm\Packs\ARM\CMSIS\5.8.0\CMSIS\Core\Include
  C:\Users\Q1\AppData\Local\Arm\Packs\Keil\STM32U5xx_DFP\1.1.0\Drivers\CMSIS\Device\ST\STM32U5xx\Include

<h2>Collection of Component Files used:</h2>

   * Component: ARM::CMSIS:CORE:5.5.0
      Include file:  CMSIS\Core\Include\tz_context.h
Build Time Elapsed:  00:00:04
</pre>
</body>
</html>
